<!doctype html public "-//w3c//dtd html 4.0 transitional//en">
<html><head>
<title>Static Call Graph - [.\Objects\c8t6.axf]</title></head>
<body><HR>
<H1>Static Call Graph for image .\Objects\c8t6.axf</H1><HR>
<BR><P>#&#060CALLGRAPH&#062# ARM Linker, 6120001: Last Updated: Tue Jun 11 17:25:25 2019
<BR><P>
<H3>Maximum Stack Usage =        460 bytes + Unknown(Cycles, Untraceable Function Pointers)</H3><H3>
Call chain for Maximum Stack Depth:</H3>
main &rArr; tasks &rArr; snmpd_run &rArr; parseSNMPMessage &rArr; parseVersion &rArr; parseCommunity &rArr; parseRequest &rArr; parseSequenceOf &rArr; parseSequence &rArr; parseVarBind &rArr; findEntry &rArr; memcmp
<P>
<H3>
Mutually Recursive functions
</H3> <LI><a href="#[23]">ADC1_2_IRQHandler</a>&nbsp;&nbsp;&nbsp;&rArr;&nbsp;&nbsp;&nbsp;<a href="#[23]">ADC1_2_IRQHandler</a><BR>
 <LI><a href="#[b]">BusFault_Handler</a>&nbsp;&nbsp;&nbsp;&rArr;&nbsp;&nbsp;&nbsp;<a href="#[b]">BusFault_Handler</a><BR>
 <LI><a href="#[9]">HardFault_Handler</a>&nbsp;&nbsp;&nbsp;&rArr;&nbsp;&nbsp;&nbsp;<a href="#[9]">HardFault_Handler</a><BR>
 <LI><a href="#[a]">MemManage_Handler</a>&nbsp;&nbsp;&nbsp;&rArr;&nbsp;&nbsp;&nbsp;<a href="#[a]">MemManage_Handler</a><BR>
 <LI><a href="#[c]">UsageFault_Handler</a>&nbsp;&nbsp;&nbsp;&rArr;&nbsp;&nbsp;&nbsp;<a href="#[c]">UsageFault_Handler</a><BR>
</UL>
<P>
<H3>
Function Pointers
</H3><UL>
 <LI><a href="#[23]">ADC1_2_IRQHandler</a> from startup_stm32f10x_md.o(.text) referenced from startup_stm32f10x_md.o(RESET)
 <LI><a href="#[b]">BusFault_Handler</a> from stm32f10x_it.o(.text.BusFault_Handler) referenced from startup_stm32f10x_md.o(RESET)
 <LI><a href="#[26]">CAN1_RX1_IRQHandler</a> from startup_stm32f10x_md.o(.text) referenced from startup_stm32f10x_md.o(RESET)
 <LI><a href="#[27]">CAN1_SCE_IRQHandler</a> from startup_stm32f10x_md.o(.text) referenced from startup_stm32f10x_md.o(RESET)
 <LI><a href="#[1c]">DMA1_Channel1_IRQHandler</a> from startup_stm32f10x_md.o(.text) referenced from startup_stm32f10x_md.o(RESET)
 <LI><a href="#[1d]">DMA1_Channel2_IRQHandler</a> from startup_stm32f10x_md.o(.text) referenced from startup_stm32f10x_md.o(RESET)
 <LI><a href="#[1e]">DMA1_Channel3_IRQHandler</a> from startup_stm32f10x_md.o(.text) referenced from startup_stm32f10x_md.o(RESET)
 <LI><a href="#[1f]">DMA1_Channel4_IRQHandler</a> from startup_stm32f10x_md.o(.text) referenced from startup_stm32f10x_md.o(RESET)
 <LI><a href="#[20]">DMA1_Channel5_IRQHandler</a> from startup_stm32f10x_md.o(.text) referenced from startup_stm32f10x_md.o(RESET)
 <LI><a href="#[21]">DMA1_Channel6_IRQHandler</a> from startup_stm32f10x_md.o(.text) referenced from startup_stm32f10x_md.o(RESET)
 <LI><a href="#[22]">DMA1_Channel7_IRQHandler</a> from startup_stm32f10x_md.o(.text) referenced from startup_stm32f10x_md.o(RESET)
 <LI><a href="#[e]">DebugMon_Handler</a> from stm32f10x_it.o(.text.DebugMon_Handler) referenced from startup_stm32f10x_md.o(RESET)
 <LI><a href="#[17]">EXTI0_IRQHandler</a> from startup_stm32f10x_md.o(.text) referenced from startup_stm32f10x_md.o(RESET)
 <LI><a href="#[39]">EXTI15_10_IRQHandler</a> from startup_stm32f10x_md.o(.text) referenced from startup_stm32f10x_md.o(RESET)
 <LI><a href="#[18]">EXTI1_IRQHandler</a> from startup_stm32f10x_md.o(.text) referenced from startup_stm32f10x_md.o(RESET)
 <LI><a href="#[19]">EXTI2_IRQHandler</a> from startup_stm32f10x_md.o(.text) referenced from startup_stm32f10x_md.o(RESET)
 <LI><a href="#[1a]">EXTI3_IRQHandler</a> from c8t6f2fucn.o(.text.EXTI3_IRQHandler) referenced from startup_stm32f10x_md.o(RESET)
 <LI><a href="#[1b]">EXTI4_IRQHandler</a> from startup_stm32f10x_md.o(.text) referenced from startup_stm32f10x_md.o(RESET)
 <LI><a href="#[28]">EXTI9_5_IRQHandler</a> from startup_stm32f10x_md.o(.text) referenced from startup_stm32f10x_md.o(RESET)
 <LI><a href="#[15]">FLASH_IRQHandler</a> from startup_stm32f10x_md.o(.text) referenced from startup_stm32f10x_md.o(RESET)
 <LI><a href="#[3f]">GPIO_Init</a> from stm32f10x_gpio.o(.text.GPIO_Init) referenced from w5500lib_init.o(.text.W5500_GPIO_Init2)
 <LI><a href="#[9]">HardFault_Handler</a> from stm32f10x_it.o(.text.HardFault_Handler) referenced from startup_stm32f10x_md.o(RESET)
 <LI><a href="#[31]">I2C1_ER_IRQHandler</a> from startup_stm32f10x_md.o(.text) referenced from startup_stm32f10x_md.o(RESET)
 <LI><a href="#[30]">I2C1_EV_IRQHandler</a> from startup_stm32f10x_md.o(.text) referenced from startup_stm32f10x_md.o(RESET)
 <LI><a href="#[33]">I2C2_ER_IRQHandler</a> from startup_stm32f10x_md.o(.text) referenced from startup_stm32f10x_md.o(RESET)
 <LI><a href="#[32]">I2C2_EV_IRQHandler</a> from startup_stm32f10x_md.o(.text) referenced from startup_stm32f10x_md.o(RESET)
 <LI><a href="#[a]">MemManage_Handler</a> from stm32f10x_it.o(.text.MemManage_Handler) referenced from startup_stm32f10x_md.o(RESET)
 <LI><a href="#[8]">NMI_Handler</a> from stm32f10x_it.o(.text.NMI_Handler) referenced from startup_stm32f10x_md.o(RESET)
 <LI><a href="#[12]">PVD_IRQHandler</a> from startup_stm32f10x_md.o(.text) referenced from startup_stm32f10x_md.o(RESET)
 <LI><a href="#[f]">PendSV_Handler</a> from stm32f10x_it.o(.text.PendSV_Handler) referenced from startup_stm32f10x_md.o(RESET)
 <LI><a href="#[16]">RCC_IRQHandler</a> from startup_stm32f10x_md.o(.text) referenced from startup_stm32f10x_md.o(RESET)
 <LI><a href="#[3a]">RTCAlarm_IRQHandler</a> from startup_stm32f10x_md.o(.text) referenced from startup_stm32f10x_md.o(RESET)
 <LI><a href="#[14]">RTC_IRQHandler</a> from startup_stm32f10x_md.o(.text) referenced from startup_stm32f10x_md.o(RESET)
 <LI><a href="#[7]">Reset_Handler</a> from startup_stm32f10x_md.o(.text) referenced from startup_stm32f10x_md.o(RESET)
 <LI><a href="#[34]">SPI1_IRQHandler</a> from startup_stm32f10x_md.o(.text) referenced from startup_stm32f10x_md.o(RESET)
 <LI><a href="#[35]">SPI2_IRQHandler</a> from startup_stm32f10x_md.o(.text) referenced from startup_stm32f10x_md.o(RESET)
 <LI><a href="#[d]">SVC_Handler</a> from stm32f10x_it.o(.text.SVC_Handler) referenced from startup_stm32f10x_md.o(RESET)
 <LI><a href="#[10]">SysTick_Handler</a> from stm32f10x_it.o(.text.SysTick_Handler) referenced from startup_stm32f10x_md.o(RESET)
 <LI><a href="#[3d]">SystemInit</a> from system_stm32f10x.o(.text.SystemInit) referenced from startup_stm32f10x_md.o(.text)
 <LI><a href="#[13]">TAMPER_IRQHandler</a> from startup_stm32f10x_md.o(.text) referenced from startup_stm32f10x_md.o(RESET)
 <LI><a href="#[29]">TIM1_BRK_IRQHandler</a> from startup_stm32f10x_md.o(.text) referenced from startup_stm32f10x_md.o(RESET)
 <LI><a href="#[2c]">TIM1_CC_IRQHandler</a> from startup_stm32f10x_md.o(.text) referenced from startup_stm32f10x_md.o(RESET)
 <LI><a href="#[2b]">TIM1_TRG_COM_IRQHandler</a> from startup_stm32f10x_md.o(.text) referenced from startup_stm32f10x_md.o(RESET)
 <LI><a href="#[2a]">TIM1_UP_IRQHandler</a> from startup_stm32f10x_md.o(.text) referenced from startup_stm32f10x_md.o(RESET)
 <LI><a href="#[2d]">TIM2_IRQHandler</a> from stm32f10x_it.o(.text.TIM2_IRQHandler) referenced from startup_stm32f10x_md.o(RESET)
 <LI><a href="#[2e]">TIM3_IRQHandler</a> from stm32f10x_it.o(.text.TIM3_IRQHandler) referenced from startup_stm32f10x_md.o(RESET)
 <LI><a href="#[2f]">TIM4_IRQHandler</a> from startup_stm32f10x_md.o(.text) referenced from startup_stm32f10x_md.o(RESET)
 <LI><a href="#[36]">USART1_IRQHandler</a> from stm32f10x_it.o(.text.USART1_IRQHandler) referenced from startup_stm32f10x_md.o(RESET)
 <LI><a href="#[37]">USART2_IRQHandler</a> from stm32f10x_it.o(.text.USART2_IRQHandler) referenced from startup_stm32f10x_md.o(RESET)
 <LI><a href="#[38]">USART3_IRQHandler</a> from startup_stm32f10x_md.o(.text) referenced from startup_stm32f10x_md.o(RESET)
 <LI><a href="#[3b]">USBWakeUp_IRQHandler</a> from startup_stm32f10x_md.o(.text) referenced from startup_stm32f10x_md.o(RESET)
 <LI><a href="#[24]">USB_HP_CAN1_TX_IRQHandler</a> from startup_stm32f10x_md.o(.text) referenced from startup_stm32f10x_md.o(RESET)
 <LI><a href="#[25]">USB_LP_CAN1_RX0_IRQHandler</a> from startup_stm32f10x_md.o(.text) referenced from startup_stm32f10x_md.o(RESET)
 <LI><a href="#[c]">UsageFault_Handler</a> from stm32f10x_it.o(.text.UsageFault_Handler) referenced from startup_stm32f10x_md.o(RESET)
 <LI><a href="#[49]">WIZCHIP_READ</a> from w5500.o(.text.WIZCHIP_READ) referenced from wizchip_conf.o(.text.wizchip_gettimeout)
 <LI><a href="#[4b]">WIZCHIP_READ_BUF</a> from w5500.o(.text.WIZCHIP_READ_BUF) referenced from wizchip_conf.o(.text.wizchip_sw_reset)
 <LI><a href="#[4a]">WIZCHIP_WRITE</a> from w5500.o(.text.WIZCHIP_WRITE) referenced from wizchip_conf.o(.text.wizchip_settimeout)
 <LI><a href="#[4c]">WIZCHIP_WRITE_BUF</a> from w5500.o(.text.WIZCHIP_WRITE_BUF) referenced from wizchip_conf.o(.text.wizchip_sw_reset)
 <LI><a href="#[11]">WWDG_IRQHandler</a> from startup_stm32f10x_md.o(.text) referenced from startup_stm32f10x_md.o(RESET)
 <LI><a href="#[40]">__2printf</a> from printfa.o(i.__0printf) referenced from c8t6f2fucn.o(.text.network_init)
 <LI><a href="#[3e]">__main</a> from entry.o(.ARM.Collect$$$$00000000) referenced from startup_stm32f10x_md.o(.text)
 <LI><a href="#[6]">currentUptime</a> from snmp.o(.text.currentUptime) referenced 2 times from snmp_custom.o(.data.snmpData)
 <LI><a href="#[4d]">fputc</a> from c8t6f2main.o(.text.fputc) referenced from printfa.o(i.__0printf)
 <LI><a href="#[3c]">main</a> from c8t6f2main.o(.text.main) referenced from entry9a.o(.ARM.Collect$$$$0000000B)
 <LI><a href="#[41]">parseTLV</a> from snmp.o(.text.parseTLV) referenced from snmp.o(.text.parseRequest)
 <LI><a href="#[44]">strlen</a> from strlen.o(.text) referenced from snmp.o(.text.snmp_sendTrap)
 <LI><a href="#[4]">wizchip_bus_readdata</a> from wizchip_conf.o(.text.wizchip_bus_readdata) referenced 2 times from wizchip_conf.o(.data.WIZCHIP)
 <LI><a href="#[5]">wizchip_bus_writedata</a> from wizchip_conf.o(.text.wizchip_bus_writedata) referenced 2 times from wizchip_conf.o(.data.WIZCHIP)
 <LI><a href="#[0]">wizchip_cris_enter</a> from wizchip_conf.o(.text.wizchip_cris_enter) referenced 2 times from wizchip_conf.o(.data.WIZCHIP)
 <LI><a href="#[1]">wizchip_cris_exit</a> from wizchip_conf.o(.text.wizchip_cris_exit) referenced 2 times from wizchip_conf.o(.data.WIZCHIP)
 <LI><a href="#[3]">wizchip_cs_deselect</a> from wizchip_conf.o(.text.wizchip_cs_deselect) referenced 2 times from wizchip_conf.o(.data.WIZCHIP)
 <LI><a href="#[3]">wizchip_cs_deselect</a> from wizchip_conf.o(.text.wizchip_cs_deselect) referenced from wizchip_conf.o(.text.reg_wizchip_cs_cbfunc)
 <LI><a href="#[2]">wizchip_cs_select</a> from wizchip_conf.o(.text.wizchip_cs_select) referenced 2 times from wizchip_conf.o(.data.WIZCHIP)
 <LI><a href="#[2]">wizchip_cs_select</a> from wizchip_conf.o(.text.wizchip_cs_select) referenced from wizchip_conf.o(.text.reg_wizchip_cs_cbfunc)
 <LI><a href="#[46]">wizchip_deselect</a> from w5500lib_init.o(.text.wizchip_deselect) referenced from w5500lib_init.o(.text.w5500_lib_init)
 <LI><a href="#[47]">wizchip_read</a> from w5500lib_init.o(.text.wizchip_read) referenced from w5500lib_init.o(.text.w5500_lib_init)
 <LI><a href="#[45]">wizchip_select</a> from w5500lib_init.o(.text.wizchip_select) referenced from w5500lib_init.o(.text.w5500_lib_init)
 <LI><a href="#[43]">wizchip_spi_readbyte</a> from wizchip_conf.o(.text.wizchip_spi_readbyte) referenced from wizchip_conf.o(.text.reg_wizchip_spi_cbfunc)
 <LI><a href="#[42]">wizchip_spi_writebyte</a> from wizchip_conf.o(.text.wizchip_spi_writebyte) referenced from wizchip_conf.o(.text.reg_wizchip_spi_cbfunc)
 <LI><a href="#[48]">wizchip_write</a> from w5500lib_init.o(.text.wizchip_write) referenced from w5500lib_init.o(.text.w5500_lib_init)
</UL>
<P>
<H3>
Global Symbols
</H3>
<P><STRONG><a name="[3e]"></a>__main</STRONG> (Thumb, 0 bytes, Stack size unknown bytes, entry.o(.ARM.Collect$$$$00000000))
<BR>[Address Reference Count : 1]<UL><LI> startup_stm32f10x_md.o(.text)
</UL>
<P><STRONG><a name="[df]"></a>_main_stk</STRONG> (Thumb, 0 bytes, Stack size unknown bytes, entry2.o(.ARM.Collect$$$$00000001))

<P><STRONG><a name="[4e]"></a>_main_scatterload</STRONG> (Thumb, 0 bytes, Stack size unknown bytes, entry5.o(.ARM.Collect$$$$00000004))
<BR><BR>[Calls]<UL><LI><a href="#[4f]">&gt;&gt;</a>&nbsp;&nbsp;&nbsp;__scatterload
</UL>

<P><STRONG><a name="[63]"></a>__main_after_scatterload</STRONG> (Thumb, 0 bytes, Stack size unknown bytes, entry5.o(.ARM.Collect$$$$00000004))
<BR><BR>[Called By]<UL><LI><a href="#[4f]">&gt;&gt;</a>&nbsp;&nbsp;&nbsp;__scatterload
</UL>

<P><STRONG><a name="[e0]"></a>_main_clock</STRONG> (Thumb, 0 bytes, Stack size unknown bytes, entry7b.o(.ARM.Collect$$$$00000008))

<P><STRONG><a name="[e1]"></a>_main_cpp_init</STRONG> (Thumb, 0 bytes, Stack size unknown bytes, entry8b.o(.ARM.Collect$$$$0000000A))

<P><STRONG><a name="[e2]"></a>_main_init</STRONG> (Thumb, 0 bytes, Stack size unknown bytes, entry9a.o(.ARM.Collect$$$$0000000B))

<P><STRONG><a name="[e3]"></a>__rt_final_cpp</STRONG> (Thumb, 0 bytes, Stack size unknown bytes, entry10a.o(.ARM.Collect$$$$0000000D))

<P><STRONG><a name="[e4]"></a>__rt_final_exit</STRONG> (Thumb, 0 bytes, Stack size unknown bytes, entry11a.o(.ARM.Collect$$$$0000000F))

<P><STRONG><a name="[7]"></a>Reset_Handler</STRONG> (Thumb, 8 bytes, Stack size 0 bytes, startup_stm32f10x_md.o(.text))
<BR>[Address Reference Count : 1]<UL><LI> startup_stm32f10x_md.o(RESET)
</UL>
<P><STRONG><a name="[23]"></a>ADC1_2_IRQHandler</STRONG> (Thumb, 0 bytes, Stack size 0 bytes, startup_stm32f10x_md.o(.text))
<BR><BR>[Calls]<UL><LI><a href="#[23]">&gt;&gt;</a>&nbsp;&nbsp;&nbsp;ADC1_2_IRQHandler
</UL>
<BR>[Called By]<UL><LI><a href="#[23]">&gt;&gt;</a>&nbsp;&nbsp;&nbsp;ADC1_2_IRQHandler
</UL>
<BR>[Address Reference Count : 1]<UL><LI> startup_stm32f10x_md.o(RESET)
</UL>
<P><STRONG><a name="[26]"></a>CAN1_RX1_IRQHandler</STRONG> (Thumb, 0 bytes, Stack size 0 bytes, startup_stm32f10x_md.o(.text))
<BR>[Address Reference Count : 1]<UL><LI> startup_stm32f10x_md.o(RESET)
</UL>
<P><STRONG><a name="[27]"></a>CAN1_SCE_IRQHandler</STRONG> (Thumb, 0 bytes, Stack size 0 bytes, startup_stm32f10x_md.o(.text))
<BR>[Address Reference Count : 1]<UL><LI> startup_stm32f10x_md.o(RESET)
</UL>
<P><STRONG><a name="[1c]"></a>DMA1_Channel1_IRQHandler</STRONG> (Thumb, 0 bytes, Stack size 0 bytes, startup_stm32f10x_md.o(.text))
<BR>[Address Reference Count : 1]<UL><LI> startup_stm32f10x_md.o(RESET)
</UL>
<P><STRONG><a name="[1d]"></a>DMA1_Channel2_IRQHandler</STRONG> (Thumb, 0 bytes, Stack size 0 bytes, startup_stm32f10x_md.o(.text))
<BR>[Address Reference Count : 1]<UL><LI> startup_stm32f10x_md.o(RESET)
</UL>
<P><STRONG><a name="[1e]"></a>DMA1_Channel3_IRQHandler</STRONG> (Thumb, 0 bytes, Stack size 0 bytes, startup_stm32f10x_md.o(.text))
<BR>[Address Reference Count : 1]<UL><LI> startup_stm32f10x_md.o(RESET)
</UL>
<P><STRONG><a name="[1f]"></a>DMA1_Channel4_IRQHandler</STRONG> (Thumb, 0 bytes, Stack size 0 bytes, startup_stm32f10x_md.o(.text))
<BR>[Address Reference Count : 1]<UL><LI> startup_stm32f10x_md.o(RESET)
</UL>
<P><STRONG><a name="[20]"></a>DMA1_Channel5_IRQHandler</STRONG> (Thumb, 0 bytes, Stack size 0 bytes, startup_stm32f10x_md.o(.text))
<BR>[Address Reference Count : 1]<UL><LI> startup_stm32f10x_md.o(RESET)
</UL>
<P><STRONG><a name="[21]"></a>DMA1_Channel6_IRQHandler</STRONG> (Thumb, 0 bytes, Stack size 0 bytes, startup_stm32f10x_md.o(.text))
<BR>[Address Reference Count : 1]<UL><LI> startup_stm32f10x_md.o(RESET)
</UL>
<P><STRONG><a name="[22]"></a>DMA1_Channel7_IRQHandler</STRONG> (Thumb, 0 bytes, Stack size 0 bytes, startup_stm32f10x_md.o(.text))
<BR>[Address Reference Count : 1]<UL><LI> startup_stm32f10x_md.o(RESET)
</UL>
<P><STRONG><a name="[17]"></a>EXTI0_IRQHandler</STRONG> (Thumb, 0 bytes, Stack size 0 bytes, startup_stm32f10x_md.o(.text))
<BR>[Address Reference Count : 1]<UL><LI> startup_stm32f10x_md.o(RESET)
</UL>
<P><STRONG><a name="[39]"></a>EXTI15_10_IRQHandler</STRONG> (Thumb, 0 bytes, Stack size 0 bytes, startup_stm32f10x_md.o(.text))
<BR>[Address Reference Count : 1]<UL><LI> startup_stm32f10x_md.o(RESET)
</UL>
<P><STRONG><a name="[18]"></a>EXTI1_IRQHandler</STRONG> (Thumb, 0 bytes, Stack size 0 bytes, startup_stm32f10x_md.o(.text))
<BR>[Address Reference Count : 1]<UL><LI> startup_stm32f10x_md.o(RESET)
</UL>
<P><STRONG><a name="[19]"></a>EXTI2_IRQHandler</STRONG> (Thumb, 0 bytes, Stack size 0 bytes, startup_stm32f10x_md.o(.text))
<BR>[Address Reference Count : 1]<UL><LI> startup_stm32f10x_md.o(RESET)
</UL>
<P><STRONG><a name="[1b]"></a>EXTI4_IRQHandler</STRONG> (Thumb, 0 bytes, Stack size 0 bytes, startup_stm32f10x_md.o(.text))
<BR>[Address Reference Count : 1]<UL><LI> startup_stm32f10x_md.o(RESET)
</UL>
<P><STRONG><a name="[28]"></a>EXTI9_5_IRQHandler</STRONG> (Thumb, 0 bytes, Stack size 0 bytes, startup_stm32f10x_md.o(.text))
<BR>[Address Reference Count : 1]<UL><LI> startup_stm32f10x_md.o(RESET)
</UL>
<P><STRONG><a name="[15]"></a>FLASH_IRQHandler</STRONG> (Thumb, 0 bytes, Stack size 0 bytes, startup_stm32f10x_md.o(.text))
<BR>[Address Reference Count : 1]<UL><LI> startup_stm32f10x_md.o(RESET)
</UL>
<P><STRONG><a name="[31]"></a>I2C1_ER_IRQHandler</STRONG> (Thumb, 0 bytes, Stack size 0 bytes, startup_stm32f10x_md.o(.text))
<BR>[Address Reference Count : 1]<UL><LI> startup_stm32f10x_md.o(RESET)
</UL>
<P><STRONG><a name="[30]"></a>I2C1_EV_IRQHandler</STRONG> (Thumb, 0 bytes, Stack size 0 bytes, startup_stm32f10x_md.o(.text))
<BR>[Address Reference Count : 1]<UL><LI> startup_stm32f10x_md.o(RESET)
</UL>
<P><STRONG><a name="[33]"></a>I2C2_ER_IRQHandler</STRONG> (Thumb, 0 bytes, Stack size 0 bytes, startup_stm32f10x_md.o(.text))
<BR>[Address Reference Count : 1]<UL><LI> startup_stm32f10x_md.o(RESET)
</UL>
<P><STRONG><a name="[32]"></a>I2C2_EV_IRQHandler</STRONG> (Thumb, 0 bytes, Stack size 0 bytes, startup_stm32f10x_md.o(.text))
<BR>[Address Reference Count : 1]<UL><LI> startup_stm32f10x_md.o(RESET)
</UL>
<P><STRONG><a name="[12]"></a>PVD_IRQHandler</STRONG> (Thumb, 0 bytes, Stack size 0 bytes, startup_stm32f10x_md.o(.text))
<BR>[Address Reference Count : 1]<UL><LI> startup_stm32f10x_md.o(RESET)
</UL>
<P><STRONG><a name="[16]"></a>RCC_IRQHandler</STRONG> (Thumb, 0 bytes, Stack size 0 bytes, startup_stm32f10x_md.o(.text))
<BR>[Address Reference Count : 1]<UL><LI> startup_stm32f10x_md.o(RESET)
</UL>
<P><STRONG><a name="[3a]"></a>RTCAlarm_IRQHandler</STRONG> (Thumb, 0 bytes, Stack size 0 bytes, startup_stm32f10x_md.o(.text))
<BR>[Address Reference Count : 1]<UL><LI> startup_stm32f10x_md.o(RESET)
</UL>
<P><STRONG><a name="[14]"></a>RTC_IRQHandler</STRONG> (Thumb, 0 bytes, Stack size 0 bytes, startup_stm32f10x_md.o(.text))
<BR>[Address Reference Count : 1]<UL><LI> startup_stm32f10x_md.o(RESET)
</UL>
<P><STRONG><a name="[34]"></a>SPI1_IRQHandler</STRONG> (Thumb, 0 bytes, Stack size 0 bytes, startup_stm32f10x_md.o(.text))
<BR>[Address Reference Count : 1]<UL><LI> startup_stm32f10x_md.o(RESET)
</UL>
<P><STRONG><a name="[35]"></a>SPI2_IRQHandler</STRONG> (Thumb, 0 bytes, Stack size 0 bytes, startup_stm32f10x_md.o(.text))
<BR>[Address Reference Count : 1]<UL><LI> startup_stm32f10x_md.o(RESET)
</UL>
<P><STRONG><a name="[13]"></a>TAMPER_IRQHandler</STRONG> (Thumb, 0 bytes, Stack size 0 bytes, startup_stm32f10x_md.o(.text))
<BR>[Address Reference Count : 1]<UL><LI> startup_stm32f10x_md.o(RESET)
</UL>
<P><STRONG><a name="[29]"></a>TIM1_BRK_IRQHandler</STRONG> (Thumb, 0 bytes, Stack size 0 bytes, startup_stm32f10x_md.o(.text))
<BR>[Address Reference Count : 1]<UL><LI> startup_stm32f10x_md.o(RESET)
</UL>
<P><STRONG><a name="[2c]"></a>TIM1_CC_IRQHandler</STRONG> (Thumb, 0 bytes, Stack size 0 bytes, startup_stm32f10x_md.o(.text))
<BR>[Address Reference Count : 1]<UL><LI> startup_stm32f10x_md.o(RESET)
</UL>
<P><STRONG><a name="[2b]"></a>TIM1_TRG_COM_IRQHandler</STRONG> (Thumb, 0 bytes, Stack size 0 bytes, startup_stm32f10x_md.o(.text))
<BR>[Address Reference Count : 1]<UL><LI> startup_stm32f10x_md.o(RESET)
</UL>
<P><STRONG><a name="[2a]"></a>TIM1_UP_IRQHandler</STRONG> (Thumb, 0 bytes, Stack size 0 bytes, startup_stm32f10x_md.o(.text))
<BR>[Address Reference Count : 1]<UL><LI> startup_stm32f10x_md.o(RESET)
</UL>
<P><STRONG><a name="[2f]"></a>TIM4_IRQHandler</STRONG> (Thumb, 0 bytes, Stack size 0 bytes, startup_stm32f10x_md.o(.text))
<BR>[Address Reference Count : 1]<UL><LI> startup_stm32f10x_md.o(RESET)
</UL>
<P><STRONG><a name="[38]"></a>USART3_IRQHandler</STRONG> (Thumb, 0 bytes, Stack size 0 bytes, startup_stm32f10x_md.o(.text))
<BR>[Address Reference Count : 1]<UL><LI> startup_stm32f10x_md.o(RESET)
</UL>
<P><STRONG><a name="[3b]"></a>USBWakeUp_IRQHandler</STRONG> (Thumb, 0 bytes, Stack size 0 bytes, startup_stm32f10x_md.o(.text))
<BR>[Address Reference Count : 1]<UL><LI> startup_stm32f10x_md.o(RESET)
</UL>
<P><STRONG><a name="[24]"></a>USB_HP_CAN1_TX_IRQHandler</STRONG> (Thumb, 0 bytes, Stack size 0 bytes, startup_stm32f10x_md.o(.text))
<BR>[Address Reference Count : 1]<UL><LI> startup_stm32f10x_md.o(RESET)
</UL>
<P><STRONG><a name="[25]"></a>USB_LP_CAN1_RX0_IRQHandler</STRONG> (Thumb, 0 bytes, Stack size 0 bytes, startup_stm32f10x_md.o(.text))
<BR>[Address Reference Count : 1]<UL><LI> startup_stm32f10x_md.o(RESET)
</UL>
<P><STRONG><a name="[11]"></a>WWDG_IRQHandler</STRONG> (Thumb, 0 bytes, Stack size 0 bytes, startup_stm32f10x_md.o(.text))
<BR>[Address Reference Count : 1]<UL><LI> startup_stm32f10x_md.o(RESET)
</UL>
<P><STRONG><a name="[50]"></a>__aeabi_uldivmod</STRONG> (Thumb, 98 bytes, Stack size 40 bytes, uldiv.o(.text), UNUSED)
<BR><BR>[Calls]<UL><LI><a href="#[51]">&gt;&gt;</a>&nbsp;&nbsp;&nbsp;__aeabi_llsr
<LI><a href="#[52]">&gt;&gt;</a>&nbsp;&nbsp;&nbsp;__aeabi_llsl
</UL>
<BR>[Called By]<UL><LI><a href="#[d9]">&gt;&gt;</a>&nbsp;&nbsp;&nbsp;_printf_core
<LI><a href="#[da]">&gt;&gt;</a>&nbsp;&nbsp;&nbsp;_fp_digits
</UL>

<P><STRONG><a name="[a1]"></a>__rt_ctype_table</STRONG> (Thumb, 4 bytes, Stack size 0 bytes, ctype_o.o(.text))
<BR><BR>[Called By]<UL><LI><a href="#[a0]">&gt;&gt;</a>&nbsp;&nbsp;&nbsp;dumpCode
</UL>

<P><STRONG><a name="[be]"></a>__aeabi_memcpy</STRONG> (Thumb, 36 bytes, Stack size 0 bytes, memcpya.o(.text))
<BR><BR>[Called By]<UL><LI><a href="#[b5]">&gt;&gt;</a>&nbsp;&nbsp;&nbsp;snmp_sendTrap
<LI><a href="#[c3]">&gt;&gt;</a>&nbsp;&nbsp;&nbsp;parseVersion
<LI><a href="#[c5]">&gt;&gt;</a>&nbsp;&nbsp;&nbsp;parseVarBind
<LI><a href="#[c0]">&gt;&gt;</a>&nbsp;&nbsp;&nbsp;parseSequenceOf
<LI><a href="#[c4]">&gt;&gt;</a>&nbsp;&nbsp;&nbsp;parseSequence
<LI><a href="#[c2]">&gt;&gt;</a>&nbsp;&nbsp;&nbsp;parseSNMPMessage
<LI><a href="#[bf]">&gt;&gt;</a>&nbsp;&nbsp;&nbsp;parseRequest
<LI><a href="#[bd]">&gt;&gt;</a>&nbsp;&nbsp;&nbsp;parseCommunity
</UL>

<P><STRONG><a name="[e5]"></a>__aeabi_memcpy4</STRONG> (Thumb, 0 bytes, Stack size 0 bytes, memcpya.o(.text), UNUSED)

<P><STRONG><a name="[e6]"></a>__aeabi_memcpy8</STRONG> (Thumb, 0 bytes, Stack size 0 bytes, memcpya.o(.text), UNUSED)

<P><STRONG><a name="[54]"></a>__aeabi_memset</STRONG> (Thumb, 14 bytes, Stack size 0 bytes, memseta.o(.text), UNUSED)
<BR><BR>[Called By]<UL><LI><a href="#[55]">&gt;&gt;</a>&nbsp;&nbsp;&nbsp;_memset$wrapper
<LI><a href="#[53]">&gt;&gt;</a>&nbsp;&nbsp;&nbsp;__aeabi_memclr
</UL>

<P><STRONG><a name="[e7]"></a>__aeabi_memset4</STRONG> (Thumb, 0 bytes, Stack size 0 bytes, memseta.o(.text), UNUSED)

<P><STRONG><a name="[e8]"></a>__aeabi_memset8</STRONG> (Thumb, 0 bytes, Stack size 0 bytes, memseta.o(.text), UNUSED)

<P><STRONG><a name="[53]"></a>__aeabi_memclr</STRONG> (Thumb, 4 bytes, Stack size 0 bytes, memseta.o(.text), UNUSED)
<BR><BR>[Calls]<UL><LI><a href="#[54]">&gt;&gt;</a>&nbsp;&nbsp;&nbsp;__aeabi_memset
</UL>

<P><STRONG><a name="[d0]"></a>__aeabi_memclr4</STRONG> (Thumb, 0 bytes, Stack size 0 bytes, memseta.o(.text))
<BR><BR>[Called By]<UL><LI><a href="#[cf]">&gt;&gt;</a>&nbsp;&nbsp;&nbsp;snmpd_run
</UL>

<P><STRONG><a name="[e9]"></a>__aeabi_memclr8</STRONG> (Thumb, 0 bytes, Stack size 0 bytes, memseta.o(.text), UNUSED)

<P><STRONG><a name="[55]"></a>_memset$wrapper</STRONG> (Thumb, 18 bytes, Stack size 8 bytes, memseta.o(.text), UNUSED)
<BR><BR>[Calls]<UL><LI><a href="#[54]">&gt;&gt;</a>&nbsp;&nbsp;&nbsp;__aeabi_memset
</UL>

<P><STRONG><a name="[44]"></a>strlen</STRONG> (Thumb, 14 bytes, Stack size 0 bytes, strlen.o(.text))
<BR><BR>[Called By]<UL><LI><a href="#[b5]">&gt;&gt;</a>&nbsp;&nbsp;&nbsp;snmp_sendTrap
<LI><a href="#[bc]">&gt;&gt;</a>&nbsp;&nbsp;&nbsp;makeTrapVariableBindings
<LI><a href="#[a8]">&gt;&gt;</a>&nbsp;&nbsp;&nbsp;getEntry
</UL>
<BR>[Address Reference Count : 1]<UL><LI> snmp.o(.text.snmp_sendTrap)
</UL>
<P><STRONG><a name="[a5]"></a>memcmp</STRONG> (Thumb, 26 bytes, Stack size 12 bytes, memcmp.o(.text))
<BR><BR>[Stack]<UL><LI>Max Depth = 12<LI>Call Chain = memcmp
</UL>
<BR>[Called By]<UL><LI><a href="#[bd]">&gt;&gt;</a>&nbsp;&nbsp;&nbsp;parseCommunity
<LI><a href="#[a4]">&gt;&gt;</a>&nbsp;&nbsp;&nbsp;findEntry
</UL>

<P><STRONG><a name="[56]"></a>_scanf_int</STRONG> (Thumb, 332 bytes, Stack size 56 bytes, _scanf_int.o(.text), UNUSED)
<BR><BR>[Calls]<UL><LI><a href="#[57]">&gt;&gt;</a>&nbsp;&nbsp;&nbsp;_chval
</UL>

<P><STRONG><a name="[58]"></a>__aeabi_dadd</STRONG> (Thumb, 322 bytes, Stack size 48 bytes, dadd.o(.text), UNUSED)
<BR><BR>[Calls]<UL><LI><a href="#[59]">&gt;&gt;</a>&nbsp;&nbsp;&nbsp;__aeabi_lasr
<LI><a href="#[52]">&gt;&gt;</a>&nbsp;&nbsp;&nbsp;__aeabi_llsl
<LI><a href="#[5b]">&gt;&gt;</a>&nbsp;&nbsp;&nbsp;_double_round
<LI><a href="#[5a]">&gt;&gt;</a>&nbsp;&nbsp;&nbsp;_double_epilogue
</UL>
<BR>[Called By]<UL><LI><a href="#[5c]">&gt;&gt;</a>&nbsp;&nbsp;&nbsp;__aeabi_dsub
<LI><a href="#[5d]">&gt;&gt;</a>&nbsp;&nbsp;&nbsp;__aeabi_drsub
<LI><a href="#[da]">&gt;&gt;</a>&nbsp;&nbsp;&nbsp;_fp_digits
</UL>

<P><STRONG><a name="[5c]"></a>__aeabi_dsub</STRONG> (Thumb, 6 bytes, Stack size 0 bytes, dadd.o(.text), UNUSED)
<BR><BR>[Calls]<UL><LI><a href="#[58]">&gt;&gt;</a>&nbsp;&nbsp;&nbsp;__aeabi_dadd
</UL>

<P><STRONG><a name="[5d]"></a>__aeabi_drsub</STRONG> (Thumb, 6 bytes, Stack size 0 bytes, dadd.o(.text), UNUSED)
<BR><BR>[Calls]<UL><LI><a href="#[58]">&gt;&gt;</a>&nbsp;&nbsp;&nbsp;__aeabi_dadd
</UL>

<P><STRONG><a name="[5e]"></a>__aeabi_dmul</STRONG> (Thumb, 228 bytes, Stack size 48 bytes, dmul.o(.text))
<BR><BR>[Stack]<UL><LI>Max Depth = 88<LI>Call Chain = __aeabi_dmul &rArr; _double_epilogue &rArr; _double_round
</UL>
<BR>[Calls]<UL><LI><a href="#[5a]">&gt;&gt;</a>&nbsp;&nbsp;&nbsp;_double_epilogue
</UL>
<BR>[Called By]<UL><LI><a href="#[6a]">&gt;&gt;</a>&nbsp;&nbsp;&nbsp;NTPUDP
<LI><a href="#[da]">&gt;&gt;</a>&nbsp;&nbsp;&nbsp;_fp_digits
</UL>

<P><STRONG><a name="[5f]"></a>__aeabi_l2d</STRONG> (Thumb, 40 bytes, Stack size 24 bytes, dfltl.o(.text))
<BR><BR>[Stack]<UL><LI>Max Depth = 64<LI>Call Chain = __aeabi_l2d &rArr; _double_epilogue &rArr; _double_round
</UL>
<BR>[Calls]<UL><LI><a href="#[5a]">&gt;&gt;</a>&nbsp;&nbsp;&nbsp;_double_epilogue
</UL>
<BR>[Called By]<UL><LI><a href="#[6a]">&gt;&gt;</a>&nbsp;&nbsp;&nbsp;NTPUDP
</UL>

<P><STRONG><a name="[60]"></a>__aeabi_d2uiz</STRONG> (Thumb, 50 bytes, Stack size 8 bytes, dfixui.o(.text))
<BR><BR>[Stack]<UL><LI>Max Depth = 8<LI>Call Chain = __aeabi_d2uiz
</UL>
<BR>[Calls]<UL><LI><a href="#[51]">&gt;&gt;</a>&nbsp;&nbsp;&nbsp;__aeabi_llsr
</UL>
<BR>[Called By]<UL><LI><a href="#[6a]">&gt;&gt;</a>&nbsp;&nbsp;&nbsp;NTPUDP
</UL>

<P><STRONG><a name="[ea]"></a>__aeabi_uidiv</STRONG> (Thumb, 0 bytes, Stack size 12 bytes, uidiv.o(.text), UNUSED)

<P><STRONG><a name="[de]"></a>__aeabi_uidivmod</STRONG> (Thumb, 44 bytes, Stack size 12 bytes, uidiv.o(.text), UNUSED)
<BR><BR>[Called By]<UL><LI><a href="#[d9]">&gt;&gt;</a>&nbsp;&nbsp;&nbsp;_printf_core
</UL>

<P><STRONG><a name="[52]"></a>__aeabi_llsl</STRONG> (Thumb, 30 bytes, Stack size 0 bytes, llshl.o(.text))
<BR><BR>[Called By]<UL><LI><a href="#[58]">&gt;&gt;</a>&nbsp;&nbsp;&nbsp;__aeabi_dadd
<LI><a href="#[50]">&gt;&gt;</a>&nbsp;&nbsp;&nbsp;__aeabi_uldivmod
<LI><a href="#[5a]">&gt;&gt;</a>&nbsp;&nbsp;&nbsp;_double_epilogue
<LI><a href="#[62]">&gt;&gt;</a>&nbsp;&nbsp;&nbsp;__aeabi_d2ulz
</UL>

<P><STRONG><a name="[eb]"></a>_ll_shift_l</STRONG> (Thumb, 0 bytes, Stack size 0 bytes, llshl.o(.text), UNUSED)

<P><STRONG><a name="[51]"></a>__aeabi_llsr</STRONG> (Thumb, 32 bytes, Stack size 0 bytes, llushr.o(.text))
<BR><BR>[Called By]<UL><LI><a href="#[60]">&gt;&gt;</a>&nbsp;&nbsp;&nbsp;__aeabi_d2uiz
<LI><a href="#[50]">&gt;&gt;</a>&nbsp;&nbsp;&nbsp;__aeabi_uldivmod
<LI><a href="#[5a]">&gt;&gt;</a>&nbsp;&nbsp;&nbsp;_double_epilogue
<LI><a href="#[62]">&gt;&gt;</a>&nbsp;&nbsp;&nbsp;__aeabi_d2ulz
</UL>

<P><STRONG><a name="[ec]"></a>_ll_ushift_r</STRONG> (Thumb, 0 bytes, Stack size 0 bytes, llushr.o(.text), UNUSED)

<P><STRONG><a name="[59]"></a>__aeabi_lasr</STRONG> (Thumb, 36 bytes, Stack size 0 bytes, llsshr.o(.text), UNUSED)
<BR><BR>[Called By]<UL><LI><a href="#[58]">&gt;&gt;</a>&nbsp;&nbsp;&nbsp;__aeabi_dadd
</UL>

<P><STRONG><a name="[ed]"></a>_ll_sshift_r</STRONG> (Thumb, 0 bytes, Stack size 0 bytes, llsshr.o(.text), UNUSED)

<P><STRONG><a name="[57]"></a>_chval</STRONG> (Thumb, 28 bytes, Stack size 0 bytes, _chval.o(.text), UNUSED)
<BR><BR>[Called By]<UL><LI><a href="#[56]">&gt;&gt;</a>&nbsp;&nbsp;&nbsp;_scanf_int
</UL>

<P><STRONG><a name="[ee]"></a>__I$use$fp</STRONG> (Thumb, 0 bytes, Stack size 8 bytes, iusefp.o(.text), UNUSED)

<P><STRONG><a name="[5b]"></a>_double_round</STRONG> (Thumb, 30 bytes, Stack size 8 bytes, depilogue.o(.text))
<BR><BR>[Stack]<UL><LI>Max Depth = 8<LI>Call Chain = _double_round
</UL>
<BR>[Called By]<UL><LI><a href="#[58]">&gt;&gt;</a>&nbsp;&nbsp;&nbsp;__aeabi_dadd
<LI><a href="#[5a]">&gt;&gt;</a>&nbsp;&nbsp;&nbsp;_double_epilogue
<LI><a href="#[61]">&gt;&gt;</a>&nbsp;&nbsp;&nbsp;__aeabi_ddiv
</UL>

<P><STRONG><a name="[5a]"></a>_double_epilogue</STRONG> (Thumb, 156 bytes, Stack size 32 bytes, depilogue.o(.text))
<BR><BR>[Stack]<UL><LI>Max Depth = 40<LI>Call Chain = _double_epilogue &rArr; _double_round
</UL>
<BR>[Calls]<UL><LI><a href="#[51]">&gt;&gt;</a>&nbsp;&nbsp;&nbsp;__aeabi_llsr
<LI><a href="#[52]">&gt;&gt;</a>&nbsp;&nbsp;&nbsp;__aeabi_llsl
<LI><a href="#[5b]">&gt;&gt;</a>&nbsp;&nbsp;&nbsp;_double_round
</UL>
<BR>[Called By]<UL><LI><a href="#[5f]">&gt;&gt;</a>&nbsp;&nbsp;&nbsp;__aeabi_l2d
<LI><a href="#[5e]">&gt;&gt;</a>&nbsp;&nbsp;&nbsp;__aeabi_dmul
<LI><a href="#[58]">&gt;&gt;</a>&nbsp;&nbsp;&nbsp;__aeabi_dadd
</UL>

<P><STRONG><a name="[61]"></a>__aeabi_ddiv</STRONG> (Thumb, 222 bytes, Stack size 32 bytes, ddiv.o(.text), UNUSED)
<BR><BR>[Calls]<UL><LI><a href="#[5b]">&gt;&gt;</a>&nbsp;&nbsp;&nbsp;_double_round
</UL>
<BR>[Called By]<UL><LI><a href="#[da]">&gt;&gt;</a>&nbsp;&nbsp;&nbsp;_fp_digits
</UL>

<P><STRONG><a name="[62]"></a>__aeabi_d2ulz</STRONG> (Thumb, 48 bytes, Stack size 0 bytes, dfixul.o(.text), UNUSED)
<BR><BR>[Calls]<UL><LI><a href="#[51]">&gt;&gt;</a>&nbsp;&nbsp;&nbsp;__aeabi_llsr
<LI><a href="#[52]">&gt;&gt;</a>&nbsp;&nbsp;&nbsp;__aeabi_llsl
</UL>
<BR>[Called By]<UL><LI><a href="#[da]">&gt;&gt;</a>&nbsp;&nbsp;&nbsp;_fp_digits
</UL>

<P><STRONG><a name="[db]"></a>__aeabi_cdrcmple</STRONG> (Thumb, 48 bytes, Stack size 0 bytes, cdrcmple.o(.text), UNUSED)
<BR><BR>[Called By]<UL><LI><a href="#[da]">&gt;&gt;</a>&nbsp;&nbsp;&nbsp;_fp_digits
</UL>

<P><STRONG><a name="[4f]"></a>__scatterload</STRONG> (Thumb, 28 bytes, Stack size 0 bytes, init.o(.text))
<BR><BR>[Calls]<UL><LI><a href="#[63]">&gt;&gt;</a>&nbsp;&nbsp;&nbsp;__main_after_scatterload
</UL>
<BR>[Called By]<UL><LI><a href="#[4e]">&gt;&gt;</a>&nbsp;&nbsp;&nbsp;_main_scatterload
</UL>

<P><STRONG><a name="[ef]"></a>__scatterload_rt2</STRONG> (Thumb, 0 bytes, Stack size 0 bytes, init.o(.text), UNUSED)

<P><STRONG><a name="[f0]"></a>__decompress</STRONG> (Thumb, 0 bytes, Stack size unknown bytes, __dczerorl2.o(.text), UNUSED)

<P><STRONG><a name="[f1]"></a>__decompress1</STRONG> (Thumb, 86 bytes, Stack size unknown bytes, __dczerorl2.o(.text), UNUSED)

<P><STRONG><a name="[b]"></a>BusFault_Handler</STRONG> (Thumb, 2 bytes, Stack size 0 bytes, stm32f10x_it.o(.text.BusFault_Handler))
<BR><BR>[Calls]<UL><LI><a href="#[b]">&gt;&gt;</a>&nbsp;&nbsp;&nbsp;BusFault_Handler
</UL>
<BR>[Called By]<UL><LI><a href="#[b]">&gt;&gt;</a>&nbsp;&nbsp;&nbsp;BusFault_Handler
</UL>
<BR>[Address Reference Count : 1]<UL><LI> startup_stm32f10x_md.o(RESET)
</UL>
<P><STRONG><a name="[e]"></a>DebugMon_Handler</STRONG> (Thumb, 2 bytes, Stack size 0 bytes, stm32f10x_it.o(.text.DebugMon_Handler))
<BR>[Address Reference Count : 1]<UL><LI> startup_stm32f10x_md.o(RESET)
</UL>
<P><STRONG><a name="[1a]"></a>EXTI3_IRQHandler</STRONG> (Thumb, 52 bytes, Stack size 8 bytes, c8t6f2fucn.o(.text.EXTI3_IRQHandler))
<BR><BR>[Stack]<UL><LI>Max Depth = 16<LI>Call Chain = EXTI3_IRQHandler &rArr; getns
</UL>
<BR>[Calls]<UL><LI><a href="#[65]">&gt;&gt;</a>&nbsp;&nbsp;&nbsp;getns
<LI><a href="#[64]">&gt;&gt;</a>&nbsp;&nbsp;&nbsp;EXTI_GetITStatus
<LI><a href="#[66]">&gt;&gt;</a>&nbsp;&nbsp;&nbsp;EXTI_ClearITPendingBit
</UL>
<BR>[Address Reference Count : 1]<UL><LI> startup_stm32f10x_md.o(RESET)
</UL>
<P><STRONG><a name="[66]"></a>EXTI_ClearITPendingBit</STRONG> (Thumb, 12 bytes, Stack size 0 bytes, stm32f10x_exti.o(.text.EXTI_ClearITPendingBit))
<BR><BR>[Called By]<UL><LI><a href="#[1a]">&gt;&gt;</a>&nbsp;&nbsp;&nbsp;EXTI3_IRQHandler
</UL>

<P><STRONG><a name="[64]"></a>EXTI_GetITStatus</STRONG> (Thumb, 28 bytes, Stack size 0 bytes, stm32f10x_exti.o(.text.EXTI_GetITStatus))
<BR><BR>[Called By]<UL><LI><a href="#[1a]">&gt;&gt;</a>&nbsp;&nbsp;&nbsp;EXTI3_IRQHandler
</UL>

<P><STRONG><a name="[89]"></a>EXTI_Init</STRONG> (Thumb, 100 bytes, Stack size 0 bytes, stm32f10x_exti.o(.text.EXTI_Init))
<BR><BR>[Called By]<UL><LI><a href="#[86]">&gt;&gt;</a>&nbsp;&nbsp;&nbsp;W5500_GPIO_Init2
</UL>

<P><STRONG><a name="[88]"></a>GPIO_EXTILineConfig</STRONG> (Thumb, 44 bytes, Stack size 8 bytes, stm32f10x_gpio.o(.text.GPIO_EXTILineConfig))
<BR><BR>[Stack]<UL><LI>Max Depth = 8<LI>Call Chain = GPIO_EXTILineConfig
</UL>
<BR>[Called By]<UL><LI><a href="#[86]">&gt;&gt;</a>&nbsp;&nbsp;&nbsp;W5500_GPIO_Init2
</UL>

<P><STRONG><a name="[68]"></a>GPIO_GetPortClockState</STRONG> (Thumb, 72 bytes, Stack size 0 bytes, gpio_stm32f10x.o(.text.GPIO_GetPortClockState))
<BR><BR>[Called By]<UL><LI><a href="#[67]">&gt;&gt;</a>&nbsp;&nbsp;&nbsp;GPIO_PinConfigure
</UL>

<P><STRONG><a name="[3f]"></a>GPIO_Init</STRONG> (Thumb, 184 bytes, Stack size 28 bytes, stm32f10x_gpio.o(.text.GPIO_Init))
<BR><BR>[Stack]<UL><LI>Max Depth = 28<LI>Call Chain = GPIO_Init
</UL>
<BR>[Called By]<UL><LI><a href="#[6f]">&gt;&gt;</a>&nbsp;&nbsp;&nbsp;SPI1_W5500_Init
</UL>
<BR>[Address Reference Count : 1]<UL><LI> w5500lib_init.o(.text.W5500_GPIO_Init2)
</UL>
<P><STRONG><a name="[67]"></a>GPIO_PinConfigure</STRONG> (Thumb, 112 bytes, Stack size 24 bytes, gpio_stm32f10x.o(.text.GPIO_PinConfigure))
<BR><BR>[Stack]<UL><LI>Max Depth = 24<LI>Call Chain = GPIO_PinConfigure
</UL>
<BR>[Calls]<UL><LI><a href="#[69]">&gt;&gt;</a>&nbsp;&nbsp;&nbsp;GPIO_PortClock
<LI><a href="#[68]">&gt;&gt;</a>&nbsp;&nbsp;&nbsp;GPIO_GetPortClockState
</UL>
<BR>[Called By]<UL><LI><a href="#[7b]">&gt;&gt;</a>&nbsp;&nbsp;&nbsp;USART1_Init
</UL>

<P><STRONG><a name="[69]"></a>GPIO_PortClock</STRONG> (Thumb, 216 bytes, Stack size 0 bytes, gpio_stm32f10x.o(.text.GPIO_PortClock))
<BR><BR>[Called By]<UL><LI><a href="#[67]">&gt;&gt;</a>&nbsp;&nbsp;&nbsp;GPIO_PinConfigure
<LI><a href="#[7b]">&gt;&gt;</a>&nbsp;&nbsp;&nbsp;USART1_Init
</UL>

<P><STRONG><a name="[87]"></a>GPIO_ResetBits</STRONG> (Thumb, 4 bytes, Stack size 0 bytes, stm32f10x_gpio.o(.text.GPIO_ResetBits))
<BR><BR>[Called By]<UL><LI><a href="#[b0]">&gt;&gt;</a>&nbsp;&nbsp;&nbsp;w5500_lib_init
<LI><a href="#[45]">&gt;&gt;</a>&nbsp;&nbsp;&nbsp;wizchip_select
<LI><a href="#[86]">&gt;&gt;</a>&nbsp;&nbsp;&nbsp;W5500_GPIO_Init2
</UL>

<P><STRONG><a name="[71]"></a>GPIO_SetBits</STRONG> (Thumb, 4 bytes, Stack size 0 bytes, stm32f10x_gpio.o(.text.GPIO_SetBits))
<BR><BR>[Called By]<UL><LI><a href="#[b0]">&gt;&gt;</a>&nbsp;&nbsp;&nbsp;w5500_lib_init
<LI><a href="#[46]">&gt;&gt;</a>&nbsp;&nbsp;&nbsp;wizchip_deselect
<LI><a href="#[86]">&gt;&gt;</a>&nbsp;&nbsp;&nbsp;W5500_GPIO_Init2
<LI><a href="#[6f]">&gt;&gt;</a>&nbsp;&nbsp;&nbsp;SPI1_W5500_Init
</UL>

<P><STRONG><a name="[9]"></a>HardFault_Handler</STRONG> (Thumb, 2 bytes, Stack size 0 bytes, stm32f10x_it.o(.text.HardFault_Handler))
<BR><BR>[Calls]<UL><LI><a href="#[9]">&gt;&gt;</a>&nbsp;&nbsp;&nbsp;HardFault_Handler
</UL>
<BR>[Called By]<UL><LI><a href="#[9]">&gt;&gt;</a>&nbsp;&nbsp;&nbsp;HardFault_Handler
</UL>
<BR>[Address Reference Count : 1]<UL><LI> startup_stm32f10x_md.o(RESET)
</UL>
<P><STRONG><a name="[a]"></a>MemManage_Handler</STRONG> (Thumb, 2 bytes, Stack size 0 bytes, stm32f10x_it.o(.text.MemManage_Handler))
<BR><BR>[Calls]<UL><LI><a href="#[a]">&gt;&gt;</a>&nbsp;&nbsp;&nbsp;MemManage_Handler
</UL>
<BR>[Called By]<UL><LI><a href="#[a]">&gt;&gt;</a>&nbsp;&nbsp;&nbsp;MemManage_Handler
</UL>
<BR>[Address Reference Count : 1]<UL><LI> startup_stm32f10x_md.o(RESET)
</UL>
<P><STRONG><a name="[8]"></a>NMI_Handler</STRONG> (Thumb, 2 bytes, Stack size 0 bytes, stm32f10x_it.o(.text.NMI_Handler))
<BR>[Address Reference Count : 1]<UL><LI> startup_stm32f10x_md.o(RESET)
</UL>
<P><STRONG><a name="[6a]"></a>NTPUDP</STRONG> (Thumb, 336 bytes, Stack size 40 bytes, c8t6f2fucn.o(.text.NTPUDP))
<BR><BR>[Stack]<UL><LI>Max Depth = 152<LI>Call Chain = NTPUDP &rArr; recvfrom &rArr; wiz_recv_data &rArr; WIZCHIP_WRITE
</UL>
<BR>[Calls]<UL><LI><a href="#[6e]">&gt;&gt;</a>&nbsp;&nbsp;&nbsp;socket
<LI><a href="#[6d]">&gt;&gt;</a>&nbsp;&nbsp;&nbsp;sendto
<LI><a href="#[6c]">&gt;&gt;</a>&nbsp;&nbsp;&nbsp;recvfrom
<LI><a href="#[65]">&gt;&gt;</a>&nbsp;&nbsp;&nbsp;getns
<LI><a href="#[6b]">&gt;&gt;</a>&nbsp;&nbsp;&nbsp;getSn_RX_RSR
<LI><a href="#[5f]">&gt;&gt;</a>&nbsp;&nbsp;&nbsp;__aeabi_l2d
<LI><a href="#[5e]">&gt;&gt;</a>&nbsp;&nbsp;&nbsp;__aeabi_dmul
<LI><a href="#[60]">&gt;&gt;</a>&nbsp;&nbsp;&nbsp;__aeabi_d2uiz
<LI><a href="#[49]">&gt;&gt;</a>&nbsp;&nbsp;&nbsp;WIZCHIP_READ
<LI><a href="#[40]">&gt;&gt;</a>&nbsp;&nbsp;&nbsp;__2printf
</UL>
<BR>[Called By]<UL><LI><a href="#[bb]">&gt;&gt;</a>&nbsp;&nbsp;&nbsp;tasks
</UL>

<P><STRONG><a name="[85]"></a>NVIC_Init</STRONG> (Thumb, 92 bytes, Stack size 8 bytes, misc.o(.text.NVIC_Init))
<BR><BR>[Stack]<UL><LI>Max Depth = 8<LI>Call Chain = NVIC_Init
</UL>
<BR>[Called By]<UL><LI><a href="#[80]">&gt;&gt;</a>&nbsp;&nbsp;&nbsp;USER_UART_NVIC
<LI><a href="#[86]">&gt;&gt;</a>&nbsp;&nbsp;&nbsp;W5500_GPIO_Init2
</UL>

<P><STRONG><a name="[84]"></a>NVIC_PriorityGroupConfig</STRONG> (Thumb, 20 bytes, Stack size 0 bytes, misc.o(.text.NVIC_PriorityGroupConfig))
<BR><BR>[Called By]<UL><LI><a href="#[80]">&gt;&gt;</a>&nbsp;&nbsp;&nbsp;USER_UART_NVIC
</UL>

<P><STRONG><a name="[f]"></a>PendSV_Handler</STRONG> (Thumb, 2 bytes, Stack size 0 bytes, stm32f10x_it.o(.text.PendSV_Handler))
<BR>[Address Reference Count : 1]<UL><LI> startup_stm32f10x_md.o(RESET)
</UL>
<P><STRONG><a name="[76]"></a>RCC_APB1PeriphClockCmd</STRONG> (Thumb, 24 bytes, Stack size 0 bytes, stm32f10x_rcc.o(.text.RCC_APB1PeriphClockCmd))
<BR><BR>[Called By]<UL><LI><a href="#[75]">&gt;&gt;</a>&nbsp;&nbsp;&nbsp;TIM_init
</UL>

<P><STRONG><a name="[82]"></a>RCC_APB1PeriphResetCmd</STRONG> (Thumb, 24 bytes, Stack size 0 bytes, stm32f10x_rcc.o(.text.RCC_APB1PeriphResetCmd))
<BR><BR>[Called By]<UL><LI><a href="#[7c]">&gt;&gt;</a>&nbsp;&nbsp;&nbsp;USART_DeInit
</UL>

<P><STRONG><a name="[70]"></a>RCC_APB2PeriphClockCmd</STRONG> (Thumb, 24 bytes, Stack size 0 bytes, stm32f10x_rcc.o(.text.RCC_APB2PeriphClockCmd))
<BR><BR>[Called By]<UL><LI><a href="#[7b]">&gt;&gt;</a>&nbsp;&nbsp;&nbsp;USART1_Init
<LI><a href="#[86]">&gt;&gt;</a>&nbsp;&nbsp;&nbsp;W5500_GPIO_Init2
<LI><a href="#[6f]">&gt;&gt;</a>&nbsp;&nbsp;&nbsp;SPI1_W5500_Init
</UL>

<P><STRONG><a name="[81]"></a>RCC_APB2PeriphResetCmd</STRONG> (Thumb, 24 bytes, Stack size 0 bytes, stm32f10x_rcc.o(.text.RCC_APB2PeriphResetCmd))
<BR><BR>[Called By]<UL><LI><a href="#[7c]">&gt;&gt;</a>&nbsp;&nbsp;&nbsp;USART_DeInit
</UL>

<P><STRONG><a name="[ae]"></a>RCC_ClearFlag</STRONG> (Thumb, 16 bytes, Stack size 0 bytes, stm32f10x_rcc.o(.text.RCC_ClearFlag))
<BR><BR>[Called By]<UL><LI><a href="#[ab]">&gt;&gt;</a>&nbsp;&nbsp;&nbsp;hardware_init
</UL>

<P><STRONG><a name="[83]"></a>RCC_GetClocksFreq</STRONG> (Thumb, 132 bytes, Stack size 8 bytes, stm32f10x_rcc.o(.text.RCC_GetClocksFreq))
<BR><BR>[Stack]<UL><LI>Max Depth = 8<LI>Call Chain = RCC_GetClocksFreq
</UL>
<BR>[Called By]<UL><LI><a href="#[7d]">&gt;&gt;</a>&nbsp;&nbsp;&nbsp;USART_Init
</UL>

<P><STRONG><a name="[ad]"></a>RCC_GetFlagStatus</STRONG> (Thumb, 44 bytes, Stack size 0 bytes, stm32f10x_rcc.o(.text.RCC_GetFlagStatus))
<BR><BR>[Called By]<UL><LI><a href="#[ab]">&gt;&gt;</a>&nbsp;&nbsp;&nbsp;hardware_init
</UL>

<P><STRONG><a name="[74]"></a>SNMP_time_handler</STRONG> (Thumb, 16 bytes, Stack size 0 bytes, snmp.o(.text.SNMP_time_handler))
<BR><BR>[Called By]<UL><LI><a href="#[10]">&gt;&gt;</a>&nbsp;&nbsp;&nbsp;SysTick_Handler
</UL>

<P><STRONG><a name="[6f]"></a>SPI1_W5500_Init</STRONG> (Thumb, 100 bytes, Stack size 32 bytes, w5500lib_init.o(.text.SPI1_W5500_Init))
<BR><BR>[Stack]<UL><LI>Max Depth = 60<LI>Call Chain = SPI1_W5500_Init &rArr; GPIO_Init
</UL>
<BR>[Calls]<UL><LI><a href="#[70]">&gt;&gt;</a>&nbsp;&nbsp;&nbsp;RCC_APB2PeriphClockCmd
<LI><a href="#[3f]">&gt;&gt;</a>&nbsp;&nbsp;&nbsp;GPIO_Init
<LI><a href="#[72]">&gt;&gt;</a>&nbsp;&nbsp;&nbsp;SPI_Init
<LI><a href="#[73]">&gt;&gt;</a>&nbsp;&nbsp;&nbsp;SPI_Cmd
<LI><a href="#[71]">&gt;&gt;</a>&nbsp;&nbsp;&nbsp;GPIO_SetBits
</UL>
<BR>[Called By]<UL><LI><a href="#[86]">&gt;&gt;</a>&nbsp;&nbsp;&nbsp;W5500_GPIO_Init2
</UL>

<P><STRONG><a name="[73]"></a>SPI_Cmd</STRONG> (Thumb, 18 bytes, Stack size 0 bytes, stm32f10x_spi.o(.text.SPI_Cmd))
<BR><BR>[Called By]<UL><LI><a href="#[6f]">&gt;&gt;</a>&nbsp;&nbsp;&nbsp;SPI1_W5500_Init
</UL>

<P><STRONG><a name="[d5]"></a>SPI_I2S_GetFlagStatus</STRONG> (Thumb, 10 bytes, Stack size 0 bytes, stm32f10x_spi.o(.text.SPI_I2S_GetFlagStatus))
<BR><BR>[Called By]<UL><LI><a href="#[48]">&gt;&gt;</a>&nbsp;&nbsp;&nbsp;wizchip_write
<LI><a href="#[47]">&gt;&gt;</a>&nbsp;&nbsp;&nbsp;wizchip_read
</UL>

<P><STRONG><a name="[d7]"></a>SPI_I2S_ReceiveData</STRONG> (Thumb, 4 bytes, Stack size 0 bytes, stm32f10x_spi.o(.text.SPI_I2S_ReceiveData))
<BR><BR>[Called By]<UL><LI><a href="#[48]">&gt;&gt;</a>&nbsp;&nbsp;&nbsp;wizchip_write
<LI><a href="#[47]">&gt;&gt;</a>&nbsp;&nbsp;&nbsp;wizchip_read
</UL>

<P><STRONG><a name="[d6]"></a>SPI_I2S_SendData</STRONG> (Thumb, 4 bytes, Stack size 0 bytes, stm32f10x_spi.o(.text.SPI_I2S_SendData))
<BR><BR>[Called By]<UL><LI><a href="#[48]">&gt;&gt;</a>&nbsp;&nbsp;&nbsp;wizchip_write
<LI><a href="#[47]">&gt;&gt;</a>&nbsp;&nbsp;&nbsp;wizchip_read
</UL>

<P><STRONG><a name="[72]"></a>SPI_Init</STRONG> (Thumb, 54 bytes, Stack size 0 bytes, stm32f10x_spi.o(.text.SPI_Init))
<BR><BR>[Called By]<UL><LI><a href="#[6f]">&gt;&gt;</a>&nbsp;&nbsp;&nbsp;SPI1_W5500_Init
</UL>

<P><STRONG><a name="[d]"></a>SVC_Handler</STRONG> (Thumb, 2 bytes, Stack size 0 bytes, stm32f10x_it.o(.text.SVC_Handler))
<BR>[Address Reference Count : 1]<UL><LI> startup_stm32f10x_md.o(RESET)
</UL>
<P><STRONG><a name="[10]"></a>SysTick_Handler</STRONG> (Thumb, 92 bytes, Stack size 0 bytes, stm32f10x_it.o(.text.SysTick_Handler))
<BR><BR>[Calls]<UL><LI><a href="#[74]">&gt;&gt;</a>&nbsp;&nbsp;&nbsp;SNMP_time_handler
</UL>
<BR>[Address Reference Count : 1]<UL><LI> startup_stm32f10x_md.o(RESET)
</UL>
<P><STRONG><a name="[ac]"></a>SystemCoreClockUpdate</STRONG> (Thumb, 84 bytes, Stack size 0 bytes, system_stm32f10x.o(.text.SystemCoreClockUpdate))
<BR><BR>[Called By]<UL><LI><a href="#[ab]">&gt;&gt;</a>&nbsp;&nbsp;&nbsp;hardware_init
</UL>

<P><STRONG><a name="[3d]"></a>SystemInit</STRONG> (Thumb, 240 bytes, Stack size 8 bytes, system_stm32f10x.o(.text.SystemInit))
<BR><BR>[Stack]<UL><LI>Max Depth = 8<LI>Call Chain = SystemInit
</UL>
<BR>[Called By]<UL><LI><a href="#[ab]">&gt;&gt;</a>&nbsp;&nbsp;&nbsp;hardware_init
</UL>
<BR>[Address Reference Count : 1]<UL><LI> startup_stm32f10x_md.o(.text)
</UL>
<P><STRONG><a name="[2d]"></a>TIM2_IRQHandler</STRONG> (Thumb, 2 bytes, Stack size 0 bytes, stm32f10x_it.o(.text.TIM2_IRQHandler))
<BR>[Address Reference Count : 1]<UL><LI> startup_stm32f10x_md.o(RESET)
</UL>
<P><STRONG><a name="[2e]"></a>TIM3_IRQHandler</STRONG> (Thumb, 2 bytes, Stack size 0 bytes, stm32f10x_it.o(.text.TIM3_IRQHandler))
<BR>[Address Reference Count : 1]<UL><LI> startup_stm32f10x_md.o(RESET)
</UL>
<P><STRONG><a name="[79]"></a>TIM_Cmd</STRONG> (Thumb, 18 bytes, Stack size 0 bytes, stm32f10x_tim.o(.text.TIM_Cmd))
<BR><BR>[Called By]<UL><LI><a href="#[75]">&gt;&gt;</a>&nbsp;&nbsp;&nbsp;TIM_init
</UL>

<P><STRONG><a name="[aa]"></a>TIM_GetCounter</STRONG> (Thumb, 4 bytes, Stack size 0 bytes, stm32f10x_tim.o(.text.TIM_GetCounter))
<BR><BR>[Called By]<UL><LI><a href="#[65]">&gt;&gt;</a>&nbsp;&nbsp;&nbsp;getns
</UL>

<P><STRONG><a name="[78]"></a>TIM_ITConfig</STRONG> (Thumb, 16 bytes, Stack size 0 bytes, stm32f10x_tim.o(.text.TIM_ITConfig))
<BR><BR>[Called By]<UL><LI><a href="#[75]">&gt;&gt;</a>&nbsp;&nbsp;&nbsp;TIM_init
</UL>

<P><STRONG><a name="[cb]"></a>TIM_SetCounter</STRONG> (Thumb, 4 bytes, Stack size 0 bytes, stm32f10x_tim.o(.text.TIM_SetCounter))
<BR><BR>[Called By]<UL><LI><a href="#[b2]">&gt;&gt;</a>&nbsp;&nbsp;&nbsp;resetns
</UL>

<P><STRONG><a name="[77]"></a>TIM_TimeBaseInit</STRONG> (Thumb, 144 bytes, Stack size 8 bytes, stm32f10x_tim.o(.text.TIM_TimeBaseInit))
<BR><BR>[Stack]<UL><LI>Max Depth = 8<LI>Call Chain = TIM_TimeBaseInit
</UL>
<BR>[Called By]<UL><LI><a href="#[75]">&gt;&gt;</a>&nbsp;&nbsp;&nbsp;TIM_init
</UL>

<P><STRONG><a name="[75]"></a>TIM_init</STRONG> (Thumb, 60 bytes, Stack size 24 bytes, tim.o(.text.TIM_init))
<BR><BR>[Stack]<UL><LI>Max Depth = 32<LI>Call Chain = TIM_init &rArr; TIM_TimeBaseInit
</UL>
<BR>[Calls]<UL><LI><a href="#[76]">&gt;&gt;</a>&nbsp;&nbsp;&nbsp;RCC_APB1PeriphClockCmd
<LI><a href="#[77]">&gt;&gt;</a>&nbsp;&nbsp;&nbsp;TIM_TimeBaseInit
<LI><a href="#[78]">&gt;&gt;</a>&nbsp;&nbsp;&nbsp;TIM_ITConfig
<LI><a href="#[79]">&gt;&gt;</a>&nbsp;&nbsp;&nbsp;TIM_Cmd
</UL>
<BR>[Called By]<UL><LI><a href="#[ab]">&gt;&gt;</a>&nbsp;&nbsp;&nbsp;hardware_init
</UL>

<P><STRONG><a name="[36]"></a>USART1_IRQHandler</STRONG> (Thumb, 60 bytes, Stack size 8 bytes, stm32f10x_it.o(.text.USART1_IRQHandler))
<BR><BR>[Stack]<UL><LI>Max Depth = 8<LI>Call Chain = USART1_IRQHandler
</UL>
<BR>[Calls]<UL><LI><a href="#[7a]">&gt;&gt;</a>&nbsp;&nbsp;&nbsp;USART_GetITStatus
</UL>
<BR>[Address Reference Count : 1]<UL><LI> startup_stm32f10x_md.o(RESET)
</UL>
<P><STRONG><a name="[7b]"></a>USART1_Init</STRONG> (Thumb, 120 bytes, Stack size 32 bytes, uart.o(.text.USART1_Init))
<BR><BR>[Stack]<UL><LI>Max Depth = 80<LI>Call Chain = USART1_Init &rArr; USART_Init &rArr; RCC_GetClocksFreq
</UL>
<BR>[Calls]<UL><LI><a href="#[80]">&gt;&gt;</a>&nbsp;&nbsp;&nbsp;USER_UART_NVIC
<LI><a href="#[7d]">&gt;&gt;</a>&nbsp;&nbsp;&nbsp;USART_Init
<LI><a href="#[7e]">&gt;&gt;</a>&nbsp;&nbsp;&nbsp;USART_ITConfig
<LI><a href="#[7c]">&gt;&gt;</a>&nbsp;&nbsp;&nbsp;USART_DeInit
<LI><a href="#[7f]">&gt;&gt;</a>&nbsp;&nbsp;&nbsp;USART_Cmd
<LI><a href="#[69]">&gt;&gt;</a>&nbsp;&nbsp;&nbsp;GPIO_PortClock
<LI><a href="#[67]">&gt;&gt;</a>&nbsp;&nbsp;&nbsp;GPIO_PinConfigure
<LI><a href="#[70]">&gt;&gt;</a>&nbsp;&nbsp;&nbsp;RCC_APB2PeriphClockCmd
</UL>
<BR>[Called By]<UL><LI><a href="#[ab]">&gt;&gt;</a>&nbsp;&nbsp;&nbsp;hardware_init
</UL>

<P><STRONG><a name="[37]"></a>USART2_IRQHandler</STRONG> (Thumb, 100 bytes, Stack size 16 bytes, stm32f10x_it.o(.text.USART2_IRQHandler))
<BR><BR>[Stack]<UL><LI>Max Depth = 16<LI>Call Chain = USART2_IRQHandler
</UL>
<BR>[Calls]<UL><LI><a href="#[7a]">&gt;&gt;</a>&nbsp;&nbsp;&nbsp;USART_GetITStatus
</UL>
<BR>[Address Reference Count : 1]<UL><LI> startup_stm32f10x_md.o(RESET)
</UL>
<P><STRONG><a name="[7f]"></a>USART_Cmd</STRONG> (Thumb, 18 bytes, Stack size 0 bytes, stm32f10x_usart.o(.text.USART_Cmd))
<BR><BR>[Called By]<UL><LI><a href="#[7b]">&gt;&gt;</a>&nbsp;&nbsp;&nbsp;USART1_Init
</UL>

<P><STRONG><a name="[7c]"></a>USART_DeInit</STRONG> (Thumb, 152 bytes, Stack size 8 bytes, stm32f10x_usart.o(.text.USART_DeInit))
<BR><BR>[Stack]<UL><LI>Max Depth = 8<LI>Call Chain = USART_DeInit
</UL>
<BR>[Calls]<UL><LI><a href="#[82]">&gt;&gt;</a>&nbsp;&nbsp;&nbsp;RCC_APB1PeriphResetCmd
<LI><a href="#[81]">&gt;&gt;</a>&nbsp;&nbsp;&nbsp;RCC_APB2PeriphResetCmd
</UL>
<BR>[Called By]<UL><LI><a href="#[7b]">&gt;&gt;</a>&nbsp;&nbsp;&nbsp;USART1_Init
</UL>

<P><STRONG><a name="[a6]"></a>USART_GetFlagStatus</STRONG> (Thumb, 10 bytes, Stack size 0 bytes, stm32f10x_usart.o(.text.USART_GetFlagStatus))
<BR><BR>[Called By]<UL><LI><a href="#[4d]">&gt;&gt;</a>&nbsp;&nbsp;&nbsp;fputc
</UL>

<P><STRONG><a name="[7a]"></a>USART_GetITStatus</STRONG> (Thumb, 66 bytes, Stack size 0 bytes, stm32f10x_usart.o(.text.USART_GetITStatus))
<BR><BR>[Called By]<UL><LI><a href="#[37]">&gt;&gt;</a>&nbsp;&nbsp;&nbsp;USART2_IRQHandler
<LI><a href="#[36]">&gt;&gt;</a>&nbsp;&nbsp;&nbsp;USART1_IRQHandler
</UL>

<P><STRONG><a name="[7e]"></a>USART_ITConfig</STRONG> (Thumb, 46 bytes, Stack size 0 bytes, stm32f10x_usart.o(.text.USART_ITConfig))
<BR><BR>[Called By]<UL><LI><a href="#[7b]">&gt;&gt;</a>&nbsp;&nbsp;&nbsp;USART1_Init
</UL>

<P><STRONG><a name="[7d]"></a>USART_Init</STRONG> (Thumb, 164 bytes, Stack size 40 bytes, stm32f10x_usart.o(.text.USART_Init))
<BR><BR>[Stack]<UL><LI>Max Depth = 48<LI>Call Chain = USART_Init &rArr; RCC_GetClocksFreq
</UL>
<BR>[Calls]<UL><LI><a href="#[83]">&gt;&gt;</a>&nbsp;&nbsp;&nbsp;RCC_GetClocksFreq
</UL>
<BR>[Called By]<UL><LI><a href="#[7b]">&gt;&gt;</a>&nbsp;&nbsp;&nbsp;USART1_Init
</UL>

<P><STRONG><a name="[a7]"></a>USART_SendData</STRONG> (Thumb, 8 bytes, Stack size 0 bytes, stm32f10x_usart.o(.text.USART_SendData))
<BR><BR>[Called By]<UL><LI><a href="#[4d]">&gt;&gt;</a>&nbsp;&nbsp;&nbsp;fputc
</UL>

<P><STRONG><a name="[80]"></a>USER_UART_NVIC</STRONG> (Thumb, 32 bytes, Stack size 16 bytes, uart.o(.text.USER_UART_NVIC))
<BR><BR>[Stack]<UL><LI>Max Depth = 24<LI>Call Chain = USER_UART_NVIC &rArr; NVIC_Init
</UL>
<BR>[Calls]<UL><LI><a href="#[84]">&gt;&gt;</a>&nbsp;&nbsp;&nbsp;NVIC_PriorityGroupConfig
<LI><a href="#[85]">&gt;&gt;</a>&nbsp;&nbsp;&nbsp;NVIC_Init
</UL>
<BR>[Called By]<UL><LI><a href="#[7b]">&gt;&gt;</a>&nbsp;&nbsp;&nbsp;USART1_Init
</UL>

<P><STRONG><a name="[c]"></a>UsageFault_Handler</STRONG> (Thumb, 2 bytes, Stack size 0 bytes, stm32f10x_it.o(.text.UsageFault_Handler))
<BR><BR>[Calls]<UL><LI><a href="#[c]">&gt;&gt;</a>&nbsp;&nbsp;&nbsp;UsageFault_Handler
</UL>
<BR>[Called By]<UL><LI><a href="#[c]">&gt;&gt;</a>&nbsp;&nbsp;&nbsp;UsageFault_Handler
</UL>
<BR>[Address Reference Count : 1]<UL><LI> startup_stm32f10x_md.o(RESET)
</UL>
<P><STRONG><a name="[86]"></a>W5500_GPIO_Init2</STRONG> (Thumb, 156 bytes, Stack size 40 bytes, w5500lib_init.o(.text.W5500_GPIO_Init2))
<BR><BR>[Stack]<UL><LI>Max Depth = 100<LI>Call Chain = W5500_GPIO_Init2 &rArr; SPI1_W5500_Init &rArr; GPIO_Init
</UL>
<BR>[Calls]<UL><LI><a href="#[85]">&gt;&gt;</a>&nbsp;&nbsp;&nbsp;NVIC_Init
<LI><a href="#[70]">&gt;&gt;</a>&nbsp;&nbsp;&nbsp;RCC_APB2PeriphClockCmd
<LI><a href="#[6f]">&gt;&gt;</a>&nbsp;&nbsp;&nbsp;SPI1_W5500_Init
<LI><a href="#[87]">&gt;&gt;</a>&nbsp;&nbsp;&nbsp;GPIO_ResetBits
<LI><a href="#[88]">&gt;&gt;</a>&nbsp;&nbsp;&nbsp;GPIO_EXTILineConfig
<LI><a href="#[89]">&gt;&gt;</a>&nbsp;&nbsp;&nbsp;EXTI_Init
<LI><a href="#[71]">&gt;&gt;</a>&nbsp;&nbsp;&nbsp;GPIO_SetBits
</UL>
<BR>[Called By]<UL><LI><a href="#[b0]">&gt;&gt;</a>&nbsp;&nbsp;&nbsp;w5500_lib_init
</UL>

<P><STRONG><a name="[49]"></a>WIZCHIP_READ</STRONG> (Thumb, 96 bytes, Stack size 24 bytes, w5500.o(.text.WIZCHIP_READ))
<BR><BR>[Stack]<UL><LI>Max Depth = 24<LI>Call Chain = WIZCHIP_READ
</UL>
<BR>[Called By]<UL><LI><a href="#[d1]">&gt;&gt;</a>&nbsp;&nbsp;&nbsp;wzn_event_handle
<LI><a href="#[6e]">&gt;&gt;</a>&nbsp;&nbsp;&nbsp;socket
<LI><a href="#[cf]">&gt;&gt;</a>&nbsp;&nbsp;&nbsp;snmpd_run
<LI><a href="#[6d]">&gt;&gt;</a>&nbsp;&nbsp;&nbsp;sendto
<LI><a href="#[b9]">&gt;&gt;</a>&nbsp;&nbsp;&nbsp;send
<LI><a href="#[6c]">&gt;&gt;</a>&nbsp;&nbsp;&nbsp;recvfrom
<LI><a href="#[b8]">&gt;&gt;</a>&nbsp;&nbsp;&nbsp;recv
<LI><a href="#[b7]">&gt;&gt;</a>&nbsp;&nbsp;&nbsp;loopback_tcps
<LI><a href="#[b6]">&gt;&gt;</a>&nbsp;&nbsp;&nbsp;listen
<LI><a href="#[6b]">&gt;&gt;</a>&nbsp;&nbsp;&nbsp;getSn_RX_RSR
<LI><a href="#[9f]">&gt;&gt;</a>&nbsp;&nbsp;&nbsp;disconnect
<LI><a href="#[92]">&gt;&gt;</a>&nbsp;&nbsp;&nbsp;ctlwizchip
<LI><a href="#[8a]">&gt;&gt;</a>&nbsp;&nbsp;&nbsp;close
<LI><a href="#[6a]">&gt;&gt;</a>&nbsp;&nbsp;&nbsp;NTPUDP
<LI><a href="#[cc]">&gt;&gt;</a>&nbsp;&nbsp;&nbsp;wiz_send_data
<LI><a href="#[ca]">&gt;&gt;</a>&nbsp;&nbsp;&nbsp;wiz_recv_ignore
<LI><a href="#[c9]">&gt;&gt;</a>&nbsp;&nbsp;&nbsp;wiz_recv_data
<LI><a href="#[a9]">&gt;&gt;</a>&nbsp;&nbsp;&nbsp;getSn_TX_FSR
<LI><a href="#[9c]">&gt;&gt;</a>&nbsp;&nbsp;&nbsp;wizphy_setphypmode
<LI><a href="#[99]">&gt;&gt;</a>&nbsp;&nbsp;&nbsp;wizphy_reset
<LI><a href="#[9d]">&gt;&gt;</a>&nbsp;&nbsp;&nbsp;wizphy_getphypmode
<LI><a href="#[9e]">&gt;&gt;</a>&nbsp;&nbsp;&nbsp;wizphy_getphylink
<LI><a href="#[9b]">&gt;&gt;</a>&nbsp;&nbsp;&nbsp;wizphy_getphyconf
<LI><a href="#[93]">&gt;&gt;</a>&nbsp;&nbsp;&nbsp;wizchip_sw_reset
<LI><a href="#[8e]">&gt;&gt;</a>&nbsp;&nbsp;&nbsp;wizchip_setnetmode
<LI><a href="#[8f]">&gt;&gt;</a>&nbsp;&nbsp;&nbsp;wizchip_getnetmode
<LI><a href="#[98]">&gt;&gt;</a>&nbsp;&nbsp;&nbsp;wizchip_getinterruptmask
<LI><a href="#[95]">&gt;&gt;</a>&nbsp;&nbsp;&nbsp;wizchip_getinterrupt
</UL>
<BR>[Address Reference Count : 1]<UL><LI> wizchip_conf.o(.text.wizchip_gettimeout)
</UL>
<P><STRONG><a name="[4b]"></a>WIZCHIP_READ_BUF</STRONG> (Thumb, 112 bytes, Stack size 24 bytes, w5500.o(.text.WIZCHIP_READ_BUF))
<BR><BR>[Stack]<UL><LI>Max Depth = 24<LI>Call Chain = WIZCHIP_READ_BUF
</UL>
<BR>[Called By]<UL><LI><a href="#[6e]">&gt;&gt;</a>&nbsp;&nbsp;&nbsp;socket
<LI><a href="#[c9]">&gt;&gt;</a>&nbsp;&nbsp;&nbsp;wiz_recv_data
</UL>
<BR>[Address Reference Count : 1]<UL><LI> wizchip_conf.o(.text.wizchip_sw_reset)
</UL>
<P><STRONG><a name="[4a]"></a>WIZCHIP_WRITE</STRONG> (Thumb, 96 bytes, Stack size 24 bytes, w5500.o(.text.WIZCHIP_WRITE))
<BR><BR>[Stack]<UL><LI>Max Depth = 24<LI>Call Chain = WIZCHIP_WRITE
</UL>
<BR>[Called By]<UL><LI><a href="#[d1]">&gt;&gt;</a>&nbsp;&nbsp;&nbsp;wzn_event_handle
<LI><a href="#[6e]">&gt;&gt;</a>&nbsp;&nbsp;&nbsp;socket
<LI><a href="#[6d]">&gt;&gt;</a>&nbsp;&nbsp;&nbsp;sendto
<LI><a href="#[b9]">&gt;&gt;</a>&nbsp;&nbsp;&nbsp;send
<LI><a href="#[6c]">&gt;&gt;</a>&nbsp;&nbsp;&nbsp;recvfrom
<LI><a href="#[b8]">&gt;&gt;</a>&nbsp;&nbsp;&nbsp;recv
<LI><a href="#[b7]">&gt;&gt;</a>&nbsp;&nbsp;&nbsp;loopback_tcps
<LI><a href="#[b6]">&gt;&gt;</a>&nbsp;&nbsp;&nbsp;listen
<LI><a href="#[9f]">&gt;&gt;</a>&nbsp;&nbsp;&nbsp;disconnect
<LI><a href="#[92]">&gt;&gt;</a>&nbsp;&nbsp;&nbsp;ctlwizchip
<LI><a href="#[8a]">&gt;&gt;</a>&nbsp;&nbsp;&nbsp;close
<LI><a href="#[cc]">&gt;&gt;</a>&nbsp;&nbsp;&nbsp;wiz_send_data
<LI><a href="#[ca]">&gt;&gt;</a>&nbsp;&nbsp;&nbsp;wiz_recv_ignore
<LI><a href="#[c9]">&gt;&gt;</a>&nbsp;&nbsp;&nbsp;wiz_recv_data
<LI><a href="#[9c]">&gt;&gt;</a>&nbsp;&nbsp;&nbsp;wizphy_setphypmode
<LI><a href="#[9a]">&gt;&gt;</a>&nbsp;&nbsp;&nbsp;wizphy_setphyconf
<LI><a href="#[99]">&gt;&gt;</a>&nbsp;&nbsp;&nbsp;wizphy_reset
<LI><a href="#[93]">&gt;&gt;</a>&nbsp;&nbsp;&nbsp;wizchip_sw_reset
<LI><a href="#[8e]">&gt;&gt;</a>&nbsp;&nbsp;&nbsp;wizchip_setnetmode
<LI><a href="#[97]">&gt;&gt;</a>&nbsp;&nbsp;&nbsp;wizchip_setinterruptmask
<LI><a href="#[94]">&gt;&gt;</a>&nbsp;&nbsp;&nbsp;wizchip_init
<LI><a href="#[96]">&gt;&gt;</a>&nbsp;&nbsp;&nbsp;wizchip_clrinterrupt
</UL>
<BR>[Address Reference Count : 1]<UL><LI> wizchip_conf.o(.text.wizchip_settimeout)
</UL>
<P><STRONG><a name="[4c]"></a>WIZCHIP_WRITE_BUF</STRONG> (Thumb, 120 bytes, Stack size 32 bytes, w5500.o(.text.WIZCHIP_WRITE_BUF))
<BR><BR>[Stack]<UL><LI>Max Depth = 32<LI>Call Chain = WIZCHIP_WRITE_BUF
</UL>
<BR>[Called By]<UL><LI><a href="#[6d]">&gt;&gt;</a>&nbsp;&nbsp;&nbsp;sendto
<LI><a href="#[cc]">&gt;&gt;</a>&nbsp;&nbsp;&nbsp;wiz_send_data
</UL>
<BR>[Address Reference Count : 1]<UL><LI> wizchip_conf.o(.text.wizchip_sw_reset)
</UL>
<P><STRONG><a name="[ba]"></a>WWDG_SetCounter</STRONG> (Thumb, 16 bytes, Stack size 0 bytes, stm32f10x_wwdg.o(.text.WWDG_SetCounter))
<BR><BR>[Called By]<UL><LI><a href="#[3c]">&gt;&gt;</a>&nbsp;&nbsp;&nbsp;main
</UL>

<P><STRONG><a name="[8a]"></a>close</STRONG> (Thumb, 112 bytes, Stack size 16 bytes, socket.o(.text.close))
<BR><BR>[Stack]<UL><LI>Max Depth = 40<LI>Call Chain = close &rArr; WIZCHIP_WRITE
</UL>
<BR>[Calls]<UL><LI><a href="#[4a]">&gt;&gt;</a>&nbsp;&nbsp;&nbsp;WIZCHIP_WRITE
<LI><a href="#[49]">&gt;&gt;</a>&nbsp;&nbsp;&nbsp;WIZCHIP_READ
</UL>
<BR>[Called By]<UL><LI><a href="#[6e]">&gt;&gt;</a>&nbsp;&nbsp;&nbsp;socket
<LI><a href="#[b9]">&gt;&gt;</a>&nbsp;&nbsp;&nbsp;send
<LI><a href="#[6c]">&gt;&gt;</a>&nbsp;&nbsp;&nbsp;recvfrom
<LI><a href="#[b8]">&gt;&gt;</a>&nbsp;&nbsp;&nbsp;recv
<LI><a href="#[b7]">&gt;&gt;</a>&nbsp;&nbsp;&nbsp;loopback_tcps
<LI><a href="#[b6]">&gt;&gt;</a>&nbsp;&nbsp;&nbsp;listen
<LI><a href="#[9f]">&gt;&gt;</a>&nbsp;&nbsp;&nbsp;disconnect
<LI><a href="#[b5]">&gt;&gt;</a>&nbsp;&nbsp;&nbsp;snmp_sendTrap
</UL>

<P><STRONG><a name="[8b]"></a>ctlnetwork</STRONG> (Thumb, 76 bytes, Stack size 8 bytes, wizchip_conf.o(.text.ctlnetwork))
<BR><BR>[Stack]<UL><LI>Max Depth = 48<LI>Call Chain = ctlnetwork &rArr; wizchip_setnetmode &rArr; WIZCHIP_WRITE
</UL>
<BR>[Calls]<UL><LI><a href="#[90]">&gt;&gt;</a>&nbsp;&nbsp;&nbsp;wizchip_settimeout
<LI><a href="#[8e]">&gt;&gt;</a>&nbsp;&nbsp;&nbsp;wizchip_setnetmode
<LI><a href="#[8c]">&gt;&gt;</a>&nbsp;&nbsp;&nbsp;wizchip_setnetinfo
<LI><a href="#[91]">&gt;&gt;</a>&nbsp;&nbsp;&nbsp;wizchip_gettimeout
<LI><a href="#[8f]">&gt;&gt;</a>&nbsp;&nbsp;&nbsp;wizchip_getnetmode
<LI><a href="#[8d]">&gt;&gt;</a>&nbsp;&nbsp;&nbsp;wizchip_getnetinfo
</UL>
<BR>[Called By]<UL><LI><a href="#[b1]">&gt;&gt;</a>&nbsp;&nbsp;&nbsp;network_init
</UL>

<P><STRONG><a name="[92]"></a>ctlwizchip</STRONG> (Thumb, 220 bytes, Stack size 16 bytes, wizchip_conf.o(.text.ctlwizchip))
<BR><BR>[Stack]<UL><LI>Max Depth = 112<LI>Call Chain = ctlwizchip &rArr; wizchip_init &rArr; wizchip_sw_reset &rArr; WIZCHIP_WRITE
</UL>
<BR>[Calls]<UL><LI><a href="#[4a]">&gt;&gt;</a>&nbsp;&nbsp;&nbsp;WIZCHIP_WRITE
<LI><a href="#[49]">&gt;&gt;</a>&nbsp;&nbsp;&nbsp;WIZCHIP_READ
<LI><a href="#[9c]">&gt;&gt;</a>&nbsp;&nbsp;&nbsp;wizphy_setphypmode
<LI><a href="#[9a]">&gt;&gt;</a>&nbsp;&nbsp;&nbsp;wizphy_setphyconf
<LI><a href="#[99]">&gt;&gt;</a>&nbsp;&nbsp;&nbsp;wizphy_reset
<LI><a href="#[9d]">&gt;&gt;</a>&nbsp;&nbsp;&nbsp;wizphy_getphypmode
<LI><a href="#[9e]">&gt;&gt;</a>&nbsp;&nbsp;&nbsp;wizphy_getphylink
<LI><a href="#[9b]">&gt;&gt;</a>&nbsp;&nbsp;&nbsp;wizphy_getphyconf
<LI><a href="#[93]">&gt;&gt;</a>&nbsp;&nbsp;&nbsp;wizchip_sw_reset
<LI><a href="#[97]">&gt;&gt;</a>&nbsp;&nbsp;&nbsp;wizchip_setinterruptmask
<LI><a href="#[94]">&gt;&gt;</a>&nbsp;&nbsp;&nbsp;wizchip_init
<LI><a href="#[98]">&gt;&gt;</a>&nbsp;&nbsp;&nbsp;wizchip_getinterruptmask
<LI><a href="#[95]">&gt;&gt;</a>&nbsp;&nbsp;&nbsp;wizchip_getinterrupt
<LI><a href="#[96]">&gt;&gt;</a>&nbsp;&nbsp;&nbsp;wizchip_clrinterrupt
</UL>
<BR>[Called By]<UL><LI><a href="#[d1]">&gt;&gt;</a>&nbsp;&nbsp;&nbsp;wzn_event_handle
<LI><a href="#[b0]">&gt;&gt;</a>&nbsp;&nbsp;&nbsp;w5500_lib_init
<LI><a href="#[b1]">&gt;&gt;</a>&nbsp;&nbsp;&nbsp;network_init
</UL>

<P><STRONG><a name="[6]"></a>currentUptime</STRONG> (Thumb, 28 bytes, Stack size 0 bytes, snmp.o(.text.currentUptime))
<BR>[Address Reference Count : 1]<UL><LI> snmp_custom.o(.data.snmpData)
</UL>
<P><STRONG><a name="[d2]"></a>delay_cnt</STRONG> (Thumb, 20 bytes, Stack size 4 bytes, w5500lib_init.o(.text.delay_cnt))
<BR><BR>[Stack]<UL><LI>Max Depth = 4<LI>Call Chain = delay_cnt
</UL>
<BR>[Called By]<UL><LI><a href="#[b0]">&gt;&gt;</a>&nbsp;&nbsp;&nbsp;w5500_lib_init
</UL>

<P><STRONG><a name="[af]"></a>delay_ms</STRONG> (Thumb, 34 bytes, Stack size 8 bytes, delay.o(.text.delay_ms))
<BR><BR>[Stack]<UL><LI>Max Depth = 8<LI>Call Chain = delay_ms
</UL>
<BR>[Called By]<UL><LI><a href="#[ab]">&gt;&gt;</a>&nbsp;&nbsp;&nbsp;hardware_init
</UL>

<P><STRONG><a name="[9f]"></a>disconnect</STRONG> (Thumb, 128 bytes, Stack size 16 bytes, socket.o(.text.disconnect))
<BR><BR>[Stack]<UL><LI>Max Depth = 56<LI>Call Chain = disconnect &rArr; close &rArr; WIZCHIP_WRITE
</UL>
<BR>[Calls]<UL><LI><a href="#[8a]">&gt;&gt;</a>&nbsp;&nbsp;&nbsp;close
<LI><a href="#[4a]">&gt;&gt;</a>&nbsp;&nbsp;&nbsp;WIZCHIP_WRITE
<LI><a href="#[49]">&gt;&gt;</a>&nbsp;&nbsp;&nbsp;WIZCHIP_READ
</UL>
<BR>[Called By]<UL><LI><a href="#[b7]">&gt;&gt;</a>&nbsp;&nbsp;&nbsp;loopback_tcps
</UL>

<P><STRONG><a name="[a0]"></a>dumpCode</STRONG> (Thumb, 216 bytes, Stack size 40 bytes, snmp.o(.text.dumpCode))
<BR><BR>[Stack]<UL><LI>Max Depth = 64<LI>Call Chain = dumpCode &rArr; puts &rArr; fputc
</UL>
<BR>[Calls]<UL><LI><a href="#[a1]">&gt;&gt;</a>&nbsp;&nbsp;&nbsp;__rt_ctype_table
<LI><a href="#[a2]">&gt;&gt;</a>&nbsp;&nbsp;&nbsp;putchar
<LI><a href="#[a3]">&gt;&gt;</a>&nbsp;&nbsp;&nbsp;puts
<LI><a href="#[40]">&gt;&gt;</a>&nbsp;&nbsp;&nbsp;__2printf
</UL>
<BR>[Called By]<UL><LI><a href="#[cf]">&gt;&gt;</a>&nbsp;&nbsp;&nbsp;snmpd_run
</UL>

<P><STRONG><a name="[a4]"></a>findEntry</STRONG> (Thumb, 68 bytes, Stack size 24 bytes, snmp.o(.text.findEntry))
<BR><BR>[Stack]<UL><LI>Max Depth = 36<LI>Call Chain = findEntry &rArr; memcmp
</UL>
<BR>[Calls]<UL><LI><a href="#[a5]">&gt;&gt;</a>&nbsp;&nbsp;&nbsp;memcmp
</UL>
<BR>[Called By]<UL><LI><a href="#[c5]">&gt;&gt;</a>&nbsp;&nbsp;&nbsp;parseVarBind
</UL>

<P><STRONG><a name="[4d]"></a>fputc</STRONG> (Thumb, 36 bytes, Stack size 16 bytes, c8t6f2main.o(.text.fputc))
<BR><BR>[Stack]<UL><LI>Max Depth = 16<LI>Call Chain = fputc
</UL>
<BR>[Calls]<UL><LI><a href="#[a7]">&gt;&gt;</a>&nbsp;&nbsp;&nbsp;USART_SendData
<LI><a href="#[a6]">&gt;&gt;</a>&nbsp;&nbsp;&nbsp;USART_GetFlagStatus
</UL>
<BR>[Called By]<UL><LI><a href="#[a2]">&gt;&gt;</a>&nbsp;&nbsp;&nbsp;putchar
<LI><a href="#[a3]">&gt;&gt;</a>&nbsp;&nbsp;&nbsp;puts
</UL>
<BR>[Address Reference Count : 1]<UL><LI> printfa.o(i.__0printf)
</UL>
<P><STRONG><a name="[a8]"></a>getEntry</STRONG> (Thumb, 232 bytes, Stack size 24 bytes, snmp.o(.text.getEntry))
<BR><BR>[Stack]<UL><LI>Max Depth = 24<LI>Call Chain = getEntry
</UL>
<BR>[Calls]<UL><LI><a href="#[44]">&gt;&gt;</a>&nbsp;&nbsp;&nbsp;strlen
</UL>
<BR>[Called By]<UL><LI><a href="#[c5]">&gt;&gt;</a>&nbsp;&nbsp;&nbsp;parseVarBind
</UL>

<P><STRONG><a name="[c7]"></a>getOID</STRONG> (Thumb, 68 bytes, Stack size 0 bytes, snmp.o(.text.getOID))
<BR><BR>[Called By]<UL><LI><a href="#[c5]">&gt;&gt;</a>&nbsp;&nbsp;&nbsp;parseVarBind
</UL>

<P><STRONG><a name="[6b]"></a>getSn_RX_RSR</STRONG> (Thumb, 68 bytes, Stack size 24 bytes, w5500.o(.text.getSn_RX_RSR))
<BR><BR>[Stack]<UL><LI>Max Depth = 48<LI>Call Chain = getSn_RX_RSR &rArr; WIZCHIP_READ
</UL>
<BR>[Calls]<UL><LI><a href="#[49]">&gt;&gt;</a>&nbsp;&nbsp;&nbsp;WIZCHIP_READ
</UL>
<BR>[Called By]<UL><LI><a href="#[cf]">&gt;&gt;</a>&nbsp;&nbsp;&nbsp;snmpd_run
<LI><a href="#[6c]">&gt;&gt;</a>&nbsp;&nbsp;&nbsp;recvfrom
<LI><a href="#[b8]">&gt;&gt;</a>&nbsp;&nbsp;&nbsp;recv
<LI><a href="#[b7]">&gt;&gt;</a>&nbsp;&nbsp;&nbsp;loopback_tcps
<LI><a href="#[6a]">&gt;&gt;</a>&nbsp;&nbsp;&nbsp;NTPUDP
</UL>

<P><STRONG><a name="[a9]"></a>getSn_TX_FSR</STRONG> (Thumb, 68 bytes, Stack size 24 bytes, w5500.o(.text.getSn_TX_FSR))
<BR><BR>[Stack]<UL><LI>Max Depth = 48<LI>Call Chain = getSn_TX_FSR &rArr; WIZCHIP_READ
</UL>
<BR>[Calls]<UL><LI><a href="#[49]">&gt;&gt;</a>&nbsp;&nbsp;&nbsp;WIZCHIP_READ
</UL>
<BR>[Called By]<UL><LI><a href="#[6d]">&gt;&gt;</a>&nbsp;&nbsp;&nbsp;sendto
<LI><a href="#[b9]">&gt;&gt;</a>&nbsp;&nbsp;&nbsp;send
<LI><a href="#[b8]">&gt;&gt;</a>&nbsp;&nbsp;&nbsp;recv
</UL>

<P><STRONG><a name="[cd]"></a>getValue</STRONG> (Thumb, 32 bytes, Stack size 0 bytes, snmp.o(.text.getValue))
<BR><BR>[Called By]<UL><LI><a href="#[c8]">&gt;&gt;</a>&nbsp;&nbsp;&nbsp;setEntry
</UL>

<P><STRONG><a name="[65]"></a>getns</STRONG> (Thumb, 32 bytes, Stack size 8 bytes, c8t6f2fucn.o(.text.getns))
<BR><BR>[Stack]<UL><LI>Max Depth = 8<LI>Call Chain = getns
</UL>
<BR>[Calls]<UL><LI><a href="#[aa]">&gt;&gt;</a>&nbsp;&nbsp;&nbsp;TIM_GetCounter
</UL>
<BR>[Called By]<UL><LI><a href="#[6a]">&gt;&gt;</a>&nbsp;&nbsp;&nbsp;NTPUDP
<LI><a href="#[1a]">&gt;&gt;</a>&nbsp;&nbsp;&nbsp;EXTI3_IRQHandler
</UL>

<P><STRONG><a name="[ab]"></a>hardware_init</STRONG> (Thumb, 236 bytes, Stack size 8 bytes, c8t6f2fucn.o(.text.hardware_init))
<BR><BR>[Stack]<UL><LI>Max Depth = 304<LI>Call Chain = hardware_init &rArr; snmpd_init &rArr; initial_Trap &rArr; snmp_sendTrap &rArr; sendto &rArr; wiz_send_data &rArr; WIZCHIP_WRITE_BUF
</UL>
<BR>[Calls]<UL><LI><a href="#[b0]">&gt;&gt;</a>&nbsp;&nbsp;&nbsp;w5500_lib_init
<LI><a href="#[b3]">&gt;&gt;</a>&nbsp;&nbsp;&nbsp;snmpd_init
<LI><a href="#[b2]">&gt;&gt;</a>&nbsp;&nbsp;&nbsp;resetns
<LI><a href="#[b1]">&gt;&gt;</a>&nbsp;&nbsp;&nbsp;network_init
<LI><a href="#[af]">&gt;&gt;</a>&nbsp;&nbsp;&nbsp;delay_ms
<LI><a href="#[7b]">&gt;&gt;</a>&nbsp;&nbsp;&nbsp;USART1_Init
<LI><a href="#[75]">&gt;&gt;</a>&nbsp;&nbsp;&nbsp;TIM_init
<LI><a href="#[3d]">&gt;&gt;</a>&nbsp;&nbsp;&nbsp;SystemInit
<LI><a href="#[ac]">&gt;&gt;</a>&nbsp;&nbsp;&nbsp;SystemCoreClockUpdate
<LI><a href="#[ad]">&gt;&gt;</a>&nbsp;&nbsp;&nbsp;RCC_GetFlagStatus
<LI><a href="#[ae]">&gt;&gt;</a>&nbsp;&nbsp;&nbsp;RCC_ClearFlag
<LI><a href="#[a3]">&gt;&gt;</a>&nbsp;&nbsp;&nbsp;puts
<LI><a href="#[40]">&gt;&gt;</a>&nbsp;&nbsp;&nbsp;__2printf
</UL>
<BR>[Called By]<UL><LI><a href="#[3c]">&gt;&gt;</a>&nbsp;&nbsp;&nbsp;main
</UL>

<P><STRONG><a name="[ce]"></a>initTable</STRONG> (Thumb, 16 bytes, Stack size 0 bytes, snmp_custom.o(.text.initTable))
<BR><BR>[Called By]<UL><LI><a href="#[b3]">&gt;&gt;</a>&nbsp;&nbsp;&nbsp;snmpd_init
</UL>

<P><STRONG><a name="[b4]"></a>initial_Trap</STRONG> (Thumb, 60 bytes, Stack size 112 bytes, snmp_custom.o(.text.initial_Trap))
<BR><BR>[Stack]<UL><LI>Max Depth = 272<LI>Call Chain = initial_Trap &rArr; snmp_sendTrap &rArr; sendto &rArr; wiz_send_data &rArr; WIZCHIP_WRITE_BUF
</UL>
<BR>[Calls]<UL><LI><a href="#[b5]">&gt;&gt;</a>&nbsp;&nbsp;&nbsp;snmp_sendTrap
</UL>
<BR>[Called By]<UL><LI><a href="#[b3]">&gt;&gt;</a>&nbsp;&nbsp;&nbsp;snmpd_init
</UL>

<P><STRONG><a name="[c1]"></a>insertRespLen</STRONG> (Thumb, 80 bytes, Stack size 16 bytes, snmp.o(.text.insertRespLen))
<BR><BR>[Stack]<UL><LI>Max Depth = 16<LI>Call Chain = insertRespLen
</UL>
<BR>[Called By]<UL><LI><a href="#[c0]">&gt;&gt;</a>&nbsp;&nbsp;&nbsp;parseSequenceOf
<LI><a href="#[c4]">&gt;&gt;</a>&nbsp;&nbsp;&nbsp;parseSequence
<LI><a href="#[c2]">&gt;&gt;</a>&nbsp;&nbsp;&nbsp;parseSNMPMessage
<LI><a href="#[bf]">&gt;&gt;</a>&nbsp;&nbsp;&nbsp;parseRequest
</UL>

<P><STRONG><a name="[b6]"></a>listen</STRONG> (Thumb, 102 bytes, Stack size 16 bytes, socket.o(.text.listen))
<BR><BR>[Stack]<UL><LI>Max Depth = 56<LI>Call Chain = listen &rArr; close &rArr; WIZCHIP_WRITE
</UL>
<BR>[Calls]<UL><LI><a href="#[8a]">&gt;&gt;</a>&nbsp;&nbsp;&nbsp;close
<LI><a href="#[4a]">&gt;&gt;</a>&nbsp;&nbsp;&nbsp;WIZCHIP_WRITE
<LI><a href="#[49]">&gt;&gt;</a>&nbsp;&nbsp;&nbsp;WIZCHIP_READ
</UL>
<BR>[Called By]<UL><LI><a href="#[b7]">&gt;&gt;</a>&nbsp;&nbsp;&nbsp;loopback_tcps
</UL>

<P><STRONG><a name="[b7]"></a>loopback_tcps</STRONG> (Thumb, 328 bytes, Stack size 24 bytes, c8t6f2fucn.o(.text.loopback_tcps))
<BR><BR>[Stack]<UL><LI>Max Depth = 128<LI>Call Chain = loopback_tcps &rArr; send &rArr; wiz_send_data &rArr; WIZCHIP_WRITE_BUF
</UL>
<BR>[Calls]<UL><LI><a href="#[6e]">&gt;&gt;</a>&nbsp;&nbsp;&nbsp;socket
<LI><a href="#[b9]">&gt;&gt;</a>&nbsp;&nbsp;&nbsp;send
<LI><a href="#[b8]">&gt;&gt;</a>&nbsp;&nbsp;&nbsp;recv
<LI><a href="#[b6]">&gt;&gt;</a>&nbsp;&nbsp;&nbsp;listen
<LI><a href="#[6b]">&gt;&gt;</a>&nbsp;&nbsp;&nbsp;getSn_RX_RSR
<LI><a href="#[9f]">&gt;&gt;</a>&nbsp;&nbsp;&nbsp;disconnect
<LI><a href="#[8a]">&gt;&gt;</a>&nbsp;&nbsp;&nbsp;close
<LI><a href="#[4a]">&gt;&gt;</a>&nbsp;&nbsp;&nbsp;WIZCHIP_WRITE
<LI><a href="#[49]">&gt;&gt;</a>&nbsp;&nbsp;&nbsp;WIZCHIP_READ
<LI><a href="#[40]">&gt;&gt;</a>&nbsp;&nbsp;&nbsp;__2printf
</UL>
<BR>[Called By]<UL><LI><a href="#[bb]">&gt;&gt;</a>&nbsp;&nbsp;&nbsp;tasks
</UL>

<P><STRONG><a name="[3c]"></a>main</STRONG> (Thumb, 16 bytes, Stack size 0 bytes, c8t6f2main.o(.text.main))
<BR><BR>[Stack]<UL><LI>Max Depth = 460<LI>Call Chain = main &rArr; tasks &rArr; snmpd_run &rArr; parseSNMPMessage &rArr; parseVersion &rArr; parseCommunity &rArr; parseRequest &rArr; parseSequenceOf &rArr; parseSequence &rArr; parseVarBind &rArr; findEntry &rArr; memcmp
</UL>
<BR>[Calls]<UL><LI><a href="#[ba]">&gt;&gt;</a>&nbsp;&nbsp;&nbsp;WWDG_SetCounter
<LI><a href="#[bb]">&gt;&gt;</a>&nbsp;&nbsp;&nbsp;tasks
<LI><a href="#[ab]">&gt;&gt;</a>&nbsp;&nbsp;&nbsp;hardware_init
</UL>
<BR>[Address Reference Count : 1]<UL><LI> entry9a.o(.ARM.Collect$$$$0000000B)
</UL>
<P><STRONG><a name="[bc]"></a>makeTrapVariableBindings</STRONG> (Thumb, 168 bytes, Stack size 24 bytes, snmp.o(.text.makeTrapVariableBindings))
<BR><BR>[Stack]<UL><LI>Max Depth = 24<LI>Call Chain = makeTrapVariableBindings
</UL>
<BR>[Calls]<UL><LI><a href="#[44]">&gt;&gt;</a>&nbsp;&nbsp;&nbsp;strlen
</UL>
<BR>[Called By]<UL><LI><a href="#[b5]">&gt;&gt;</a>&nbsp;&nbsp;&nbsp;snmp_sendTrap
</UL>

<P><STRONG><a name="[b1]"></a>network_init</STRONG> (Thumb, 312 bytes, Stack size 40 bytes, c8t6f2fucn.o(.text.network_init))
<BR><BR>[Stack]<UL><LI>Max Depth = 152<LI>Call Chain = network_init &rArr; ctlwizchip &rArr; wizchip_init &rArr; wizchip_sw_reset &rArr; WIZCHIP_WRITE
</UL>
<BR>[Calls]<UL><LI><a href="#[92]">&gt;&gt;</a>&nbsp;&nbsp;&nbsp;ctlwizchip
<LI><a href="#[8b]">&gt;&gt;</a>&nbsp;&nbsp;&nbsp;ctlnetwork
<LI><a href="#[a3]">&gt;&gt;</a>&nbsp;&nbsp;&nbsp;puts
<LI><a href="#[40]">&gt;&gt;</a>&nbsp;&nbsp;&nbsp;__2printf
</UL>
<BR>[Called By]<UL><LI><a href="#[ab]">&gt;&gt;</a>&nbsp;&nbsp;&nbsp;hardware_init
</UL>

<P><STRONG><a name="[bd]"></a>parseCommunity</STRONG> (Thumb, 116 bytes, Stack size 32 bytes, snmp.o(.text.parseCommunity))
<BR><BR>[Stack]<UL><LI>Max Depth = 348<LI>Call Chain = parseCommunity &rArr; parseRequest &rArr; parseSequenceOf &rArr; parseSequence &rArr; parseVarBind &rArr; findEntry &rArr; memcmp
</UL>
<BR>[Calls]<UL><LI><a href="#[41]">&gt;&gt;</a>&nbsp;&nbsp;&nbsp;parseTLV
<LI><a href="#[bf]">&gt;&gt;</a>&nbsp;&nbsp;&nbsp;parseRequest
<LI><a href="#[a5]">&gt;&gt;</a>&nbsp;&nbsp;&nbsp;memcmp
<LI><a href="#[be]">&gt;&gt;</a>&nbsp;&nbsp;&nbsp;__aeabi_memcpy
</UL>
<BR>[Called By]<UL><LI><a href="#[c3]">&gt;&gt;</a>&nbsp;&nbsp;&nbsp;parseVersion
</UL>

<P><STRONG><a name="[c6]"></a>parseLength</STRONG> (Thumb, 56 bytes, Stack size 8 bytes, snmp.o(.text.parseLength))
<BR><BR>[Stack]<UL><LI>Max Depth = 8<LI>Call Chain = parseLength
</UL>
<BR>[Called By]<UL><LI><a href="#[41]">&gt;&gt;</a>&nbsp;&nbsp;&nbsp;parseTLV
</UL>

<P><STRONG><a name="[bf]"></a>parseRequest</STRONG> (Thumb, 332 bytes, Stack size 104 bytes, snmp.o(.text.parseRequest))
<BR><BR>[Stack]<UL><LI>Max Depth = 316<LI>Call Chain = parseRequest &rArr; parseSequenceOf &rArr; parseSequence &rArr; parseVarBind &rArr; findEntry &rArr; memcmp
</UL>
<BR>[Calls]<UL><LI><a href="#[41]">&gt;&gt;</a>&nbsp;&nbsp;&nbsp;parseTLV
<LI><a href="#[c0]">&gt;&gt;</a>&nbsp;&nbsp;&nbsp;parseSequenceOf
<LI><a href="#[c1]">&gt;&gt;</a>&nbsp;&nbsp;&nbsp;insertRespLen
<LI><a href="#[be]">&gt;&gt;</a>&nbsp;&nbsp;&nbsp;__aeabi_memcpy
</UL>
<BR>[Called By]<UL><LI><a href="#[bd]">&gt;&gt;</a>&nbsp;&nbsp;&nbsp;parseCommunity
</UL>

<P><STRONG><a name="[c2]"></a>parseSNMPMessage</STRONG> (Thumb, 104 bytes, Stack size 32 bytes, snmp.o(.text.parseSNMPMessage))
<BR><BR>[Stack]<UL><LI>Max Depth = 412<LI>Call Chain = parseSNMPMessage &rArr; parseVersion &rArr; parseCommunity &rArr; parseRequest &rArr; parseSequenceOf &rArr; parseSequence &rArr; parseVarBind &rArr; findEntry &rArr; memcmp
</UL>
<BR>[Calls]<UL><LI><a href="#[c3]">&gt;&gt;</a>&nbsp;&nbsp;&nbsp;parseVersion
<LI><a href="#[41]">&gt;&gt;</a>&nbsp;&nbsp;&nbsp;parseTLV
<LI><a href="#[c1]">&gt;&gt;</a>&nbsp;&nbsp;&nbsp;insertRespLen
<LI><a href="#[be]">&gt;&gt;</a>&nbsp;&nbsp;&nbsp;__aeabi_memcpy
</UL>
<BR>[Called By]<UL><LI><a href="#[cf]">&gt;&gt;</a>&nbsp;&nbsp;&nbsp;snmpd_run
</UL>

<P><STRONG><a name="[c4]"></a>parseSequence</STRONG> (Thumb, 116 bytes, Stack size 48 bytes, snmp.o(.text.parseSequence))
<BR><BR>[Stack]<UL><LI>Max Depth = 164<LI>Call Chain = parseSequence &rArr; parseVarBind &rArr; findEntry &rArr; memcmp
</UL>
<BR>[Calls]<UL><LI><a href="#[c5]">&gt;&gt;</a>&nbsp;&nbsp;&nbsp;parseVarBind
<LI><a href="#[41]">&gt;&gt;</a>&nbsp;&nbsp;&nbsp;parseTLV
<LI><a href="#[c1]">&gt;&gt;</a>&nbsp;&nbsp;&nbsp;insertRespLen
<LI><a href="#[be]">&gt;&gt;</a>&nbsp;&nbsp;&nbsp;__aeabi_memcpy
</UL>
<BR>[Called By]<UL><LI><a href="#[c0]">&gt;&gt;</a>&nbsp;&nbsp;&nbsp;parseSequenceOf
</UL>

<P><STRONG><a name="[c0]"></a>parseSequenceOf</STRONG> (Thumb, 140 bytes, Stack size 48 bytes, snmp.o(.text.parseSequenceOf))
<BR><BR>[Stack]<UL><LI>Max Depth = 212<LI>Call Chain = parseSequenceOf &rArr; parseSequence &rArr; parseVarBind &rArr; findEntry &rArr; memcmp
</UL>
<BR>[Calls]<UL><LI><a href="#[41]">&gt;&gt;</a>&nbsp;&nbsp;&nbsp;parseTLV
<LI><a href="#[c4]">&gt;&gt;</a>&nbsp;&nbsp;&nbsp;parseSequence
<LI><a href="#[c1]">&gt;&gt;</a>&nbsp;&nbsp;&nbsp;insertRespLen
<LI><a href="#[be]">&gt;&gt;</a>&nbsp;&nbsp;&nbsp;__aeabi_memcpy
</UL>
<BR>[Called By]<UL><LI><a href="#[bf]">&gt;&gt;</a>&nbsp;&nbsp;&nbsp;parseRequest
</UL>

<P><STRONG><a name="[41]"></a>parseTLV</STRONG> (Thumb, 62 bytes, Stack size 24 bytes, snmp.o(.text.parseTLV))
<BR><BR>[Stack]<UL><LI>Max Depth = 32<LI>Call Chain = parseTLV &rArr; parseLength
</UL>
<BR>[Calls]<UL><LI><a href="#[c6]">&gt;&gt;</a>&nbsp;&nbsp;&nbsp;parseLength
</UL>
<BR>[Called By]<UL><LI><a href="#[c3]">&gt;&gt;</a>&nbsp;&nbsp;&nbsp;parseVersion
<LI><a href="#[c5]">&gt;&gt;</a>&nbsp;&nbsp;&nbsp;parseVarBind
<LI><a href="#[c0]">&gt;&gt;</a>&nbsp;&nbsp;&nbsp;parseSequenceOf
<LI><a href="#[c4]">&gt;&gt;</a>&nbsp;&nbsp;&nbsp;parseSequence
<LI><a href="#[c2]">&gt;&gt;</a>&nbsp;&nbsp;&nbsp;parseSNMPMessage
<LI><a href="#[bf]">&gt;&gt;</a>&nbsp;&nbsp;&nbsp;parseRequest
<LI><a href="#[bd]">&gt;&gt;</a>&nbsp;&nbsp;&nbsp;parseCommunity
</UL>
<BR>[Address Reference Count : 1]<UL><LI> snmp.o(.text.parseRequest)
</UL>
<P><STRONG><a name="[c5]"></a>parseVarBind</STRONG> (Thumb, 464 bytes, Stack size 80 bytes, snmp.o(.text.parseVarBind))
<BR><BR>[Stack]<UL><LI>Max Depth = 116<LI>Call Chain = parseVarBind &rArr; findEntry &rArr; memcmp
</UL>
<BR>[Calls]<UL><LI><a href="#[c8]">&gt;&gt;</a>&nbsp;&nbsp;&nbsp;setEntry
<LI><a href="#[41]">&gt;&gt;</a>&nbsp;&nbsp;&nbsp;parseTLV
<LI><a href="#[c7]">&gt;&gt;</a>&nbsp;&nbsp;&nbsp;getOID
<LI><a href="#[a8]">&gt;&gt;</a>&nbsp;&nbsp;&nbsp;getEntry
<LI><a href="#[a4]">&gt;&gt;</a>&nbsp;&nbsp;&nbsp;findEntry
<LI><a href="#[be]">&gt;&gt;</a>&nbsp;&nbsp;&nbsp;__aeabi_memcpy
</UL>
<BR>[Called By]<UL><LI><a href="#[c4]">&gt;&gt;</a>&nbsp;&nbsp;&nbsp;parseSequence
</UL>

<P><STRONG><a name="[c3]"></a>parseVersion</STRONG> (Thumb, 100 bytes, Stack size 32 bytes, snmp.o(.text.parseVersion))
<BR><BR>[Stack]<UL><LI>Max Depth = 380<LI>Call Chain = parseVersion &rArr; parseCommunity &rArr; parseRequest &rArr; parseSequenceOf &rArr; parseSequence &rArr; parseVarBind &rArr; findEntry &rArr; memcmp
</UL>
<BR>[Calls]<UL><LI><a href="#[41]">&gt;&gt;</a>&nbsp;&nbsp;&nbsp;parseTLV
<LI><a href="#[bd]">&gt;&gt;</a>&nbsp;&nbsp;&nbsp;parseCommunity
<LI><a href="#[be]">&gt;&gt;</a>&nbsp;&nbsp;&nbsp;__aeabi_memcpy
</UL>
<BR>[Called By]<UL><LI><a href="#[c2]">&gt;&gt;</a>&nbsp;&nbsp;&nbsp;parseSNMPMessage
</UL>

<P><STRONG><a name="[b8]"></a>recv</STRONG> (Thumb, 240 bytes, Stack size 48 bytes, socket.o(.text.recv))
<BR><BR>[Stack]<UL><LI>Max Depth = 104<LI>Call Chain = recv &rArr; wiz_recv_data &rArr; WIZCHIP_WRITE
</UL>
<BR>[Calls]<UL><LI><a href="#[6b]">&gt;&gt;</a>&nbsp;&nbsp;&nbsp;getSn_RX_RSR
<LI><a href="#[8a]">&gt;&gt;</a>&nbsp;&nbsp;&nbsp;close
<LI><a href="#[4a]">&gt;&gt;</a>&nbsp;&nbsp;&nbsp;WIZCHIP_WRITE
<LI><a href="#[49]">&gt;&gt;</a>&nbsp;&nbsp;&nbsp;WIZCHIP_READ
<LI><a href="#[c9]">&gt;&gt;</a>&nbsp;&nbsp;&nbsp;wiz_recv_data
<LI><a href="#[a9]">&gt;&gt;</a>&nbsp;&nbsp;&nbsp;getSn_TX_FSR
</UL>
<BR>[Called By]<UL><LI><a href="#[b7]">&gt;&gt;</a>&nbsp;&nbsp;&nbsp;loopback_tcps
</UL>

<P><STRONG><a name="[6c]"></a>recvfrom</STRONG> (Thumb, 552 bytes, Stack size 56 bytes, socket.o(.text.recvfrom))
<BR><BR>[Stack]<UL><LI>Max Depth = 112<LI>Call Chain = recvfrom &rArr; wiz_recv_data &rArr; WIZCHIP_WRITE
</UL>
<BR>[Calls]<UL><LI><a href="#[6b]">&gt;&gt;</a>&nbsp;&nbsp;&nbsp;getSn_RX_RSR
<LI><a href="#[8a]">&gt;&gt;</a>&nbsp;&nbsp;&nbsp;close
<LI><a href="#[4a]">&gt;&gt;</a>&nbsp;&nbsp;&nbsp;WIZCHIP_WRITE
<LI><a href="#[49]">&gt;&gt;</a>&nbsp;&nbsp;&nbsp;WIZCHIP_READ
<LI><a href="#[ca]">&gt;&gt;</a>&nbsp;&nbsp;&nbsp;wiz_recv_ignore
<LI><a href="#[c9]">&gt;&gt;</a>&nbsp;&nbsp;&nbsp;wiz_recv_data
</UL>
<BR>[Called By]<UL><LI><a href="#[cf]">&gt;&gt;</a>&nbsp;&nbsp;&nbsp;snmpd_run
<LI><a href="#[6a]">&gt;&gt;</a>&nbsp;&nbsp;&nbsp;NTPUDP
</UL>

<P><STRONG><a name="[d3]"></a>reg_wizchip_cs_cbfunc</STRONG> (Thumb, 52 bytes, Stack size 0 bytes, wizchip_conf.o(.text.reg_wizchip_cs_cbfunc))
<BR><BR>[Called By]<UL><LI><a href="#[b0]">&gt;&gt;</a>&nbsp;&nbsp;&nbsp;w5500_lib_init
</UL>

<P><STRONG><a name="[d4]"></a>reg_wizchip_spi_cbfunc</STRONG> (Thumb, 64 bytes, Stack size 0 bytes, wizchip_conf.o(.text.reg_wizchip_spi_cbfunc))
<BR><BR>[Called By]<UL><LI><a href="#[b0]">&gt;&gt;</a>&nbsp;&nbsp;&nbsp;w5500_lib_init
</UL>

<P><STRONG><a name="[b2]"></a>resetns</STRONG> (Thumb, 24 bytes, Stack size 0 bytes, c8t6f2fucn.o(.text.resetns))
<BR><BR>[Calls]<UL><LI><a href="#[cb]">&gt;&gt;</a>&nbsp;&nbsp;&nbsp;TIM_SetCounter
</UL>
<BR>[Called By]<UL><LI><a href="#[ab]">&gt;&gt;</a>&nbsp;&nbsp;&nbsp;hardware_init
</UL>

<P><STRONG><a name="[b9]"></a>send</STRONG> (Thumb, 280 bytes, Stack size 40 bytes, socket.o(.text.send))
<BR><BR>[Stack]<UL><LI>Max Depth = 104<LI>Call Chain = send &rArr; wiz_send_data &rArr; WIZCHIP_WRITE_BUF
</UL>
<BR>[Calls]<UL><LI><a href="#[8a]">&gt;&gt;</a>&nbsp;&nbsp;&nbsp;close
<LI><a href="#[4a]">&gt;&gt;</a>&nbsp;&nbsp;&nbsp;WIZCHIP_WRITE
<LI><a href="#[49]">&gt;&gt;</a>&nbsp;&nbsp;&nbsp;WIZCHIP_READ
<LI><a href="#[cc]">&gt;&gt;</a>&nbsp;&nbsp;&nbsp;wiz_send_data
<LI><a href="#[a9]">&gt;&gt;</a>&nbsp;&nbsp;&nbsp;getSn_TX_FSR
</UL>
<BR>[Called By]<UL><LI><a href="#[b7]">&gt;&gt;</a>&nbsp;&nbsp;&nbsp;loopback_tcps
</UL>

<P><STRONG><a name="[6d]"></a>sendto</STRONG> (Thumb, 336 bytes, Stack size 40 bytes, socket.o(.text.sendto))
<BR><BR>[Stack]<UL><LI>Max Depth = 104<LI>Call Chain = sendto &rArr; wiz_send_data &rArr; WIZCHIP_WRITE_BUF
</UL>
<BR>[Calls]<UL><LI><a href="#[4a]">&gt;&gt;</a>&nbsp;&nbsp;&nbsp;WIZCHIP_WRITE
<LI><a href="#[49]">&gt;&gt;</a>&nbsp;&nbsp;&nbsp;WIZCHIP_READ
<LI><a href="#[cc]">&gt;&gt;</a>&nbsp;&nbsp;&nbsp;wiz_send_data
<LI><a href="#[a9]">&gt;&gt;</a>&nbsp;&nbsp;&nbsp;getSn_TX_FSR
<LI><a href="#[4c]">&gt;&gt;</a>&nbsp;&nbsp;&nbsp;WIZCHIP_WRITE_BUF
</UL>
<BR>[Called By]<UL><LI><a href="#[cf]">&gt;&gt;</a>&nbsp;&nbsp;&nbsp;snmpd_run
<LI><a href="#[6a]">&gt;&gt;</a>&nbsp;&nbsp;&nbsp;NTPUDP
<LI><a href="#[b5]">&gt;&gt;</a>&nbsp;&nbsp;&nbsp;snmp_sendTrap
</UL>

<P><STRONG><a name="[c8]"></a>setEntry</STRONG> (Thumb, 128 bytes, Stack size 16 bytes, snmp.o(.text.setEntry))
<BR><BR>[Stack]<UL><LI>Max Depth = 16<LI>Call Chain = setEntry
</UL>
<BR>[Calls]<UL><LI><a href="#[cd]">&gt;&gt;</a>&nbsp;&nbsp;&nbsp;getValue
</UL>
<BR>[Called By]<UL><LI><a href="#[c5]">&gt;&gt;</a>&nbsp;&nbsp;&nbsp;parseVarBind
</UL>

<P><STRONG><a name="[b5]"></a>snmp_sendTrap</STRONG> (Thumb, 324 bytes, Stack size 56 bytes, snmp.o(.text.snmp_sendTrap))
<BR><BR>[Stack]<UL><LI>Max Depth = 160<LI>Call Chain = snmp_sendTrap &rArr; sendto &rArr; wiz_send_data &rArr; WIZCHIP_WRITE_BUF
</UL>
<BR>[Calls]<UL><LI><a href="#[6e]">&gt;&gt;</a>&nbsp;&nbsp;&nbsp;socket
[...]
<BR>[Called By]<UL><LI><a href="#[cf]">&gt;&gt;</a>&nbsp;&nbsp;&nbsp;snmpd_run
<LI><a href="#[b7]">&gt;&gt;</a>&nbsp;&nbsp;&nbsp;loopback_tcps
<LI><a href="#[6a]">&gt;&gt;</a>&nbsp;&nbsp;&nbsp;NTPUDP
<LI><a href="#[b5]">&gt;&gt;</a>&nbsp;&nbsp;&nbsp;snmp_sendTrap
</UL>

<P><STRONG><a name="[bb]"></a>tasks</STRONG> (Thumb, 188 bytes, Stack size 16 bytes, c8t6f2fucn.o(.text.tasks))
<BR><BR>[Stack]<UL><LI>Max Depth = 460<LI>Call Chain = tasks &rArr; snmpd_run &rArr; parseSNMPMessage &rArr; parseVersion &rArr; parseCommunity &rArr; parseRequest &rArr; parseSequenceOf &rArr; parseSequence &rArr; parseVarBind &rArr; findEntry &rArr; memcmp
</UL>
<BR>[Calls]<UL><LI><a href="#[d1]">&gt;&gt;</a>&nbsp;&nbsp;&nbsp;wzn_event_handle
<LI><a href="#[cf]">&gt;&gt;</a>&nbsp;&nbsp;&nbsp;snmpd_run
<LI><a href="#[b7]">&gt;&gt;</a>&nbsp;&nbsp;&nbsp;loopback_tcps
<LI><a href="#[6a]">&gt;&gt;</a>&nbsp;&nbsp;&nbsp;NTPUDP
<LI><a href="#[40]">&gt;&gt;</a>&nbsp;&nbsp;&nbsp;__2printf
</UL>
<BR>[Called By]<UL><LI><a href="#[3c]">&gt;&gt;</a>&nbsp;&nbsp;&nbsp;main
</UL>

<P><STRONG><a name="[b0]"></a>w5500_lib_init</STRONG> (Thumb, 248 bytes, Stack size 40 bytes, w5500lib_init.o(.text.w5500_lib_init))
<BR><BR>[Stack]<UL><LI>Max Depth = 152<LI>Call Chain = w5500_lib_init &rArr; ctlwizchip &rArr; wizchip_init &rArr; wizchip_sw_reset &rArr; WIZCHIP_WRITE
</UL>
<BR>[Calls]<UL><LI><a href="#[92]">&gt;&gt;</a>&nbsp;&nbsp;&nbsp;ctlwizchip
<LI><a href="#[d2]">&gt;&gt;</a>&nbsp;&nbsp;&nbsp;delay_cnt
<LI><a href="#[86]">&gt;&gt;</a>&nbsp;&nbsp;&nbsp;W5500_GPIO_Init2
<LI><a href="#[87]">&gt;&gt;</a>&nbsp;&nbsp;&nbsp;GPIO_ResetBits
<LI><a href="#[d4]">&gt;&gt;</a>&nbsp;&nbsp;&nbsp;reg_wizchip_spi_cbfunc
<LI><a href="#[d3]">&gt;&gt;</a>&nbsp;&nbsp;&nbsp;reg_wizchip_cs_cbfunc
<LI><a href="#[71]">&gt;&gt;</a>&nbsp;&nbsp;&nbsp;GPIO_SetBits
<LI><a href="#[a3]">&gt;&gt;</a>&nbsp;&nbsp;&nbsp;puts
</UL>
<BR>[Called By]<UL><LI><a href="#[ab]">&gt;&gt;</a>&nbsp;&nbsp;&nbsp;hardware_init
</UL>

<P><STRONG><a name="[c9]"></a>wiz_recv_data</STRONG> (Thumb, 84 bytes, Stack size 32 bytes, w5500.o(.text.wiz_recv_data))
<BR><BR>[Stack]<UL><LI>Max Depth = 56<LI>Call Chain = wiz_recv_data &rArr; WIZCHIP_WRITE
</UL>
<BR>[Calls]<UL><LI><a href="#[4a]">&gt;&gt;</a>&nbsp;&nbsp;&nbsp;WIZCHIP_WRITE
<LI><a href="#[49]">&gt;&gt;</a>&nbsp;&nbsp;&nbsp;WIZCHIP_READ
<LI><a href="#[4b]">&gt;&gt;</a>&nbsp;&nbsp;&nbsp;WIZCHIP_READ_BUF
</UL>
<BR>[Called By]<UL><LI><a href="#[6c]">&gt;&gt;</a>&nbsp;&nbsp;&nbsp;recvfrom
<LI><a href="#[b8]">&gt;&gt;</a>&nbsp;&nbsp;&nbsp;recv
</UL>

<P><STRONG><a name="[ca]"></a>wiz_recv_ignore</STRONG> (Thumb, 60 bytes, Stack size 24 bytes, w5500.o(.text.wiz_recv_ignore))
<BR><BR>[Stack]<UL><LI>Max Depth = 48<LI>Call Chain = wiz_recv_ignore &rArr; WIZCHIP_WRITE
</UL>
<BR>[Calls]<UL><LI><a href="#[4a]">&gt;&gt;</a>&nbsp;&nbsp;&nbsp;WIZCHIP_WRITE
<LI><a href="#[49]">&gt;&gt;</a>&nbsp;&nbsp;&nbsp;WIZCHIP_READ
</UL>
<BR>[Called By]<UL><LI><a href="#[6c]">&gt;&gt;</a>&nbsp;&nbsp;&nbsp;recvfrom
</UL>

<P><STRONG><a name="[cc]"></a>wiz_send_data</STRONG> (Thumb, 84 bytes, Stack size 32 bytes, w5500.o(.text.wiz_send_data))
<BR><BR>[Stack]<UL><LI>Max Depth = 64<LI>Call Chain = wiz_send_data &rArr; WIZCHIP_WRITE_BUF
</UL>
<BR>[Calls]<UL><LI><a href="#[4a]">&gt;&gt;</a>&nbsp;&nbsp;&nbsp;WIZCHIP_WRITE
<LI><a href="#[49]">&gt;&gt;</a>&nbsp;&nbsp;&nbsp;WIZCHIP_READ
<LI><a href="#[4c]">&gt;&gt;</a>&nbsp;&nbsp;&nbsp;WIZCHIP_WRITE_BUF
</UL>
<BR>[Called By]<UL><LI><a href="#[6d]">&gt;&gt;</a>&nbsp;&nbsp;&nbsp;sendto
<LI><a href="#[b9]">&gt;&gt;</a>&nbsp;&nbsp;&nbsp;send
</UL>

<P><STRONG><a name="[4]"></a>wizchip_bus_readdata</STRONG> (Thumb, 4 bytes, Stack size 0 bytes, wizchip_conf.o(.text.wizchip_bus_readdata))
<BR>[Address Reference Count : 1]<UL><LI> wizchip_conf.o(.data.WIZCHIP)
</UL>
<P><STRONG><a name="[5]"></a>wizchip_bus_writedata</STRONG> (Thumb, 4 bytes, Stack size 0 bytes, wizchip_conf.o(.text.wizchip_bus_writedata))
<BR>[Address Reference Count : 1]<UL><LI> wizchip_conf.o(.data.WIZCHIP)
</UL>
<P><STRONG><a name="[96]"></a>wizchip_clrinterrupt</STRONG> (Thumb, 30 bytes, Stack size 8 bytes, wizchip_conf.o(.text.wizchip_clrinterrupt))
<BR><BR>[Stack]<UL><LI>Max Depth = 32<LI>Call Chain = wizchip_clrinterrupt &rArr; WIZCHIP_WRITE
</UL>
<BR>[Calls]<UL><LI><a href="#[4a]">&gt;&gt;</a>&nbsp;&nbsp;&nbsp;WIZCHIP_WRITE
</UL>
<BR>[Called By]<UL><LI><a href="#[92]">&gt;&gt;</a>&nbsp;&nbsp;&nbsp;ctlwizchip
</UL>

<P><STRONG><a name="[0]"></a>wizchip_cris_enter</STRONG> (Thumb, 2 bytes, Stack size 0 bytes, wizchip_conf.o(.text.wizchip_cris_enter))
<BR>[Address Reference Count : 1]<UL><LI> wizchip_conf.o(.data.WIZCHIP)
</UL>
<P><STRONG><a name="[1]"></a>wizchip_cris_exit</STRONG> (Thumb, 2 bytes, Stack size 0 bytes, wizchip_conf.o(.text.wizchip_cris_exit))
<BR>[Address Reference Count : 1]<UL><LI> wizchip_conf.o(.data.WIZCHIP)
</UL>
<P><STRONG><a name="[3]"></a>wizchip_cs_deselect</STRONG> (Thumb, 2 bytes, Stack size 0 bytes, wizchip_conf.o(.text.wizchip_cs_deselect))
<BR>[Address Reference Count : 2]<UL><LI> wizchip_conf.o(.text.reg_wizchip_cs_cbfunc)
<LI> wizchip_conf.o(.data.WIZCHIP)
</UL>
<P><STRONG><a name="[2]"></a>wizchip_cs_select</STRONG> (Thumb, 2 bytes, Stack size 0 bytes, wizchip_conf.o(.text.wizchip_cs_select))
<BR>[Address Reference Count : 2]<UL><LI> wizchip_conf.o(.text.reg_wizchip_cs_cbfunc)
<LI> wizchip_conf.o(.data.WIZCHIP)
</UL>
<P><STRONG><a name="[46]"></a>wizchip_deselect</STRONG> (Thumb, 12 bytes, Stack size 0 bytes, w5500lib_init.o(.text.wizchip_deselect))
<BR><BR>[Calls]<UL><LI><a href="#[71]">&gt;&gt;</a>&nbsp;&nbsp;&nbsp;GPIO_SetBits
</UL>
<BR>[Address Reference Count : 1]<UL><LI> w5500lib_init.o(.text.w5500_lib_init)
</UL>
<P><STRONG><a name="[95]"></a>wizchip_getinterrupt</STRONG> (Thumb, 30 bytes, Stack size 8 bytes, wizchip_conf.o(.text.wizchip_getinterrupt))
<BR><BR>[Stack]<UL><LI>Max Depth = 32<LI>Call Chain = wizchip_getinterrupt &rArr; WIZCHIP_READ
</UL>
<BR>[Calls]<UL><LI><a href="#[49]">&gt;&gt;</a>&nbsp;&nbsp;&nbsp;WIZCHIP_READ
</UL>
<BR>[Called By]<UL><LI><a href="#[92]">&gt;&gt;</a>&nbsp;&nbsp;&nbsp;ctlwizchip
</UL>

<P><STRONG><a name="[98]"></a>wizchip_getinterruptmask</STRONG> (Thumb, 26 bytes, Stack size 8 bytes, wizchip_conf.o(.text.wizchip_getinterruptmask))
<BR><BR>[Stack]<UL><LI>Max Depth = 32<LI>Call Chain = wizchip_getinterruptmask &rArr; WIZCHIP_READ
</UL>
<BR>[Calls]<UL><LI><a href="#[49]">&gt;&gt;</a>&nbsp;&nbsp;&nbsp;WIZCHIP_READ
</UL>
<BR>[Called By]<UL><LI><a href="#[92]">&gt;&gt;</a>&nbsp;&nbsp;&nbsp;ctlwizchip
</UL>

<P><STRONG><a name="[8d]"></a>wizchip_getnetinfo</STRONG> (Thumb, 84 bytes, Stack size 16 bytes, wizchip_conf.o(.text.wizchip_getnetinfo))
<BR><BR>[Stack]<UL><LI>Max Depth = 16<LI>Call Chain = wizchip_getnetinfo
</UL>
<BR>[Called By]<UL><LI><a href="#[8b]">&gt;&gt;</a>&nbsp;&nbsp;&nbsp;ctlnetwork
</UL>

<P><STRONG><a name="[8f]"></a>wizchip_getnetmode</STRONG> (Thumb, 6 bytes, Stack size 0 bytes, wizchip_conf.o(.text.wizchip_getnetmode))
<BR><BR>[Stack]<UL><LI>Max Depth = 24<LI>Call Chain = wizchip_getnetmode &rArr; WIZCHIP_READ
</UL>
<BR>[Calls]<UL><LI><a href="#[49]">&gt;&gt;</a>&nbsp;&nbsp;&nbsp;WIZCHIP_READ
</UL>
<BR>[Called By]<UL><LI><a href="#[8b]">&gt;&gt;</a>&nbsp;&nbsp;&nbsp;ctlnetwork
</UL>

<P><STRONG><a name="[91]"></a>wizchip_gettimeout</STRONG> (Thumb, 40 bytes, Stack size 16 bytes, wizchip_conf.o(.text.wizchip_gettimeout))
<BR><BR>[Stack]<UL><LI>Max Depth = 16<LI>Call Chain = wizchip_gettimeout
</UL>
<BR>[Called By]<UL><LI><a href="#[8b]">&gt;&gt;</a>&nbsp;&nbsp;&nbsp;ctlnetwork
</UL>

<P><STRONG><a name="[94]"></a>wizchip_init</STRONG> (Thumb, 124 bytes, Stack size 24 bytes, wizchip_conf.o(.text.wizchip_init))
<BR><BR>[Stack]<UL><LI>Max Depth = 96<LI>Call Chain = wizchip_init &rArr; wizchip_sw_reset &rArr; WIZCHIP_WRITE
</UL>
<BR>[Calls]<UL><LI><a href="#[4a]">&gt;&gt;</a>&nbsp;&nbsp;&nbsp;WIZCHIP_WRITE
<LI><a href="#[93]">&gt;&gt;</a>&nbsp;&nbsp;&nbsp;wizchip_sw_reset
</UL>
<BR>[Called By]<UL><LI><a href="#[92]">&gt;&gt;</a>&nbsp;&nbsp;&nbsp;ctlwizchip
</UL>

<P><STRONG><a name="[47]"></a>wizchip_read</STRONG> (Thumb, 52 bytes, Stack size 8 bytes, w5500lib_init.o(.text.wizchip_read))
<BR><BR>[Stack]<UL><LI>Max Depth = 8<LI>Call Chain = wizchip_read
</UL>
<BR>[Calls]<UL><LI><a href="#[d6]">&gt;&gt;</a>&nbsp;&nbsp;&nbsp;SPI_I2S_SendData
<LI><a href="#[d7]">&gt;&gt;</a>&nbsp;&nbsp;&nbsp;SPI_I2S_ReceiveData
<LI><a href="#[d5]">&gt;&gt;</a>&nbsp;&nbsp;&nbsp;SPI_I2S_GetFlagStatus
</UL>
<BR>[Address Reference Count : 1]<UL><LI> w5500lib_init.o(.text.w5500_lib_init)
</UL>
<P><STRONG><a name="[45]"></a>wizchip_select</STRONG> (Thumb, 12 bytes, Stack size 0 bytes, w5500lib_init.o(.text.wizchip_select))
<BR><BR>[Calls]<UL><LI><a href="#[87]">&gt;&gt;</a>&nbsp;&nbsp;&nbsp;GPIO_ResetBits
</UL>
<BR>[Address Reference Count : 1]<UL><LI> w5500lib_init.o(.text.w5500_lib_init)
</UL>
<P><STRONG><a name="[97]"></a>wizchip_setinterruptmask</STRONG> (Thumb, 28 bytes, Stack size 8 bytes, wizchip_conf.o(.text.wizchip_setinterruptmask))
<BR><BR>[Stack]<UL><LI>Max Depth = 32<LI>Call Chain = wizchip_setinterruptmask &rArr; WIZCHIP_WRITE
</UL>
<BR>[Calls]<UL><LI><a href="#[4a]">&gt;&gt;</a>&nbsp;&nbsp;&nbsp;WIZCHIP_WRITE
</UL>
<BR>[Called By]<UL><LI><a href="#[92]">&gt;&gt;</a>&nbsp;&nbsp;&nbsp;ctlwizchip
</UL>

<P><STRONG><a name="[8c]"></a>wizchip_setnetinfo</STRONG> (Thumb, 84 bytes, Stack size 16 bytes, wizchip_conf.o(.text.wizchip_setnetinfo))
<BR><BR>[Stack]<UL><LI>Max Depth = 16<LI>Call Chain = wizchip_setnetinfo
</UL>
<BR>[Called By]<UL><LI><a href="#[8b]">&gt;&gt;</a>&nbsp;&nbsp;&nbsp;ctlnetwork
</UL>

<P><STRONG><a name="[8e]"></a>wizchip_setnetmode</STRONG> (Thumb, 36 bytes, Stack size 16 bytes, wizchip_conf.o(.text.wizchip_setnetmode))
<BR><BR>[Stack]<UL><LI>Max Depth = 40<LI>Call Chain = wizchip_setnetmode &rArr; WIZCHIP_WRITE
</UL>
<BR>[Calls]<UL><LI><a href="#[4a]">&gt;&gt;</a>&nbsp;&nbsp;&nbsp;WIZCHIP_WRITE
<LI><a href="#[49]">&gt;&gt;</a>&nbsp;&nbsp;&nbsp;WIZCHIP_READ
</UL>
<BR>[Called By]<UL><LI><a href="#[8b]">&gt;&gt;</a>&nbsp;&nbsp;&nbsp;ctlnetwork
</UL>

<P><STRONG><a name="[90]"></a>wizchip_settimeout</STRONG> (Thumb, 40 bytes, Stack size 16 bytes, wizchip_conf.o(.text.wizchip_settimeout))
<BR><BR>[Stack]<UL><LI>Max Depth = 16<LI>Call Chain = wizchip_settimeout
</UL>
<BR>[Called By]<UL><LI><a href="#[8b]">&gt;&gt;</a>&nbsp;&nbsp;&nbsp;ctlnetwork
</UL>

<P><STRONG><a name="[43]"></a>wizchip_spi_readbyte</STRONG> (Thumb, 4 bytes, Stack size 0 bytes, wizchip_conf.o(.text.wizchip_spi_readbyte))
<BR>[Address Reference Count : 1]<UL><LI> wizchip_conf.o(.text.reg_wizchip_spi_cbfunc)
</UL>
<P><STRONG><a name="[42]"></a>wizchip_spi_writebyte</STRONG> (Thumb, 2 bytes, Stack size 0 bytes, wizchip_conf.o(.text.wizchip_spi_writebyte))
<BR>[Address Reference Count : 1]<UL><LI> wizchip_conf.o(.text.reg_wizchip_spi_cbfunc)
</UL>
<P><STRONG><a name="[93]"></a>wizchip_sw_reset</STRONG> (Thumb, 128 bytes, Stack size 48 bytes, wizchip_conf.o(.text.wizchip_sw_reset))
<BR><BR>[Stack]<UL><LI>Max Depth = 72<LI>Call Chain = wizchip_sw_reset &rArr; WIZCHIP_WRITE
</UL>
<BR>[Calls]<UL><LI><a href="#[4a]">&gt;&gt;</a>&nbsp;&nbsp;&nbsp;WIZCHIP_WRITE
<LI><a href="#[49]">&gt;&gt;</a>&nbsp;&nbsp;&nbsp;WIZCHIP_READ
</UL>
<BR>[Called By]<UL><LI><a href="#[92]">&gt;&gt;</a>&nbsp;&nbsp;&nbsp;ctlwizchip
<LI><a href="#[94]">&gt;&gt;</a>&nbsp;&nbsp;&nbsp;wizchip_init
</UL>

<P><STRONG><a name="[48]"></a>wizchip_write</STRONG> (Thumb, 52 bytes, Stack size 16 bytes, w5500lib_init.o(.text.wizchip_write))
<BR><BR>[Stack]<UL><LI>Max Depth = 16<LI>Call Chain = wizchip_write
</UL>
<BR>[Calls]<UL><LI><a href="#[d6]">&gt;&gt;</a>&nbsp;&nbsp;&nbsp;SPI_I2S_SendData
<LI><a href="#[d7]">&gt;&gt;</a>&nbsp;&nbsp;&nbsp;SPI_I2S_ReceiveData
<LI><a href="#[d5]">&gt;&gt;</a>&nbsp;&nbsp;&nbsp;SPI_I2S_GetFlagStatus
</UL>
<BR>[Address Reference Count : 1]<UL><LI> w5500lib_init.o(.text.w5500_lib_init)
</UL>
<P><STRONG><a name="[9b]"></a>wizphy_getphyconf</STRONG> (Thumb, 104 bytes, Stack size 8 bytes, wizchip_conf.o(.text.wizphy_getphyconf))
<BR><BR>[Stack]<UL><LI>Max Depth = 32<LI>Call Chain = wizphy_getphyconf &rArr; WIZCHIP_READ
</UL>
<BR>[Calls]<UL><LI><a href="#[49]">&gt;&gt;</a>&nbsp;&nbsp;&nbsp;WIZCHIP_READ
</UL>
<BR>[Called By]<UL><LI><a href="#[92]">&gt;&gt;</a>&nbsp;&nbsp;&nbsp;ctlwizchip
</UL>

<P><STRONG><a name="[9e]"></a>wizphy_getphylink</STRONG> (Thumb, 16 bytes, Stack size 8 bytes, wizchip_conf.o(.text.wizphy_getphylink))
<BR><BR>[Stack]<UL><LI>Max Depth = 32<LI>Call Chain = wizphy_getphylink &rArr; WIZCHIP_READ
</UL>
<BR>[Calls]<UL><LI><a href="#[49]">&gt;&gt;</a>&nbsp;&nbsp;&nbsp;WIZCHIP_READ
</UL>
<BR>[Called By]<UL><LI><a href="#[92]">&gt;&gt;</a>&nbsp;&nbsp;&nbsp;ctlwizchip
</UL>

<P><STRONG><a name="[9d]"></a>wizphy_getphypmode</STRONG> (Thumb, 24 bytes, Stack size 8 bytes, wizchip_conf.o(.text.wizphy_getphypmode))
<BR><BR>[Stack]<UL><LI>Max Depth = 32<LI>Call Chain = wizphy_getphypmode &rArr; WIZCHIP_READ
</UL>
<BR>[Calls]<UL><LI><a href="#[49]">&gt;&gt;</a>&nbsp;&nbsp;&nbsp;WIZCHIP_READ
</UL>
<BR>[Called By]<UL><LI><a href="#[92]">&gt;&gt;</a>&nbsp;&nbsp;&nbsp;ctlwizchip
</UL>

<P><STRONG><a name="[99]"></a>wizphy_reset</STRONG> (Thumb, 46 bytes, Stack size 8 bytes, wizchip_conf.o(.text.wizphy_reset))
<BR><BR>[Stack]<UL><LI>Max Depth = 32<LI>Call Chain = wizphy_reset &rArr; WIZCHIP_WRITE
</UL>
<BR>[Calls]<UL><LI><a href="#[4a]">&gt;&gt;</a>&nbsp;&nbsp;&nbsp;WIZCHIP_WRITE
<LI><a href="#[49]">&gt;&gt;</a>&nbsp;&nbsp;&nbsp;WIZCHIP_READ
</UL>
<BR>[Called By]<UL><LI><a href="#[92]">&gt;&gt;</a>&nbsp;&nbsp;&nbsp;ctlwizchip
<LI><a href="#[9c]">&gt;&gt;</a>&nbsp;&nbsp;&nbsp;wizphy_setphypmode
<LI><a href="#[9a]">&gt;&gt;</a>&nbsp;&nbsp;&nbsp;wizphy_setphyconf
</UL>

<P><STRONG><a name="[9a]"></a>wizphy_setphyconf</STRONG> (Thumb, 76 bytes, Stack size 8 bytes, wizchip_conf.o(.text.wizphy_setphyconf))
<BR><BR>[Stack]<UL><LI>Max Depth = 40<LI>Call Chain = wizphy_setphyconf &rArr; wizphy_reset &rArr; WIZCHIP_WRITE
</UL>
<BR>[Calls]<UL><LI><a href="#[4a]">&gt;&gt;</a>&nbsp;&nbsp;&nbsp;WIZCHIP_WRITE
<LI><a href="#[99]">&gt;&gt;</a>&nbsp;&nbsp;&nbsp;wizphy_reset
</UL>
<BR>[Called By]<UL><LI><a href="#[92]">&gt;&gt;</a>&nbsp;&nbsp;&nbsp;ctlwizchip
</UL>

<P><STRONG><a name="[9c]"></a>wizphy_setphypmode</STRONG> (Thumb, 80 bytes, Stack size 8 bytes, wizchip_conf.o(.text.wizphy_setphypmode))
<BR><BR>[Stack]<UL><LI>Max Depth = 40<LI>Call Chain = wizphy_setphypmode &rArr; wizphy_reset &rArr; WIZCHIP_WRITE
</UL>
<BR>[Calls]<UL><LI><a href="#[4a]">&gt;&gt;</a>&nbsp;&nbsp;&nbsp;WIZCHIP_WRITE
<LI><a href="#[49]">&gt;&gt;</a>&nbsp;&nbsp;&nbsp;WIZCHIP_READ
<LI><a href="#[99]">&gt;&gt;</a>&nbsp;&nbsp;&nbsp;wizphy_reset
</UL>
<BR>[Called By]<UL><LI><a href="#[92]">&gt;&gt;</a>&nbsp;&nbsp;&nbsp;ctlwizchip
</UL>

<P><STRONG><a name="[d1]"></a>wzn_event_handle</STRONG> (Thumb, 124 bytes, Stack size 16 bytes, c8t6f2fucn.o(.text.wzn_event_handle))
<BR><BR>[Stack]<UL><LI>Max Depth = 128<LI>Call Chain = wzn_event_handle &rArr; ctlwizchip &rArr; wizchip_init &rArr; wizchip_sw_reset &rArr; WIZCHIP_WRITE
</UL>
<BR>[Calls]<UL><LI><a href="#[92]">&gt;&gt;</a>&nbsp;&nbsp;&nbsp;ctlwizchip
<LI><a href="#[4a]">&gt;&gt;</a>&nbsp;&nbsp;&nbsp;WIZCHIP_WRITE
<LI><a href="#[49]">&gt;&gt;</a>&nbsp;&nbsp;&nbsp;WIZCHIP_READ
<LI><a href="#[a3]">&gt;&gt;</a>&nbsp;&nbsp;&nbsp;puts
<LI><a href="#[40]">&gt;&gt;</a>&nbsp;&nbsp;&nbsp;__2printf
</UL>
<BR>[Called By]<UL><LI><a href="#[bb]">&gt;&gt;</a>&nbsp;&nbsp;&nbsp;tasks
</UL>

<P><STRONG><a name="[d8]"></a>__0printf</STRONG> (Thumb, 22 bytes, Stack size 24 bytes, printfa.o(i.__0printf), UNUSED)
<BR><BR>[Calls]<UL><LI><a href="#[d9]">&gt;&gt;</a>&nbsp;&nbsp;&nbsp;_printf_core
</UL>

<P><STRONG><a name="[f2]"></a>__1printf</STRONG> (Thumb, 0 bytes, Stack size 24 bytes, printfa.o(i.__0printf), UNUSED)

<P><STRONG><a name="[40]"></a>__2printf</STRONG> (Thumb, 0 bytes, Stack size 24 bytes, printfa.o(i.__0printf))
<BR><BR>[Stack]<UL><LI>Max Depth = 24<LI>Call Chain = __2printf
</UL>
<BR>[Called By]<UL><LI><a href="#[d1]">&gt;&gt;</a>&nbsp;&nbsp;&nbsp;wzn_event_handle
<LI><a href="#[bb]">&gt;&gt;</a>&nbsp;&nbsp;&nbsp;tasks
<LI><a href="#[cf]">&gt;&gt;</a>&nbsp;&nbsp;&nbsp;snmpd_run
<LI><a href="#[b1]">&gt;&gt;</a>&nbsp;&nbsp;&nbsp;network_init
<LI><a href="#[b7]">&gt;&gt;</a>&nbsp;&nbsp;&nbsp;loopback_tcps
<LI><a href="#[ab]">&gt;&gt;</a>&nbsp;&nbsp;&nbsp;hardware_init
<LI><a href="#[6a]">&gt;&gt;</a>&nbsp;&nbsp;&nbsp;NTPUDP
<LI><a href="#[a0]">&gt;&gt;</a>&nbsp;&nbsp;&nbsp;dumpCode
</UL>
<BR>[Address Reference Count : 1]<UL><LI> c8t6f2fucn.o(.text.network_init)
</UL>
<P><STRONG><a name="[f3]"></a>__c89printf</STRONG> (Thumb, 0 bytes, Stack size 24 bytes, printfa.o(i.__0printf), UNUSED)

<P><STRONG><a name="[f4]"></a>printf</STRONG> (Thumb, 0 bytes, Stack size 24 bytes, printfa.o(i.__0printf), UNUSED)

<P><STRONG><a name="[f5]"></a>__scatterload_copy</STRONG> (Thumb, 14 bytes, Stack size unknown bytes, handlers.o(i.__scatterload_copy), UNUSED)

<P><STRONG><a name="[f6]"></a>__scatterload_null</STRONG> (Thumb, 2 bytes, Stack size unknown bytes, handlers.o(i.__scatterload_null), UNUSED)

<P><STRONG><a name="[f7]"></a>__scatterload_zeroinit</STRONG> (Thumb, 14 bytes, Stack size unknown bytes, handlers.o(i.__scatterload_zeroinit), UNUSED)

<P><STRONG><a name="[a2]"></a>putchar</STRONG> (Thumb, 6 bytes, Stack size 0 bytes, putchar.o(i.putchar))
<BR><BR>[Stack]<UL><LI>Max Depth = 16<LI>Call Chain = putchar &rArr; fputc
</UL>
<BR>[Calls]<UL><LI><a href="#[4d]">&gt;&gt;</a>&nbsp;&nbsp;&nbsp;fputc
</UL>
<BR>[Called By]<UL><LI><a href="#[a0]">&gt;&gt;</a>&nbsp;&nbsp;&nbsp;dumpCode
</UL>

<P><STRONG><a name="[a3]"></a>puts</STRONG> (Thumb, 30 bytes, Stack size 8 bytes, puts.o(i.puts))
<BR><BR>[Stack]<UL><LI>Max Depth = 24<LI>Call Chain = puts &rArr; fputc
</UL>
<BR>[Calls]<UL><LI><a href="#[4d]">&gt;&gt;</a>&nbsp;&nbsp;&nbsp;fputc
</UL>
<BR>[Called By]<UL><LI><a href="#[d1]">&gt;&gt;</a>&nbsp;&nbsp;&nbsp;wzn_event_handle
<LI><a href="#[b0]">&gt;&gt;</a>&nbsp;&nbsp;&nbsp;w5500_lib_init
<LI><a href="#[b3]">&gt;&gt;</a>&nbsp;&nbsp;&nbsp;snmpd_init
<LI><a href="#[b1]">&gt;&gt;</a>&nbsp;&nbsp;&nbsp;network_init
<LI><a href="#[ab]">&gt;&gt;</a>&nbsp;&nbsp;&nbsp;hardware_init
<LI><a href="#[a0]">&gt;&gt;</a>&nbsp;&nbsp;&nbsp;dumpCode
</UL>
<P>
<H3>
Local Symbols
</H3>
<P><STRONG><a name="[da]"></a>_fp_digits</STRONG> (Thumb, 366 bytes, Stack size 64 bytes, printfa.o(i._fp_digits), UNUSED)
<BR><BR>[Calls]<UL><LI><a href="#[5e]">&gt;&gt;</a>&nbsp;&nbsp;&nbsp;__aeabi_dmul
<LI><a href="#[58]">&gt;&gt;</a>&nbsp;&nbsp;&nbsp;__aeabi_dadd
<LI><a href="#[50]">&gt;&gt;</a>&nbsp;&nbsp;&nbsp;__aeabi_uldivmod
<LI><a href="#[61]">&gt;&gt;</a>&nbsp;&nbsp;&nbsp;__aeabi_ddiv
<LI><a href="#[62]">&gt;&gt;</a>&nbsp;&nbsp;&nbsp;__aeabi_d2ulz
<LI><a href="#[db]">&gt;&gt;</a>&nbsp;&nbsp;&nbsp;__aeabi_cdrcmple
</UL>
<BR>[Called By]<UL><LI><a href="#[d9]">&gt;&gt;</a>&nbsp;&nbsp;&nbsp;_printf_core
</UL>

<P><STRONG><a name="[d9]"></a>_printf_core</STRONG> (Thumb, 1744 bytes, Stack size 136 bytes, printfa.o(i._printf_core), UNUSED)
<BR><BR>[Calls]<UL><LI><a href="#[50]">&gt;&gt;</a>&nbsp;&nbsp;&nbsp;__aeabi_uldivmod
<LI><a href="#[de]">&gt;&gt;</a>&nbsp;&nbsp;&nbsp;__aeabi_uidivmod
<LI><a href="#[dc]">&gt;&gt;</a>&nbsp;&nbsp;&nbsp;_printf_pre_padding
<LI><a href="#[dd]">&gt;&gt;</a>&nbsp;&nbsp;&nbsp;_printf_post_padding
<LI><a href="#[da]">&gt;&gt;</a>&nbsp;&nbsp;&nbsp;_fp_digits
</UL>
<BR>[Called By]<UL><LI><a href="#[d8]">&gt;&gt;</a>&nbsp;&nbsp;&nbsp;__0printf
</UL>

<P><STRONG><a name="[dd]"></a>_printf_post_padding</STRONG> (Thumb, 36 bytes, Stack size 24 bytes, printfa.o(i._printf_post_padding), UNUSED)
<BR><BR>[Called By]<UL><LI><a href="#[d9]">&gt;&gt;</a>&nbsp;&nbsp;&nbsp;_printf_core
</UL>

<P><STRONG><a name="[dc]"></a>_printf_pre_padding</STRONG> (Thumb, 46 bytes, Stack size 24 bytes, printfa.o(i._printf_pre_padding), UNUSED)
<BR><BR>[Called By]<UL><LI><a href="#[d9]">&gt;&gt;</a>&nbsp;&nbsp;&nbsp;_printf_core
</UL>
<P>
<H3>
Undefined Global Symbols
</H3><HR></body></html>
