<html>
<body>
<pre>
<h1>µVision Build Log</h1>
<h2>Tool Versions:</h2>
IDE-Version: µVision V5.27.1.0
Copyright (C) 2019 ARM Ltd and ARM Germany GmbH. All rights reserved.
License Information: no one, know, LIC=VGXHL-018L3-747S0-BMKQF-ZPP1R-1JZXE
 
Tool Versions:
Toolchain:       MDK-ARM Plus  Version: 5.27.1.0
Toolchain Path:  C:\Keil_v5\ARM\ARMCLANG\Bin
C Compiler:      ArmClang.exe V6.12
Assembler:       Armasm.exe V6.12
Linker/Locator:  ArmLink.exe V6.12
Library Manager: ArmAr.exe V6.12
Hex Converter:   FromElf.exe V6.12
CPU DLL:         SARMCM3.DLL V5.27.1.0
Dialog DLL:      DCM.DLL V1.17.2.0
Target DLL:      Segger\JL2CM3.dll V2.99.35.0
Dialog DLL:      TCM.DLL V1.36.1.0
 
<h2>Project:</h2>
C:\Users\ngoqu\Documents\GitHub\stm32c8\stm32c8t6v2 - Copy\MDK\C8T6F2.uvprojx
Project File Date:  06/10/2019

<h2>Output:</h2>
*** Using Compiler 'V6.12', folder: 'C:\Keil_v5\ARM\ARMCLANG\Bin'
Rebuild target 'C8T6F2'
compiling delay.c...
../USER/c8t6f2main.c(43): warning: while loop has empty body [-Wempty-body]
        while(USART_GetFlagStatus(USART1,USART_FLAG_TC)==RESET); 
                                                               ^
../USER/c8t6f2main.c(43): note: put the semicolon on a separate line to silence this warning
1 warning generated.
compiling c8t6f2main.c...
compiling uart.c...
compiling rtc.c...
compiling stm32f10x_it.c...
compiling lcd16x2.c...
../USER/c8t6f2fucn.c(163): warning: implicitly declaring library function 'printf' with type 'int (const char *, ...)' [-Wimplicit-function-declaration]
                        printf("SOCKET ERROR : %d\r\n", ret);
                        ^
../USER/c8t6f2fucn.c(163): note: include the header <stdio.h> or explicitly provide a declaration for 'printf'
1 warning generated.
compiling c8t6f2fucn.c...
compiling SimpleKalmanFilter.c...
compiling eeprom_stm.c...
compiling adcdma.c...
compiling crc16.c...
../USER/crc16/modbus_appphy.c(10): warning: while loop has empty body [-Wempty-body]
while (USART_GetFlagStatus(USART2, USART_FLAG_TC) == RESET); // wait for "Transmission Complete" flag cleared
                                                           ^
../USER/crc16/modbus_appphy.c(10): note: put the semicolon on a separate line to silence this warning
1 warning generated.
compiling modbus_appphy.c...
compiling tim.c...
compiling modbus_slave.c...
../USER/i2c/i2c.c(46): warning: implicitly declaring library function 'printf' with type 'int (const char *, ...)' [-Wimplicit-function-declaration]
                        printf("I2C ERR\r\n");
                        ^
../USER/i2c/i2c.c(46): note: include the header <stdio.h> or explicitly provide a declaration for 'printf'
1 warning generated.
compiling i2c.c...
compiling spi.c...
compiling w5500.c...
compiling wizchip_conf.c...
../USER/i2c/24C32.c(14): warning: implicitly declaring library function 'printf' with type 'int (const char *, ...)' [-Wimplicit-function-declaration]
                                printf("I2C connection error\r\n");
                                ^
../USER/i2c/24C32.c(14): note: include the header <stdio.h> or explicitly provide a declaration for 'printf'
1 warning generated.
compiling 24C32.c...
../USER/i2c/ads1015.c(39): warning: implicitly declaring library function 'printf' with type 'int (const char *, ...)' [-Wimplicit-function-declaration]
                                printf("I2C connection error\r\n");
                                ^
../USER/i2c/ads1015.c(39): note: include the header <stdio.h> or explicitly provide a declaration for 'printf'
1 warning generated.
compiling ads1015.c...
../USER/w5500g/Ethernet/socket.c(246): warning: while loop has empty body [-Wempty-body]
        while(getSn_CR(sn));
                           ^
../USER/w5500g/Ethernet/socket.c(246): note: put the semicolon on a separate line to silence this warning
../USER/w5500g/Ethernet/socket.c(559): warning: while loop has empty body [-Wempty-body]
        while(getSn_CR(sn));
                           ^
../USER/w5500g/Ethernet/socket.c(559): note: put the semicolon on a separate line to silence this warning
../USER/w5500g/Ethernet/socket.c(646): warning: while loop has empty body [-Wempty-body]
                        while(getSn_CR(sn));
                                           ^
../USER/w5500g/Ethernet/socket.c(646): note: put the semicolon on a separate line to silence this warning
../USER/w5500g/Ethernet/socket.c(700): warning: while loop has empty body [-Wempty-body]
                        while(getSn_CR(sn));
                                           ^
../USER/w5500g/Ethernet/socket.c(700): note: put the semicolon on a separate line to silence this warning
4 warnings generated.
compiling socket.c...
../USER/w5500g/Internet/SNTP/sntp.c(301): warning: implicitly declaring library function 'printf' with type 'int (const char *, ...)' [-Wimplicit-function-declaration]
                        printf("Year: %d, month: %d, day: %d, %d:%d:%d\r\n",Nowdatetime.yy,Nowdatetime.mo,Nowdatetime.dd,Nowdatetime.hh,Nowdatetime.mm,Nowdatetime.ss);
                        ^
../USER/w5500g/Internet/SNTP/sntp.c(301): note: include the header <stdio.h> or explicitly provide a declaration for 'printf'
1 warning generated.
compiling sntp.c...
../USER/w5500lib_init.c(34): warning: while loop has empty body [-Wempty-body]
        while (SPI_I2S_GetFlagStatus(SPI1, SPI_I2S_FLAG_TXE) == RESET);
                                                                      ^
../USER/w5500lib_init.c(34): note: put the semicolon on a separate line to silence this warning
../USER/w5500lib_init.c(267): warning: implicitly declaring library function 'printf' with type 'int (const char *, ...)' [-Wimplicit-function-declaration]
       printf("WIZCHIP Initialized fail.\r\n");
       ^
../USER/w5500lib_init.c(267): note: include the header <stdio.h> or explicitly provide a declaration for 'printf'
2 warnings generated.
compiling w5500lib_init.c...
compiling snmp_custom.c...
compiling misc.c...
compiling stm32f10x_adc.c...
compiling stm32f10x_bkp.c...
../USER/w5500g/Internet/SNMP/snmp.c(896): warning: format string is not a string literal (potentially insecure) [-Wformat-security]
        printf((char const*)header);
               ^            ~~~~~~
../USER/w5500g/Internet/SNMP/snmp.c(896): note: treat the string as an argument to avoid this
        printf((char const*)header);
               ^
               "%s", 
../USER/w5500g/Internet/SNMP/snmp.c(927): warning: format string is not a string literal (potentially insecure) [-Wformat-security]
        printf((char const*)tail);
               ^            ~~~~
../USER/w5500g/Internet/SNMP/snmp.c(927): note: treat the string as an argument to avoid this
        printf((char const*)tail);
               ^
               "%s", 
2 warnings generated.
compiling snmp.c...
compiling stm32f10x_crc.c...
compiling stm32f10x_cec.c...
compiling stm32f10x_dac.c...
compiling stm32f10x_can.c...
compiling stm32f10x_dbgmcu.c...
compiling stm32f10x_dma.c...
compiling stm32f10x_exti.c...
compiling stm32f10x_fsmc.c...
compiling stm32f10x_flash.c...
compiling stm32f10x_gpio.c...
compiling stm32f10x_i2c.c...
compiling stm32f10x_iwdg.c...
compiling stm32f10x_pwr.c...
compiling stm32f10x_rcc.c...
compiling stm32f10x_rtc.c...
compiling stm32f10x_sdio.c...
compiling stm32f10x_spi.c...
compiling stm32f10x_wwdg.c...
assembling startup_stm32f10x_md.s...
compiling stm32f10x_usart.c...
compiling stm32f10x_tim.c...
compiling system_stm32f10x.c...
compiling GPIO_STM32F10x.c...
linking...
Program Size: Code=16912 RO-data=740 RW-data=988 ZI-data=2924  
FromELF: creating hex file...
".\Objects\c8t6.axf" - 0 Error(s), 15 Warning(s).

<h2>Software Packages used:</h2>

Package Vendor: ARM
                http://www.keil.com/pack/ARM.CMSIS.5.5.1.pack
                ARM.CMSIS.5.5.1
                CMSIS (Cortex Microcontroller Software Interface Standard)
   * Component: CORE Version: 5.2.0

Package Vendor: Keil
                http://www.keil.com/pack/Keil.STM32F1xx_DFP.2.3.0.pack
                Keil.STM32F1xx_DFP.2.3.0
                STMicroelectronics STM32F1 Series Device Support, Drivers and Examples
   * Component: GPIO Version: 1.3
   * Component: Startup Version: 1.0.0
   * Component: ADC Version: 3.5.0
   * Component: BKP Version: 3.5.0
   * Component: CAN Version: 3.5.0
   * Component: CEC Version: 3.5.0
   * Component: CRC Version: 3.5.0
   * Component: DAC Version: 3.5.0
   * Component: DBGMCU Version: 3.5.0
   * Component: DMA Version: 3.5.0
   * Component: EXTI Version: 3.5.0
   * Component: FSMC Version: 3.5.0
   * Component: Flash Version: 3.5.0
   * Component: Framework Version: 3.5.1
   * Component: GPIO Version: 3.5.0
   * Component: I2C Version: 3.5.0
   * Component: IWDG Version: 3.5.0
   * Component: PWR Version: 3.5.0
   * Component: RCC Version: 3.5.0
   * Component: RTC Version: 3.5.0
   * Component: SDIO Version: 3.5.0
   * Component: SPI Version: 3.5.0
   * Component: TIM Version: 3.5.0
   * Component: USART Version: 3.5.0
   * Component: WWDG Version: 3.5.0

<h2>Collection of Component include folders:</h2>
  .\RTE\Device\STM32F103C8
  .\RTE\_C8T6F2
  C:\Users\ngoqu\AppData\Local\Arm\Packs\ARM\CMSIS\5.5.1\CMSIS\Core\Include
  C:\Users\ngoqu\AppData\Local\Arm\Packs\Keil\STM32F1xx_DFP\2.3.0\Device\Include
  C:\Users\ngoqu\AppData\Local\Arm\Packs\Keil\STM32F1xx_DFP\2.3.0\Device\StdPeriph_Driver\inc
  C:\Users\ngoqu\AppData\Local\Arm\Packs\Keil\STM32F1xx_DFP\2.3.0\RTE_Driver

<h2>Collection of Component Files used:</h2>

   * Component: ARM::CMSIS:CORE:5.2.0

   * Component: Keil::Device:GPIO:1.3
      Source file:   RTE_Driver\GPIO_STM32F10x.c
      Include file:  RTE_Driver\GPIO_STM32F10x.h

   * Component: Keil::Device:Startup:1.0.0
      Source file:   Device\Source\ARM\STM32F1xx_OPT.s
      Include file:  RTE_Driver\Config\RTE_Device.h
      Source file:   Device\Source\ARM\startup_stm32f10x_md.s
      Source file:   Device\Source\system_stm32f10x.c

   * Component: Keil::Device:StdPeriph Drivers:ADC:3.5.0
      Include file:  Device\StdPeriph_Driver\inc\stm32f10x_adc.h
      Source file:   Device\StdPeriph_Driver\src\stm32f10x_adc.c

   * Component: Keil::Device:StdPeriph Drivers:BKP:3.5.0
      Include file:  Device\StdPeriph_Driver\inc\stm32f10x_bkp.h
      Source file:   Device\StdPeriph_Driver\src\stm32f10x_bkp.c

   * Component: Keil::Device:StdPeriph Drivers:CAN:3.5.0
      Include file:  Device\StdPeriph_Driver\inc\stm32f10x_can.h
      Source file:   Device\StdPeriph_Driver\src\stm32f10x_can.c

   * Component: Keil::Device:StdPeriph Drivers:CEC:3.5.0
      Source file:   Device\StdPeriph_Driver\src\stm32f10x_cec.c
      Include file:  Device\StdPeriph_Driver\inc\stm32f10x_cec.h

   * Component: Keil::Device:StdPeriph Drivers:CRC:3.5.0
      Source file:   Device\StdPeriph_Driver\src\stm32f10x_crc.c
      Include file:  Device\StdPeriph_Driver\inc\stm32f10x_crc.h

   * Component: Keil::Device:StdPeriph Drivers:DAC:3.5.0
      Include file:  Device\StdPeriph_Driver\inc\stm32f10x_dac.h
      Source file:   Device\StdPeriph_Driver\src\stm32f10x_dac.c

   * Component: Keil::Device:StdPeriph Drivers:DBGMCU:3.5.0
      Include file:  Device\StdPeriph_Driver\inc\stm32f10x_dbgmcu.h
      Source file:   Device\StdPeriph_Driver\src\stm32f10x_dbgmcu.c

   * Component: Keil::Device:StdPeriph Drivers:DMA:3.5.0
      Include file:  Device\StdPeriph_Driver\inc\stm32f10x_dma.h
      Source file:   Device\StdPeriph_Driver\src\stm32f10x_dma.c

   * Component: Keil::Device:StdPeriph Drivers:EXTI:3.5.0
      Source file:   Device\StdPeriph_Driver\src\stm32f10x_exti.c
      Include file:  Device\StdPeriph_Driver\inc\stm32f10x_exti.h

   * Component: Keil::Device:StdPeriph Drivers:FSMC:3.5.0
      Source file:   Device\StdPeriph_Driver\src\stm32f10x_fsmc.c
      Include file:  Device\StdPeriph_Driver\inc\stm32f10x_fsmc.h

   * Component: Keil::Device:StdPeriph Drivers:Flash:3.5.0
      Source file:   Device\StdPeriph_Driver\src\stm32f10x_flash.c
      Include file:  Device\StdPeriph_Driver\inc\stm32f10x_flash.h

   * Component: Keil::Device:StdPeriph Drivers:Framework:3.5.1
      Include file:  Device\StdPeriph_Driver\templates\stm32f10x_it.h
      Include file:  Device\StdPeriph_Driver\inc\misc.h
      Source file:   Device\StdPeriph_Driver\src\misc.c
      Source file:   Device\StdPeriph_Driver\templates\stm32f10x_conf.h
      Source file:   Device\StdPeriph_Driver\templates\stm32f10x_it.c

   * Component: Keil::Device:StdPeriph Drivers:GPIO:3.5.0
      Include file:  Device\StdPeriph_Driver\inc\stm32f10x_gpio.h
      Source file:   Device\StdPeriph_Driver\src\stm32f10x_gpio.c

   * Component: Keil::Device:StdPeriph Drivers:I2C:3.5.0
      Source file:   Device\StdPeriph_Driver\src\stm32f10x_i2c.c
      Include file:  Device\StdPeriph_Driver\inc\stm32f10x_i2c.h

   * Component: Keil::Device:StdPeriph Drivers:IWDG:3.5.0
      Include file:  Device\StdPeriph_Driver\inc\stm32f10x_iwdg.h
      Source file:   Device\StdPeriph_Driver\src\stm32f10x_iwdg.c

   * Component: Keil::Device:StdPeriph Drivers:PWR:3.5.0
      Include file:  Device\StdPeriph_Driver\inc\stm32f10x_pwr.h
      Source file:   Device\StdPeriph_Driver\src\stm32f10x_pwr.c

   * Component: Keil::Device:StdPeriph Drivers:RCC:3.5.0
      Include file:  Device\StdPeriph_Driver\inc\stm32f10x_rcc.h
      Source file:   Device\StdPeriph_Driver\src\stm32f10x_rcc.c

   * Component: Keil::Device:StdPeriph Drivers:RTC:3.5.0
      Source file:   Device\StdPeriph_Driver\src\stm32f10x_rtc.c
      Include file:  Device\StdPeriph_Driver\inc\stm32f10x_rtc.h

   * Component: Keil::Device:StdPeriph Drivers:SDIO:3.5.0
      Source file:   Device\StdPeriph_Driver\src\stm32f10x_sdio.c
      Include file:  Device\StdPeriph_Driver\inc\stm32f10x_sdio.h

   * Component: Keil::Device:StdPeriph Drivers:SPI:3.5.0
      Source file:   Device\StdPeriph_Driver\src\stm32f10x_spi.c
      Include file:  Device\StdPeriph_Driver\inc\stm32f10x_spi.h

   * Component: Keil::Device:StdPeriph Drivers:TIM:3.5.0
      Include file:  Device\StdPeriph_Driver\inc\stm32f10x_tim.h
      Source file:   Device\StdPeriph_Driver\src\stm32f10x_tim.c

   * Component: Keil::Device:StdPeriph Drivers:USART:3.5.0
      Source file:   Device\StdPeriph_Driver\src\stm32f10x_usart.c
      Include file:  Device\StdPeriph_Driver\inc\stm32f10x_usart.h

   * Component: Keil::Device:StdPeriph Drivers:WWDG:3.5.0
      Include file:  Device\StdPeriph_Driver\inc\stm32f10x_wwdg.h
      Source file:   Device\StdPeriph_Driver\src\stm32f10x_wwdg.c
Build Time Elapsed:  00:00:04
</pre>
</body>
</html>
