Component: ARM Compiler 6.12 Tool: armlink [5d624300]

==============================================================================

Section Cross References

    c8t6f2fucn.o(.text.WWDG_Init) refers to stm32f10x_wwdg.o(.text.WWDG_SetPrescaler) for WWDG_SetPrescaler
    c8t6f2fucn.o(.text.WWDG_Init) refers to stm32f10x_wwdg.o(.text.WWDG_SetWindowValue) for WWDG_SetWindowValue
    c8t6f2fucn.o(.text.WWDG_Init) refers to stm32f10x_rcc.o(.text.RCC_APB1PeriphClockCmd) for RCC_APB1PeriphClockCmd
    c8t6f2fucn.o(.text.WWDG_Init) refers to stm32f10x_wwdg.o(.text.WWDG_Enable) for WWDG_Enable
    c8t6f2fucn.o(.ARM.exidx.text.WWDG_Init) refers to c8t6f2fucn.o(.text.WWDG_Init) for [Anonymous Symbol]
    c8t6f2fucn.o(.text.GPIO_config) refers to gpio_stm32f10x.o(.text.GPIO_PortClock) for GPIO_PortClock
    c8t6f2fucn.o(.text.GPIO_config) refers to gpio_stm32f10x.o(.text.GPIO_PinConfigure) for GPIO_PinConfigure
    c8t6f2fucn.o(.ARM.exidx.text.GPIO_config) refers to c8t6f2fucn.o(.text.GPIO_config) for [Anonymous Symbol]
    c8t6f2fucn.o(.text.PHYStatus_Check) refers to wizchip_conf.o(.text.ctlwizchip) for ctlwizchip
    c8t6f2fucn.o(.ARM.exidx.text.PHYStatus_Check) refers to c8t6f2fucn.o(.text.PHYStatus_Check) for [Anonymous Symbol]
    c8t6f2fucn.o(.text.tasks) refers to c8t6f2fucn.o(.text.NTPUDP) for NTPUDP
    c8t6f2fucn.o(.text.tasks) refers to printfa.o(i.__0printf) for __2printf
    c8t6f2fucn.o(.text.tasks) refers to snmp.o(.text.snmpd_run) for snmpd_run
    c8t6f2fucn.o(.text.tasks) refers to c8t6f2fucn.o(.text.loopback_tcps) for loopback_tcps
    c8t6f2fucn.o(.text.tasks) refers to c8t6f2fucn.o(.text.wzn_event_handle) for wzn_event_handle
    c8t6f2fucn.o(.text.tasks) refers to httpserver.o(.text.httpServer_time_handler) for httpServer_time_handler
    c8t6f2fucn.o(.text.tasks) refers to c8t6f2fucn.o(.text.PHYStatus_Check) for PHYStatus_Check
    c8t6f2fucn.o(.text.tasks) refers to c8t6f2fucn.o(.rodata.str1.1) for .L.str
    c8t6f2fucn.o(.text.tasks) refers to c8t6f2fucn.o(.bss.gDATABUF) for gDATABUF
    c8t6f2fucn.o(.text.tasks) refers to httpserver.o(.text.httpServer_run) for httpServer_run
    c8t6f2fucn.o(.text.tasks) refers to stm32f10x_it.o(.data..L_MergedGlobals) for u1out
    c8t6f2fucn.o(.text.tasks) refers to stm32f10x_it.o(.bss..L_MergedGlobals.1) for USART1_rx_data_buff
    c8t6f2fucn.o(.text.tasks) refers to stm32f10x_it.o(.rodata.RX_BUFFER_SIZE0) for RX_BUFFER_SIZE0
    c8t6f2fucn.o(.text.tasks) refers to w5500lib_init.o(.bss.W5500RecInt) for W5500RecInt
    c8t6f2fucn.o(.text.tasks) refers to c8t6f2fucn.o(.bss..L_MergedGlobals.48) for [Anonymous Symbol]
    c8t6f2fucn.o(.ARM.exidx.text.tasks) refers to c8t6f2fucn.o(.text.tasks) for [Anonymous Symbol]
    c8t6f2fucn.o(.text.NTPUDP) refers to w5500.o(.text.WIZCHIP_READ) for WIZCHIP_READ
    c8t6f2fucn.o(.text.NTPUDP) refers to w5500.o(.text.getSn_RX_RSR) for getSn_RX_RSR
    c8t6f2fucn.o(.text.NTPUDP) refers to socket.o(.text.recvfrom) for recvfrom
    c8t6f2fucn.o(.text.NTPUDP) refers to dfltl.o(.text) for __aeabi_l2d
    c8t6f2fucn.o(.text.NTPUDP) refers to dmul.o(.text) for __aeabi_dmul
    c8t6f2fucn.o(.text.NTPUDP) refers to dfixui.o(.text) for __aeabi_d2uiz
    c8t6f2fucn.o(.text.NTPUDP) refers to c8t6f2fucn.o(.text.getns) for getns
    c8t6f2fucn.o(.text.NTPUDP) refers to socket.o(.text.sendto) for sendto
    c8t6f2fucn.o(.text.NTPUDP) refers to printfa.o(i.__0printf) for __2printf
    c8t6f2fucn.o(.text.NTPUDP) refers to socket.o(.text.socket) for socket
    c8t6f2fucn.o(.text.NTPUDP) refers to c8t6f2fucn.o(.rodata.str1.1) for .L.str.41
    c8t6f2fucn.o(.text.NTPUDP) refers to c8t6f2fucn.o(.bss.clientPacket) for clientPacket
    c8t6f2fucn.o(.text.NTPUDP) refers to c8t6f2fucn.o(.bss..L_MergedGlobals.48) for [Anonymous Symbol]
    c8t6f2fucn.o(.ARM.exidx.text.NTPUDP) refers to c8t6f2fucn.o(.text.NTPUDP) for [Anonymous Symbol]
    c8t6f2fucn.o(.text.loopback_tcps) refers to w5500.o(.text.WIZCHIP_READ) for WIZCHIP_READ
    c8t6f2fucn.o(.text.loopback_tcps) refers to printfa.o(i.__0printf) for __2printf
    c8t6f2fucn.o(.text.loopback_tcps) refers to w5500.o(.text.WIZCHIP_WRITE) for WIZCHIP_WRITE
    c8t6f2fucn.o(.text.loopback_tcps) refers to w5500.o(.text.getSn_RX_RSR) for getSn_RX_RSR
    c8t6f2fucn.o(.text.loopback_tcps) refers to socket.o(.text.recv) for recv
    c8t6f2fucn.o(.text.loopback_tcps) refers to socket.o(.text.send) for send
    c8t6f2fucn.o(.text.loopback_tcps) refers to socket.o(.text.socket) for socket
    c8t6f2fucn.o(.text.loopback_tcps) refers to socket.o(.text.listen) for listen
    c8t6f2fucn.o(.text.loopback_tcps) refers to socket.o(.text.disconnect) for disconnect
    c8t6f2fucn.o(.text.loopback_tcps) refers to socket.o(.text.close) for close
    c8t6f2fucn.o(.ARM.exidx.text.loopback_tcps) refers to c8t6f2fucn.o(.text.loopback_tcps) for [Anonymous Symbol]
    c8t6f2fucn.o(.text.wzn_event_handle) refers to wizchip_conf.o(.text.ctlwizchip) for ctlwizchip
[...]
    .Lstr.58                                 0x0800a9cd   Data          31  httpserver.o(.rodata.str1.1)
    .Lstr.54                                 0x0800a9ec   Data          15  httpserver.o(.rodata.str1.1)
    .L.str.1                                 0x0800a9fb   Data          42  httpserver.o(.rodata.str1.1)
    .L.str.51                                0x0800aa23   Data           2  httpserver.o(.rodata.str1.1)
    .L.str.24                                0x0800aa25   Data           2  httpserver.o(.rodata.str1.1)
    .L.str.36                                0x0800aa27   Data           6  httpserver.o(.rodata.str1.1)
    .L.str.41                                0x0800aa2d   Data          14  httpserver.o(.rodata.str1.1)
    .L.str.42                                0x0800aa3b   Data          18  httpserver.o(.rodata.str1.1)
    .L.str.28                                0x0800aa4d   Data           7  httpserver.o(.rodata.str1.1)
    .L.str.43                                0x0800aa54   Data           9  httpserver.o(.rodata.str1.1)
    .L.str.38                                0x0800aa5d   Data          36  httpserver.o(.rodata.str1.1)
    .L.str.16                                0x0800aa81   Data          88  httputil.o(.rodata.str1.1)
    [Anonymous Symbol]                       0x0800aa81   Section        0  httputil.o(.rodata.str1.1)
    .L.str.18                                0x0800aad9   Data         213  httputil.o(.rodata.str1.1)
    .L.str.13                                0x0800abae   Data         388  httputil.o(.rodata.str1.1)
    .L.str.20                                0x0800ad32   Data           4  httputil.o(.rodata.str1.1)
    .L.str.19                                0x0800ad36   Data           4  httputil.o(.rodata.str1.1)
    .L.str.29                                0x0800ad3c   Data          18  httpserver.o(.rodata.str1.4)
    [Anonymous Symbol]                       0x0800ad3c   Section        0  httpserver.o(.rodata.str1.4)
    .L.str.27                                0x0800ad50   Data          13  httpserver.o(.rodata.str1.4)
    .L.str.25                                0x0800ad60   Data          11  httpserver.o(.rodata.str1.4)
    state                                    0x20000000   Data           4  strtok.o(.data)
    .data                                    0x20000000   Section        4  strtok.o(.data)
    .data                                    0x20000004   Section        4  stdout.o(.data)
    .data                                    0x20000008   Section        4  mvars.o(.data)
    .data                                    0x2000000c   Section        4  mvars.o(.data)
    [Anonymous Symbol]                       0x20000010   Section        0  c8t6f2fucn.o(.data..L_MergedGlobals)
    [Anonymous Symbol]                       0x20000034   Section        0  stm32f10x_it.o(.data..L_MergedGlobals)
    [Anonymous Symbol]                       0x20000044   Section        0  httpserver.o(.data..L_MergedGlobals)
    sock_any_port                            0x200004a4   Data           2  socket.o(.data.sock_any_port)
    [Anonymous Symbol]                       0x200004a4   Section        0  socket.o(.data.sock_any_port)
    _DHCP_                                   0x200004b0   Data           1  wizchip_conf.o(.bss..L_MergedGlobals)
    [Anonymous Symbol]                       0x200004b0   Section        0  wizchip_conf.o(.bss..L_MergedGlobals)
    _DNS_.0                                  0x200004b1   Data           1  wizchip_conf.o(.bss..L_MergedGlobals)
    _DNS_.1                                  0x200004b2   Data           1  wizchip_conf.o(.bss..L_MergedGlobals)
    _DNS_.2                                  0x200004b3   Data           1  wizchip_conf.o(.bss..L_MergedGlobals)
    _DNS_.3                                  0x200004b4   Data           1  wizchip_conf.o(.bss..L_MergedGlobals)
    sock_io_mode                             0x200004b6   Data           2  socket.o(.bss..L_MergedGlobals)
    [Anonymous Symbol]                       0x200004b6   Section        0  socket.o(.bss..L_MergedGlobals)
    sock_is_sending                          0x200004b8   Data           2  socket.o(.bss..L_MergedGlobals)
    sock_remained_size                       0x200004c2   Data          16  socket.o(.bss..L_MergedGlobals)
    SOCK_SNMP_AGENT                          0x200004d4   Data           1  snmp.o(.bss..L_MergedGlobals)
    [Anonymous Symbol]                       0x200004d4   Section        0  snmp.o(.bss..L_MergedGlobals)
    SOCK_SNMP_TRAP                           0x200004d5   Data           1  snmp.o(.bss..L_MergedGlobals)
    startTime                                0x200004dc   Data           4  snmp.o(.bss..L_MergedGlobals)
    [Anonymous Symbol]                       0x200004e0   Section        0  stm32f10x_it.o(.bss..L_MergedGlobals.1)
    [Anonymous Symbol]                       0x20000500   Section        0  c8t6f2fucn.o(.bss..L_MergedGlobals.48)
    [Anonymous Symbol]                       0x20000548   Section        0  httpserver.o(.bss..L_MergedGlobals.59)
    http_request                             0x20000550   Data           4  httpserver.o(.bss..L_MergedGlobals.59)
    parsed_http_request                      0x20000554   Data           4  httpserver.o(.bss..L_MergedGlobals.59)
    http_response                            0x20000558   Data           4  httpserver.o(.bss..L_MergedGlobals.59)
    HTTPSock_Num                             0x2000055c   Data           8  httpserver.o(.bss..L_MergedGlobals.59)
    s2e_packet                               0x2000254e   Data         133  configdata.o(.bss.s2e_packet)
    [Anonymous Symbol]                       0x2000254e   Section        0  configdata.o(.bss.s2e_packet)
    total_content_cnt                        0x200025d4   Data           2  httpserver.o(.bss.total_content_cnt)
    [Anonymous Symbol]                       0x200025d4   Section        0  httpserver.o(.bss.total_content_cnt)
    HEAP                                     0x200026c8   Section      512  startup_stm32f10x_md.o(HEAP)
    STACK                                    0x200028c8   Section     1024  startup_stm32f10x_md.o(STACK)

    Global Symbols

    Symbol Name                              Value     Ov Type        Size  Object(Section)

    BuildAttributes$$THM_ISAv4$P$D$K$B$S$PE$A:L22UL41UL21$X:L11$S22US41US21$IEEE1$IW$~IW$USESV6$~STKCKD$USESV7$~SHL$OSPACE$ROPI$EBA8$MICROLIB$REQ8$PRES8$EABIv2 0x00000000   Number         0  anon$$obj.o ABSOLUTE
    _printf_a                                0x00000000   Number         0  stubs.o ABSOLUTE
    _printf_c                                0x00000000   Number         0  stubs.o ABSOLUTE
    _printf_charcount                        0x00000000   Number         0  stubs.o ABSOLUTE
    _printf_d                                0x00000000   Number         0  stubs.o ABSOLUTE
    _printf_e                                0x00000000   Number         0  stubs.o ABSOLUTE
    _printf_f                                0x00000000   Number         0  stubs.o ABSOLUTE
    _printf_flags                            0x00000000   Number         0  stubs.o ABSOLUTE
    _printf_fp_dec                           0x00000000   Number         0  stubs.o ABSOLUTE
    _printf_fp_hex                           0x00000000   Number         0  stubs.o ABSOLUTE
    _printf_g                                0x00000000   Number         0  stubs.o ABSOLUTE
    _printf_i                                0x00000000   Number         0  stubs.o ABSOLUTE
    _printf_int_dec                          0x00000000   Number         0  stubs.o ABSOLUTE
    _printf_l                                0x00000000   Number         0  stubs.o ABSOLUTE
    _printf_lc                               0x00000000   Number         0  stubs.o ABSOLUTE
    _printf_ll                               0x00000000   Number         0  stubs.o ABSOLUTE
    _printf_lld                              0x00000000   Number         0  stubs.o ABSOLUTE
    _printf_lli                              0x00000000   Number         0  stubs.o ABSOLUTE
    _printf_llo                              0x00000000   Number         0  stubs.o ABSOLUTE
    _printf_llu                              0x00000000   Number         0  stubs.o ABSOLUTE
    _printf_llx                              0x00000000   Number         0  stubs.o ABSOLUTE
    _printf_longlong_dec                     0x00000000   Number         0  stubs.o ABSOLUTE
    _printf_longlong_hex                     0x00000000   Number         0  stubs.o ABSOLUTE
    _printf_longlong_oct                     0x00000000   Number         0  stubs.o ABSOLUTE
    _printf_ls                               0x00000000   Number         0  stubs.o ABSOLUTE
    _printf_mbtowc                           0x00000000   Number         0  stubs.o ABSOLUTE
    _printf_n                                0x00000000   Number         0  stubs.o ABSOLUTE
    _printf_o                                0x00000000   Number         0  stubs.o ABSOLUTE
    _printf_p                                0x00000000   Number         0  stubs.o ABSOLUTE
    _printf_percent                          0x00000000   Number         0  stubs.o ABSOLUTE
    _printf_pre_padding                      0x00000000   Number         0  stubs.o ABSOLUTE
    _printf_return_value                     0x00000000   Number         0  stubs.o ABSOLUTE
    _printf_s                                0x00000000   Number         0  stubs.o ABSOLUTE
    _printf_sizespec                         0x00000000   Number         0  stubs.o ABSOLUTE
    _printf_str                              0x00000000   Number         0  stubs.o ABSOLUTE
    _printf_truncate_signed                  0x00000000   Number         0  stubs.o ABSOLUTE
    _printf_truncate_unsigned                0x00000000   Number         0  stubs.o ABSOLUTE
    _printf_u                                0x00000000   Number         0  stubs.o ABSOLUTE
    _printf_wc                               0x00000000   Number         0  stubs.o ABSOLUTE
    _printf_wctomb                           0x00000000   Number         0  stubs.o ABSOLUTE
    _printf_widthprec                        0x00000000   Number         0  stubs.o ABSOLUTE
    _printf_x                                0x00000000   Number         0  stubs.o ABSOLUTE
    __cpp_initialize__aeabi_                  - Undefined Weak Reference
    __cxa_finalize                            - Undefined Weak Reference
    _clock_init                               - Undefined Weak Reference
    _microlib_exit                            - Undefined Weak Reference
    _scanf_longlong                           - Undefined Weak Reference
    _scanf_real                               - Undefined Weak Reference
    _scanf_string                             - Undefined Weak Reference
    __Vectors_Size                           0x000000ec   Number         0  startup_stm32f10x_md.o ABSOLUTE
    __Vectors                                0x08000000   Data           4  startup_stm32f10x_md.o(RESET)
    __Vectors_End                            0x080000ec   Data           0  startup_stm32f10x_md.o(RESET)
    __main                                   0x080000ed   Thumb Code     0  entry.o(.ARM.Collect$$$$00000000)
    _main_stk                                0x080000ed   Thumb Code     0  entry2.o(.ARM.Collect$$$$00000001)
    _main_scatterload                        0x080000f1   Thumb Code     0  entry5.o(.ARM.Collect$$$$00000004)
    __main_after_scatterload                 0x080000f5   Thumb Code     0  entry5.o(.ARM.Collect$$$$00000004)
    _main_clock                              0x080000f5   Thumb Code     0  entry7b.o(.ARM.Collect$$$$00000008)
    _main_cpp_init                           0x080000f5   Thumb Code     0  entry8b.o(.ARM.Collect$$$$0000000A)
    _main_init                               0x080000f5   Thumb Code     0  entry9a.o(.ARM.Collect$$$$0000000B)
    __rt_final_cpp                           0x080000fd   Thumb Code     0  entry10a.o(.ARM.Collect$$$$0000000D)
    __rt_final_exit                          0x080000fd   Thumb Code     0  entry11a.o(.ARM.Collect$$$$0000000F)
    Reset_Handler                            0x08000101   Thumb Code     8  startup_stm32f10x_md.o(.text)
    ADC1_2_IRQHandler                        0x0800011b   Thumb Code     0  startup_stm32f10x_md.o(.text)
    CAN1_RX1_IRQHandler                      0x0800011b   Thumb Code     0  startup_stm32f10x_md.o(.text)
    CAN1_SCE_IRQHandler                      0x0800011b   Thumb Code     0  startup_stm32f10x_md.o(.text)
    DMA1_Channel1_IRQHandler                 0x0800011b   Thumb Code     0  startup_stm32f10x_md.o(.text)
    DMA1_Channel2_IRQHandler                 0x0800011b   Thumb Code     0  startup_stm32f10x_md.o(.text)
    DMA1_Channel3_IRQHandler                 0x0800011b   Thumb Code     0  startup_stm32f10x_md.o(.text)
    DMA1_Channel4_IRQHandler                 0x0800011b   Thumb Code     0  startup_stm32f10x_md.o(.text)
    DMA1_Channel5_IRQHandler                 0x0800011b   Thumb Code     0  startup_stm32f10x_md.o(.text)
    DMA1_Channel6_IRQHandler                 0x0800011b   Thumb Code     0  startup_stm32f10x_md.o(.text)
    DMA1_Channel7_IRQHandler                 0x0800011b   Thumb Code     0  startup_stm32f10x_md.o(.text)
    EXTI0_IRQHandler                         0x0800011b   Thumb Code     0  startup_stm32f10x_md.o(.text)
    EXTI15_10_IRQHandler                     0x0800011b   Thumb Code     0  startup_stm32f10x_md.o(.text)
    EXTI1_IRQHandler                         0x0800011b   Thumb Code     0  startup_stm32f10x_md.o(.text)
    EXTI2_IRQHandler                         0x0800011b   Thumb Code     0  startup_stm32f10x_md.o(.text)
    EXTI4_IRQHandler                         0x0800011b   Thumb Code     0  startup_stm32f10x_md.o(.text)
    EXTI9_5_IRQHandler                       0x0800011b   Thumb Code     0  startup_stm32f10x_md.o(.text)
    FLASH_IRQHandler                         0x0800011b   Thumb Code     0  startup_stm32f10x_md.o(.text)
    I2C1_ER_IRQHandler                       0x0800011b   Thumb Code     0  startup_stm32f10x_md.o(.text)
    I2C1_EV_IRQHandler                       0x0800011b   Thumb Code     0  startup_stm32f10x_md.o(.text)
    I2C2_ER_IRQHandler                       0x0800011b   Thumb Code     0  startup_stm32f10x_md.o(.text)
    I2C2_EV_IRQHandler                       0x0800011b   Thumb Code     0  startup_stm32f10x_md.o(.text)
    PVD_IRQHandler                           0x0800011b   Thumb Code     0  startup_stm32f10x_md.o(.text)
    RCC_IRQHandler                           0x0800011b   Thumb Code     0  startup_stm32f10x_md.o(.text)
    RTCAlarm_IRQHandler                      0x0800011b   Thumb Code     0  startup_stm32f10x_md.o(.text)
    RTC_IRQHandler                           0x0800011b   Thumb Code     0  startup_stm32f10x_md.o(.text)
    SPI1_IRQHandler                          0x0800011b   Thumb Code     0  startup_stm32f10x_md.o(.text)
    SPI2_IRQHandler                          0x0800011b   Thumb Code     0  startup_stm32f10x_md.o(.text)
    TAMPER_IRQHandler                        0x0800011b   Thumb Code     0  startup_stm32f10x_md.o(.text)
    TIM1_BRK_IRQHandler                      0x0800011b   Thumb Code     0  startup_stm32f10x_md.o(.text)
    TIM1_CC_IRQHandler                       0x0800011b   Thumb Code     0  startup_stm32f10x_md.o(.text)
    TIM1_TRG_COM_IRQHandler                  0x0800011b   Thumb Code     0  startup_stm32f10x_md.o(.text)
    TIM1_UP_IRQHandler                       0x0800011b   Thumb Code     0  startup_stm32f10x_md.o(.text)
    TIM4_IRQHandler                          0x0800011b   Thumb Code     0  startup_stm32f10x_md.o(.text)
    USART3_IRQHandler                        0x0800011b   Thumb Code     0  startup_stm32f10x_md.o(.text)
    USBWakeUp_IRQHandler                     0x0800011b   Thumb Code     0  startup_stm32f10x_md.o(.text)
    USB_HP_CAN1_TX_IRQHandler                0x0800011b   Thumb Code     0  startup_stm32f10x_md.o(.text)
    USB_LP_CAN1_RX0_IRQHandler               0x0800011b   Thumb Code     0  startup_stm32f10x_md.o(.text)
    WWDG_IRQHandler                          0x0800011b   Thumb Code     0  startup_stm32f10x_md.o(.text)
    __aeabi_uldivmod                         0x08000125   Thumb Code    98  uldiv.o(.text)
    __rt_ctype_table                         0x08000189   Thumb Code     4  ctype_o.o(.text)
    __aeabi_memcpy                           0x08000191   Thumb Code    36  memcpya.o(.text)
    __aeabi_memcpy4                          0x08000191   Thumb Code     0  memcpya.o(.text)
    __aeabi_memcpy8                          0x08000191   Thumb Code     0  memcpya.o(.text)
    __aeabi_memset                           0x080001b5   Thumb Code    14  memseta.o(.text)
    __aeabi_memset4                          0x080001b5   Thumb Code     0  memseta.o(.text)
    __aeabi_memset8                          0x080001b5   Thumb Code     0  memseta.o(.text)
    __aeabi_memclr                           0x080001c3   Thumb Code     4  memseta.o(.text)
    __aeabi_memclr4                          0x080001c3   Thumb Code     0  memseta.o(.text)
    __aeabi_memclr8                          0x080001c3   Thumb Code     0  memseta.o(.text)
    _memset$wrapper                          0x080001c7   Thumb Code    18  memseta.o(.text)
    strcat                                   0x080001d9   Thumb Code    24  strcat.o(.text)
    strstr                                   0x080001f1   Thumb Code    36  strstr.o(.text)
    strncpy                                  0x08000215   Thumb Code    24  strncpy.o(.text)
    strchr                                   0x0800022d   Thumb Code    20  strchr.o(.text)
    strlen                                   0x08000241   Thumb Code    14  strlen.o(.text)
    strcmp                                   0x0800024f   Thumb Code    28  strcmp.o(.text)
    memcmp                                   0x0800026b   Thumb Code    26  memcmp.o(.text)
    strcpy                                   0x08000285   Thumb Code    18  strcpy.o(.text)
    strtok                                   0x08000299   Thumb Code    62  strtok.o(.text)
    _scanf_int                               0x080002dd   Thumb Code   332  _scanf_int.o(.text)
    __aeabi_dmul                             0x08000429   Thumb Code   228  dmul.o(.text)
    __aeabi_l2d                              0x0800050d   Thumb Code    40  dfltl.o(.text)
    __aeabi_d2uiz                            0x08000535   Thumb Code    50  dfixui.o(.text)
    __aeabi_uidiv                            0x08000567   Thumb Code     0  uidiv.o(.text)
    __aeabi_uidivmod                         0x08000567   Thumb Code    44  uidiv.o(.text)
    __aeabi_llsl                             0x08000593   Thumb Code    30  llshl.o(.text)
    _ll_shift_l                              0x08000593   Thumb Code     0  llshl.o(.text)
    __aeabi_llsr                             0x080005b1   Thumb Code    32  llushr.o(.text)
    _ll_ushift_r                             0x080005b1   Thumb Code     0  llushr.o(.text)
    _chval                                   0x080005d1   Thumb Code    28  _chval.o(.text)
    __I$use$fp                               0x080005ed   Thumb Code     0  iusefp.o(.text)
    _double_round                            0x080005ed   Thumb Code    30  depilogue.o(.text)
    _double_epilogue                         0x0800060b   Thumb Code   156  depilogue.o(.text)
    __aeabi_dadd                             0x080006a7   Thumb Code   322  dadd.o(.text)
    __aeabi_dsub                             0x080007e9   Thumb Code     6  dadd.o(.text)
    __aeabi_drsub                            0x080007ef   Thumb Code     6  dadd.o(.text)
    __aeabi_ddiv                             0x080007f5   Thumb Code   222  ddiv.o(.text)
    __aeabi_d2ulz                            0x080008d3   Thumb Code    48  dfixul.o(.text)
    __aeabi_cdrcmple                         0x08000905   Thumb Code    48  cdrcmple.o(.text)
    __scatterload                            0x08000935   Thumb Code    28  init.o(.text)
    __scatterload_rt2                        0x08000935   Thumb Code     0  init.o(.text)
    __aeabi_lasr                             0x08000959   Thumb Code    36  llsshr.o(.text)
    _ll_sshift_r                             0x08000959   Thumb Code     0  llsshr.o(.text)
    __decompress                             0x0800097d   Thumb Code     0  __dczerorl2.o(.text)
    __decompress1                            0x0800097d   Thumb Code    86  __dczerorl2.o(.text)
    ATOI                                     0x080009d3   Thumb Code    34  httpparser.o(.text.ATOI)
    BusFault_Handler                         0x080009f5   Thumb Code     2  stm32f10x_it.o(.text.BusFault_Handler)
    DebugMon_Handler                         0x08000a1f   Thumb Code     2  stm32f10x_it.o(.text.DebugMon_Handler)
    Display_Net_Conf                         0x08000a21   Thumb Code   320  w5500lib_init.o(.text.Display_Net_Conf)
    EE_Init                                  0x08000bd1   Thumb Code   312  eeprom_stm.o(.text.EE_Init)
    EE_ReadVariable                          0x08000cfd   Thumb Code    68  eeprom_stm.o(.text.EE_ReadVariable)
    EE_WriteVariable                         0x08000d89   Thumb Code   156  eeprom_stm.o(.text.EE_WriteVariable)
    EXTI3_IRQHandler                         0x08000e25   Thumb Code    52  c8t6f2fucn.o(.text.EXTI3_IRQHandler)
    EXTI_ClearITPendingBit                   0x08000e59   Thumb Code    12  stm32f10x_exti.o(.text.EXTI_ClearITPendingBit)
    EXTI_GetITStatus                         0x08000e65   Thumb Code    28  stm32f10x_exti.o(.text.EXTI_GetITStatus)
    EXTI_Init                                0x08000e7d   Thumb Code   100  stm32f10x_exti.o(.text.EXTI_Init)
    FLASH_ErasePage                          0x08000ee1   Thumb Code    64  stm32f10x_flash.o(.text.FLASH_ErasePage)
    FLASH_GetBank1Status                     0x08000f1d   Thumb Code    40  stm32f10x_flash.o(.text.FLASH_GetBank1Status)
    FLASH_ProgramHalfWord                    0x08000f45   Thumb Code    56  stm32f10x_flash.o(.text.FLASH_ProgramHalfWord)
    FLASH_Unlock                             0x08000f7d   Thumb Code    24  stm32f10x_flash.o(.text.FLASH_Unlock)
    FLASH_WaitForLastOperation               0x08000f95   Thumb Code    32  stm32f10x_flash.o(.text.FLASH_WaitForLastOperation)
    GPIO_EXTILineConfig                      0x08000fb5   Thumb Code    44  stm32f10x_gpio.o(.text.GPIO_EXTILineConfig)
    GPIO_GetPortClockState                   0x08000fe1   Thumb Code    72  gpio_stm32f10x.o(.text.GPIO_GetPortClockState)
    GPIO_Init                                0x08001025   Thumb Code   184  stm32f10x_gpio.o(.text.GPIO_Init)
    GPIO_PinConfigure                        0x080010dd   Thumb Code   112  gpio_stm32f10x.o(.text.GPIO_PinConfigure)
    GPIO_PortClock                           0x0800114d   Thumb Code   216  gpio_stm32f10x.o(.text.GPIO_PortClock)
    GPIO_ResetBits                           0x08001221   Thumb Code     4  stm32f10x_gpio.o(.text.GPIO_ResetBits)
    GPIO_SetBits                             0x08001225   Thumb Code     4  stm32f10x_gpio.o(.text.GPIO_SetBits)
    GPIO_config                              0x08001229   Thumb Code    36  c8t6f2fucn.o(.text.GPIO_config)
    HardFault_Handler                        0x0800124d   Thumb Code     2  stm32f10x_it.o(.text.HardFault_Handler)
    MemManage_Handler                        0x0800124f   Thumb Code     2  stm32f10x_it.o(.text.MemManage_Handler)
    NMI_Handler                              0x08001251   Thumb Code     2  stm32f10x_it.o(.text.NMI_Handler)
    NTPUDP                                   0x08001255   Thumb Code   340  c8t6f2fucn.o(.text.NTPUDP)
    NVIC_Init                                0x080013a9   Thumb Code    92  misc.o(.text.NVIC_Init)
    NVIC_PriorityGroupConfig                 0x08001401   Thumb Code    20  misc.o(.text.NVIC_PriorityGroupConfig)
    Net_Conf                                 0x08001415   Thumb Code    38  w5500lib_init.o(.text.Net_Conf)
    PHYStatus_Check                          0x0800143d   Thumb Code    36  c8t6f2fucn.o(.text.PHYStatus_Check)
    PendSV_Handler                           0x08001461   Thumb Code     2  stm32f10x_it.o(.text.PendSV_Handler)
    RCC_APB1PeriphClockCmd                   0x08001465   Thumb Code    24  stm32f10x_rcc.o(.text.RCC_APB1PeriphClockCmd)
    RCC_APB1PeriphResetCmd                   0x0800147d   Thumb Code    24  stm32f10x_rcc.o(.text.RCC_APB1PeriphResetCmd)
    RCC_APB2PeriphClockCmd                   0x08001495   Thumb Code    24  stm32f10x_rcc.o(.text.RCC_APB2PeriphClockCmd)
    RCC_APB2PeriphResetCmd                   0x080014ad   Thumb Code    24  stm32f10x_rcc.o(.text.RCC_APB2PeriphResetCmd)
    RCC_ClearFlag                            0x080014c5   Thumb Code    16  stm32f10x_rcc.o(.text.RCC_ClearFlag)
    RCC_GetClocksFreq                        0x080014d5   Thumb Code   132  stm32f10x_rcc.o(.text.RCC_GetClocksFreq)
    RCC_GetFlagStatus                        0x0800154d   Thumb Code    44  stm32f10x_rcc.o(.text.RCC_GetFlagStatus)
    SNMP_time_handler                        0x08001575   Thumb Code    16  snmp.o(.text.SNMP_time_handler)
    SPI1_W5500_Init                          0x08001585   Thumb Code   100  w5500lib_init.o(.text.SPI1_W5500_Init)
    SPI_Cmd                                  0x080015e9   Thumb Code    18  stm32f10x_spi.o(.text.SPI_Cmd)
    SPI_I2S_GetFlagStatus                    0x080015fb   Thumb Code    10  stm32f10x_spi.o(.text.SPI_I2S_GetFlagStatus)
    SPI_I2S_ReceiveData                      0x08001605   Thumb Code     4  stm32f10x_spi.o(.text.SPI_I2S_ReceiveData)
    SPI_I2S_SendData                         0x08001609   Thumb Code     4  stm32f10x_spi.o(.text.SPI_I2S_SendData)
    SPI_Init                                 0x0800160d   Thumb Code    54  stm32f10x_spi.o(.text.SPI_Init)
    SVC_Handler                              0x08001643   Thumb Code     2  stm32f10x_it.o(.text.SVC_Handler)
    SysTick_Handler                          0x08001645   Thumb Code   104  stm32f10x_it.o(.text.SysTick_Handler)
    SystemCoreClockUpdate                    0x080016a5   Thumb Code    84  system_stm32f10x.o(.text.SystemCoreClockUpdate)
    SystemInit                               0x080016f9   Thumb Code   240  system_stm32f10x.o(.text.SystemInit)
    TIM2_IRQHandler                          0x080017e9   Thumb Code     2  stm32f10x_it.o(.text.TIM2_IRQHandler)
    TIM3_IRQHandler                          0x080017eb   Thumb Code     2  stm32f10x_it.o(.text.TIM3_IRQHandler)
    TIM_Cmd                                  0x080017ed   Thumb Code    18  stm32f10x_tim.o(.text.TIM_Cmd)
    TIM_GetCounter                           0x080017ff   Thumb Code     4  stm32f10x_tim.o(.text.TIM_GetCounter)
    TIM_ITConfig                             0x08001803   Thumb Code    16  stm32f10x_tim.o(.text.TIM_ITConfig)
    TIM_SetCounter                           0x08001813   Thumb Code     4  stm32f10x_tim.o(.text.TIM_SetCounter)
    TIM_TimeBaseInit                         0x08001819   Thumb Code   144  stm32f10x_tim.o(.text.TIM_TimeBaseInit)
    TIM_init                                 0x080018a5   Thumb Code    60  tim.o(.text.TIM_init)
    USART1_IRQHandler                        0x080018e1   Thumb Code    60  stm32f10x_it.o(.text.USART1_IRQHandler)
    USART1_Init                              0x08001915   Thumb Code   120  uart.o(.text.USART1_Init)
    USART2_IRQHandler                        0x08001989   Thumb Code   100  stm32f10x_it.o(.text.USART2_IRQHandler)
    USART_Cmd                                0x080019e9   Thumb Code    18  stm32f10x_usart.o(.text.USART_Cmd)
    USART_DeInit                             0x080019fd   Thumb Code   152  stm32f10x_usart.o(.text.USART_DeInit)
    USART_GetFlagStatus                      0x08001a91   Thumb Code    10  stm32f10x_usart.o(.text.USART_GetFlagStatus)
    USART_GetITStatus                        0x08001a9b   Thumb Code    66  stm32f10x_usart.o(.text.USART_GetITStatus)
    USART_ITConfig                           0x08001add   Thumb Code    46  stm32f10x_usart.o(.text.USART_ITConfig)
    USART_Init                               0x08001b0d   Thumb Code   164  stm32f10x_usart.o(.text.USART_Init)
    USART_SendData                           0x08001bb1   Thumb Code     8  stm32f10x_usart.o(.text.USART_SendData)
    USER_UART_NVIC                           0x08001bb9   Thumb Code    32  uart.o(.text.USER_UART_NVIC)
    UsageFault_Handler                       0x08001bd9   Thumb Code     2  stm32f10x_it.o(.text.UsageFault_Handler)
    W5500_GPIO_Init2                         0x08001bdd   Thumb Code   148  w5500lib_init.o(.text.W5500_GPIO_Init2)
    WIZCHIP_READ                             0x08001c71   Thumb Code    96  w5500.o(.text.WIZCHIP_READ)
    WIZCHIP_READ_BUF                         0x08001ccd   Thumb Code   112  w5500.o(.text.WIZCHIP_READ_BUF)
    WIZCHIP_WRITE                            0x08001d39   Thumb Code    96  w5500.o(.text.WIZCHIP_WRITE)
    WIZCHIP_WRITE_BUF                        0x08001d95   Thumb Code   120  w5500.o(.text.WIZCHIP_WRITE_BUF)
    WWDG_SetCounter                          0x08001e09   Thumb Code    16  stm32f10x_wwdg.o(.text.WWDG_SetCounter)
    close                                    0x08001e3d   Thumb Code   112  socket.o(.text.close)
    ctlnetwork                               0x08001ea9   Thumb Code    76  wizchip_conf.o(.text.ctlnetwork)
    ctlwizchip                               0x08001ef5   Thumb Code   220  wizchip_conf.o(.text.ctlwizchip)
    currentUptime                            0x08001fd1   Thumb Code    28  snmp.o(.text.currentUptime)
    default_mcu_reset                        0x08001fed   Thumb Code     2  httpserver.o(.text.default_mcu_reset)
    default_wdt_reset                        0x08001fef   Thumb Code     2  httpserver.o(.text.default_wdt_reset)
    delay_cnt                                0x08001ff1   Thumb Code    20  w5500lib_init.o(.text.delay_cnt)
    delay_ms                                 0x08002005   Thumb Code    34  delay.o(.text.delay_ms)
    disconnect                               0x08002029   Thumb Code   128  socket.o(.text.disconnect)
    display_reg_webContent_list              0x080020a9   Thumb Code   284  httpserver.o(.text.display_reg_webContent_list)
    dumpCode                                 0x080021c5   Thumb Code   216  snmp.o(.text.dumpCode)
    findEntry                                0x0800229d   Thumb Code    68  snmp.o(.text.findEntry)
    find_http_uri_type                       0x080022e1   Thumb Code   652  httpparser.o(.text.find_http_uri_type)
    find_userReg_webContent                  0x0800256d   Thumb Code    72  httpserver.o(.text.find_userReg_webContent)
    fputc                                    0x080025b5   Thumb Code    36  c8t6f2main.o(.text.fputc)
    getEntry                                 0x080025d9   Thumb Code   232  snmp.o(.text.getEntry)
    getOID                                   0x080026d9   Thumb Code    68  snmp.o(.text.getOID)
    getSn_RX_RSR                             0x0800271d   Thumb Code    68  w5500.o(.text.getSn_RX_RSR)
    getSn_TX_FSR                             0x08002761   Thumb Code    68  w5500.o(.text.getSn_TX_FSR)
    getValue                                 0x080027a5   Thumb Code    32  snmp.o(.text.getValue)
    get_LEDStatus_all                        0x080027c5   Thumb Code    60  snmp_custom.o(.text.get_LEDStatus_all)
    get_S2E_Packet_pointer                   0x08002801   Thumb Code     8  configdata.o(.text.get_S2E_Packet_pointer)
    get_http_param_value                     0x08002809   Thumb Code   192  httpparser.o(.text.get_http_param_value)
    get_http_uri_name                        0x080028c9   Thumb Code    60  httpparser.o(.text.get_http_uri_name)
    getns                                    0x08002905   Thumb Code    32  c8t6f2fucn.o(.text.getns)
    hardware_init                            0x08002925   Thumb Code   552  c8t6f2fucn.o(.text.hardware_init)
    httpServer_Sockinit                      0x08002b4d   Thumb Code    28  httpserver.o(.text.httpServer_Sockinit)
    httpServer_init                          0x08002b65   Thumb Code    20  httpserver.o(.text.httpServer_init)
    httpServer_run                           0x08002b79   Thumb Code  1292  httpserver.o(.text.httpServer_run)
    httpServer_time_handler                  0x08003085   Thumb Code    16  httpserver.o(.text.httpServer_time_handler)
    http_get_cgi_handler                     0x08003095   Thumb Code   108  httputil.o(.text.http_get_cgi_handler)
    http_post_cgi_handler                    0x08003101   Thumb Code   120  httputil.o(.text.http_post_cgi_handler)
    inet_addr_                               0x08003179   Thumb Code    72  httpparser.o(.text.inet_addr_)
    initTable                                0x080031c1   Thumb Code    16  snmp_custom.o(.text.initTable)
    initial_Trap                             0x080031d1   Thumb Code    60  snmp_custom.o(.text.initial_Trap)
    insertRespLen                            0x0800320d   Thumb Code    80  snmp.o(.text.insertRespLen)
    listen                                   0x0800325d   Thumb Code   102  socket.o(.text.listen)
    loopback_tcps                            0x080032c5   Thumb Code   332  c8t6f2fucn.o(.text.loopback_tcps)
    main                                     0x08003411   Thumb Code    16  c8t6f2main.o(.text.main)
    makeTrapVariableBindings                 0x08003421   Thumb Code   168  snmp.o(.text.makeTrapVariableBindings)
    make_cgi_basic_config_response_page      0x080034c9   Thumb Code    40  httputil.o(.text.make_cgi_basic_config_response_page)
    make_http_response_head                  0x080034f1   Thumb Code    76  httpparser.o(.text.make_http_response_head)
    make_json_ain                            0x0800353d   Thumb Code    80  httputil.o(.text.make_json_ain)
    make_json_dio                            0x0800358d   Thumb Code    24  httputil.o(.text.make_json_dio)
    make_json_netinfo                        0x080035a5   Thumb Code   208  httputil.o(.text.make_json_netinfo)
    make_json_serial_data                    0x08003675   Thumb Code    56  httputil.o(.text.make_json_serial_data)
    mid                                      0x080036ad   Thumb Code    50  httpparser.o(.text.mid)
    ntpserverdefaultconfig                   0x080036e1   Thumb Code    44  c8t6f2fucn.o(.text.ntpserverdefaultconfig)
    parseCommunity                           0x0800370d   Thumb Code   116  snmp.o(.text.parseCommunity)
    parseLength                              0x0800377d   Thumb Code    56  snmp.o(.text.parseLength)
    parseRequest                             0x080037b5   Thumb Code   332  snmp.o(.text.parseRequest)
    parseSNMPMessage                         0x080038f5   Thumb Code   104  snmp.o(.text.parseSNMPMessage)
    parseSequence                            0x08003955   Thumb Code   116  snmp.o(.text.parseSequence)
    parseSequenceOf                          0x080039c1   Thumb Code   140  snmp.o(.text.parseSequenceOf)
    parseTLV                                 0x08003a4d   Thumb Code    62  snmp.o(.text.parseTLV)
    parseVarBind                             0x08003a8d   Thumb Code   464  snmp.o(.text.parseVarBind)
    parseVersion                             0x08003c55   Thumb Code   100  snmp.o(.text.parseVersion)
    parse_http_request                       0x08003cb9   Thumb Code   184  httpparser.o(.text.parse_http_request)
    predefined_get_cgi_processor             0x08003d71   Thumb Code   244  httputil.o(.text.predefined_get_cgi_processor)
    predefined_set_cgi_processor             0x08003e65   Thumb Code   104  httputil.o(.text.predefined_set_cgi_processor)
    read_userReg_webContent                  0x08003ecd   Thumb Code    60  httpserver.o(.text.read_userReg_webContent)
    recv                                     0x08003f01   Thumb Code   240  socket.o(.text.recv)
    recvfrom                                 0x08003fed   Thumb Code   552  socket.o(.text.recvfrom)
    reg_httpServer_cbfunc                    0x08004211   Thumb Code    20  httpserver.o(.text.reg_httpServer_cbfunc)
    reg_httpServer_webContent                0x08004225   Thumb Code    96  httpserver.o(.text.reg_httpServer_webContent)
    reg_wizchip_cs_cbfunc                    0x08004285   Thumb Code    52  wizchip_conf.o(.text.reg_wizchip_cs_cbfunc)
    reg_wizchip_spi_cbfunc                   0x080042b5   Thumb Code    64  wizchip_conf.o(.text.reg_wizchip_spi_cbfunc)
    resetns                                  0x080042f5   Thumb Code    24  c8t6f2fucn.o(.text.resetns)
    saveip                                   0x0800430d   Thumb Code   168  httputil.o(.text.saveip)
    send                                     0x080043b5   Thumb Code   280  socket.o(.text.send)
    sendto                                   0x0800488d   Thumb Code   336  socket.o(.text.sendto)
    setEntry                                 0x080049dd   Thumb Code   128  snmp.o(.text.setEntry)
    set_basic_config_setting                 0x08004a59   Thumb Code   148  httputil.o(.text.set_basic_config_setting)
    set_diodir                               0x08004aed   Thumb Code    64  httputil.o(.text.set_diodir)
    set_diostate                             0x08004b25   Thumb Code    64  httputil.o(.text.set_diostate)
    snmp_sendTrap                            0x08004b65   Thumb Code   324  snmp.o(.text.snmp_sendTrap)
    snmpd_init                               0x08004ca5   Thumb Code    96  snmp.o(.text.snmpd_init)
    snmpd_run                                0x08004d01   Thumb Code   364  snmp.o(.text.snmpd_run)
    socket                                   0x08004e6d   Thumb Code   280  socket.o(.text.socket)
    sw_eeprom_stm32                          0x08004f81   Thumb Code    56  c8t6f2fucn.o(.text.sw_eeprom_stm32)
    tasks                                    0x08004fb9   Thumb Code   240  c8t6f2fucn.o(.text.tasks)
    test_eeprom                              0x080050a9   Thumb Code   408  c8t6f2fucn.o(.text.test_eeprom)
    unescape_http_url                        0x08005241   Thumb Code    56  httpparser.o(.text.unescape_http_url)
    w5500_lib_init                           0x08005279   Thumb Code   248  w5500lib_init.o(.text.w5500_lib_init)
    wiz_recv_data                            0x08005371   Thumb Code    84  w5500.o(.text.wiz_recv_data)
    wiz_recv_ignore                          0x080053c5   Thumb Code    60  w5500.o(.text.wiz_recv_ignore)
    wiz_send_data                            0x08005401   Thumb Code    84  w5500.o(.text.wiz_send_data)
    wizchip_bus_readdata                     0x08005455   Thumb Code     4  wizchip_conf.o(.text.wizchip_bus_readdata)
    wizchip_bus_writedata                    0x08005459   Thumb Code     4  wizchip_conf.o(.text.wizchip_bus_writedata)
    wizchip_clrinterrupt                     0x0800545d   Thumb Code    30  wizchip_conf.o(.text.wizchip_clrinterrupt)
    wizchip_cris_enter                       0x0800547b   Thumb Code     2  wizchip_conf.o(.text.wizchip_cris_enter)
    wizchip_cris_exit                        0x0800547d   Thumb Code     2  wizchip_conf.o(.text.wizchip_cris_exit)
    wizchip_cs_deselect                      0x0800547f   Thumb Code     2  wizchip_conf.o(.text.wizchip_cs_deselect)
    wizchip_cs_select                        0x08005481   Thumb Code     2  wizchip_conf.o(.text.wizchip_cs_select)
    wizchip_deselect                         0x08005485   Thumb Code    12  w5500lib_init.o(.text.wizchip_deselect)
    wizchip_getinterrupt                     0x0800548d   Thumb Code    30  wizchip_conf.o(.text.wizchip_getinterrupt)
    wizchip_getinterruptmask                 0x080054ab   Thumb Code    26  wizchip_conf.o(.text.wizchip_getinterruptmask)
    wizchip_getnetinfo                       0x080054c5   Thumb Code    84  wizchip_conf.o(.text.wizchip_getnetinfo)
    wizchip_getnetmode                       0x08005511   Thumb Code     6  wizchip_conf.o(.text.wizchip_getnetmode)
    wizchip_gettimeout                       0x08005519   Thumb Code    40  wizchip_conf.o(.text.wizchip_gettimeout)
    wizchip_init                             0x08005541   Thumb Code   124  wizchip_conf.o(.text.wizchip_init)
    wizchip_read                             0x080055bd   Thumb Code    52  w5500lib_init.o(.text.wizchip_read)
    wizchip_select                           0x080055ed   Thumb Code    12  w5500lib_init.o(.text.wizchip_select)
    wizchip_setinterruptmask                 0x080055f9   Thumb Code    28  wizchip_conf.o(.text.wizchip_setinterruptmask)
    wizchip_setnetinfo                       0x08005615   Thumb Code    84  wizchip_conf.o(.text.wizchip_setnetinfo)
    wizchip_setnetmode                       0x08005665   Thumb Code    36  wizchip_conf.o(.text.wizchip_setnetmode)
    wizchip_settimeout                       0x08005689   Thumb Code    40  wizchip_conf.o(.text.wizchip_settimeout)
    wizchip_spi_readbyte                     0x080056b1   Thumb Code     4  wizchip_conf.o(.text.wizchip_spi_readbyte)
    wizchip_spi_writebyte                    0x080056b5   Thumb Code     2  wizchip_conf.o(.text.wizchip_spi_writebyte)
    wizchip_sw_reset                         0x080056b9   Thumb Code   128  wizchip_conf.o(.text.wizchip_sw_reset)
    wizchip_write                            0x08005739   Thumb Code    52  w5500lib_init.o(.text.wizchip_write)
    wizphy_getphyconf                        0x0800576d   Thumb Code   104  wizchip_conf.o(.text.wizphy_getphyconf)
    wizphy_getphylink                        0x080057d5   Thumb Code    16  wizchip_conf.o(.text.wizphy_getphylink)
    wizphy_getphypmode                       0x080057e5   Thumb Code    24  wizchip_conf.o(.text.wizphy_getphypmode)
    wizphy_reset                             0x080057fd   Thumb Code    46  wizchip_conf.o(.text.wizphy_reset)
    wizphy_setphyconf                        0x0800582b   Thumb Code    76  wizchip_conf.o(.text.wizphy_setphyconf)
    wizphy_setphypmode                       0x08005877   Thumb Code    80  wizchip_conf.o(.text.wizphy_setphypmode)
    wzn_event_handle                         0x080058c9   Thumb Code   124  c8t6f2fucn.o(.text.wzn_event_handle)
    __0printf                                0x08005945   Thumb Code    22  printfa.o(i.__0printf)
    __1printf                                0x08005945   Thumb Code     0  printfa.o(i.__0printf)
    __2printf                                0x08005945   Thumb Code     0  printfa.o(i.__0printf)
    __c89printf                              0x08005945   Thumb Code     0  printfa.o(i.__0printf)
    printf                                   0x08005945   Thumb Code     0  printfa.o(i.__0printf)
    __0sprintf                               0x08005965   Thumb Code    34  printfa.o(i.__0sprintf)
    __1sprintf                               0x08005965   Thumb Code     0  printfa.o(i.__0sprintf)
    __2sprintf                               0x08005965   Thumb Code     0  printfa.o(i.__0sprintf)
    __c89sprintf                             0x08005965   Thumb Code     0  printfa.o(i.__0sprintf)
    sprintf                                  0x08005965   Thumb Code     0  printfa.o(i.__0sprintf)
    __scatterload_copy                       0x0800598d   Thumb Code    14  handlers.o(i.__scatterload_copy)
    __scatterload_null                       0x0800599b   Thumb Code     2  handlers.o(i.__scatterload_null)
    __scatterload_zeroinit                   0x0800599d   Thumb Code    14  handlers.o(i.__scatterload_zeroinit)
    malloc                                   0x08006269   Thumb Code    92  malloc.o(i.malloc)
    putchar                                  0x080062d5   Thumb Code     6  putchar.o(i.putchar)
    puts                                     0x080062e1   Thumb Code    30  puts.o(i.puts)
    __ctype_table                            0x08006304   Data         129  ctype_o.o(.constdata)
    AHBPrescTable                            0x0800644c   Data          16  system_stm32f10x.o(.rodata.AHBPrescTable)
    RX_BUFFER_SIZE0                          0x0800657e   Data           1  stm32f10x_it.o(.rodata.RX_BUFFER_SIZE0)
    maxData                                  0x08006580   Data           4  snmp_custom.o(.rodata.maxData)
    Region$$Table$$Base                      0x0800ad6c   Number         0  anon$$obj.o(Region$$Table)
    Region$$Table$$Limit                     0x0800ad8c   Number         0  anon$$obj.o(Region$$Table)
    __stdout                                 0x20000004   Data           4  stdout.o(.data)
    __microlib_freelist                      0x20000008   Data           4  mvars.o(.data)
    __microlib_freelist_initialised          0x2000000c   Data           4  mvars.o(.data)
    socknumlist                              0x20000010   Data           3  c8t6f2fucn.o(.data..L_MergedGlobals)
    managerIP                                0x20000013   Data           4  c8t6f2fucn.o(.data..L_MergedGlobals)
    agentIP                                  0x20000017   Data           4  c8t6f2fucn.o(.data..L_MergedGlobals)
    gWIZNETINFO                              0x2000001c   Data          23  c8t6f2fucn.o(.data..L_MergedGlobals)
    task1s                                   0x20000034   Data           4  stm32f10x_it.o(.data..L_MergedGlobals)
    task100ms                                0x20000038   Data           4  stm32f10x_it.o(.data..L_MergedGlobals)
    u1out                                    0x2000003c   Data           4  stm32f10x_it.o(.data..L_MergedGlobals)
    u2out                                    0x20000040   Data           4  stm32f10x_it.o(.data..L_MergedGlobals)
    HTTPServer_ReStart                       0x20000044   Data           4  httpserver.o(.data..L_MergedGlobals)
    HTTPServer_WDT_Reset                     0x20000048   Data           4  httpserver.o(.data..L_MergedGlobals)
    SystemCoreClock                          0x2000004c   Data           4  system_stm32f10x.o(.data.SystemCoreClock)
    VirtAddVarTab                            0x20000050   Data           6  eeprom_stm.o(.data.VirtAddVarTab)
    WIZCHIP                                  0x20000058   Data          44  wizchip_conf.o(.data.WIZCHIP)
    snmpData                                 0x20000084   Data        1056  snmp_custom.o(.data.snmpData)
    unixTime_last_sync                       0x200004a8   Data           4  c8t6f2fucn.o(.data.unixTime_last_sync)
    sock_pack_info                           0x200004ba   Data           8  socket.o(.bss..L_MergedGlobals)
    errorIndex                               0x200004d6   Data           1  snmp.o(.bss..L_MergedGlobals)
    errorStatus                              0x200004d7   Data           1  snmp.o(.bss..L_MergedGlobals)
    snmp_tick_1ms                            0x200004d8   Data           4  snmp.o(.bss..L_MergedGlobals)
    USART1_index                             0x200004e0   Data           1  stm32f10x_it.o(.bss..L_MergedGlobals.1)
    count1ms                                 0x200004e2   Data           2  stm32f10x_it.o(.bss..L_MergedGlobals.1)
    phystatus_check_cnt                      0x200004e4   Data           2  stm32f10x_it.o(.bss..L_MergedGlobals.1)
    TimingDelay                              0x200004e8   Data           4  stm32f10x_it.o(.bss..L_MergedGlobals.1)
    USART1_rx_data_buff                      0x200004ec   Data          20  stm32f10x_it.o(.bss..L_MergedGlobals.1)
    PHYStatus_check_enable                   0x20000500   Data           1  c8t6f2fucn.o(.bss..L_MergedGlobals.48)
    micros_recv                              0x20000504   Data           4  c8t6f2fucn.o(.bss..L_MergedGlobals.48)
    timerun                                  0x20000508   Data           4  c8t6f2fucn.o(.bss..L_MergedGlobals.48)
    recvTime                                 0x2000050c   Data           4  c8t6f2fucn.o(.bss..L_MergedGlobals.48)
    transmitTime                             0x20000510   Data           4  c8t6f2fucn.o(.bss..L_MergedGlobals.48)
    micros_transmit                          0x20000514   Data           4  c8t6f2fucn.o(.bss..L_MergedGlobals.48)
    serverPacket                             0x20000518   Data          48  c8t6f2fucn.o(.bss..L_MergedGlobals.48)
    pHTTP_TX                                 0x20000548   Data           4  httpserver.o(.bss..L_MergedGlobals.59)
    pHTTP_RX                                 0x2000054c   Data           4  httpserver.o(.bss..L_MergedGlobals.59)
    BUFPUB                                   0x20000564   Data         256  httpparser.o(.bss.BUFPUB)
    DataVar                                  0x20000664   Data           2  eeprom_stm.o(.bss.DataVar)
    HTTPSock_Status                          0x20000668   Data        1184  httpserver.o(.bss.HTTPSock_Status)
    RX_BUF                                   0x20000b08   Data        2048  c8t6f2fucn.o(.bss.RX_BUF)
    TX_BUF                                   0x20001308   Data        2048  c8t6f2fucn.o(.bss.TX_BUF)
    USART2_index                             0x20001b08   Data           1  uart.o(.bss.USART2_index)
    W5500RecInt                              0x20001b09   Data           1  w5500lib_init.o(.bss.W5500RecInt)
    clientPacket                             0x20001b0a   Data          56  c8t6f2fucn.o(.bss.clientPacket)
    gDATABUF                                 0x20001b42   Data        1000  c8t6f2fucn.o(.bss.gDATABUF)
    httpServer_tick_1s                       0x20001f2c   Data           4  httpserver.o(.bss.httpServer_tick_1s)
    new_device_ip                            0x20001f30   Data           4  httputil.o(.bss.new_device_ip)
    packet_trap                              0x20001f34   Data         512  snmp.o(.bss.packet_trap)
    request_msg                              0x20002134   Data         520  snmp.o(.bss.request_msg)
    response_msg                             0x2000233c   Data         520  snmp.o(.bss.response_msg)
    rx2_data_buff                            0x20002544   Data          10  uart.o(.bss.rx2_data_buff)
    web_content                              0x200025d8   Data         240  httpserver.o(.bss.web_content)
    __heap_base                              0x200026c8   Data           0  startup_stm32f10x_md.o(HEAP)
    __heap_limit                             0x200028c8   Data           0  startup_stm32f10x_md.o(HEAP)
    __initial_sp                             0x20002cc8   Data           0  startup_stm32f10x_md.o(STACK)



==============================================================================

Memory Map of the image

  Image Entry point : 0x080000ed

  Load Region LR_IROM1 (Base: 0x08000000, Size: 0x0000b240, Max: 0x00010000, ABSOLUTE, COMPRESSED[0x0000aee0])

    Execution Region ER_IROM1 (Exec base: 0x08000000, Load base: 0x08000000, Size: 0x0000ad8c, Max: 0x00010000, ABSOLUTE)

    Exec Addr    Load Addr    Size         Type   Attr      Idx    E Section Name        Object

    0x08000000   0x08000000   0x000000ec   Data   RO         1547    RESET               startup_stm32f10x_md.o
    0x080000ec   0x080000ec   0x00000000   Code   RO         1634  * .ARM.Collect$$$$00000000  mc_w.l(entry.o)
    0x080000ec   0x080000ec   0x00000004   Code   RO         2000    .ARM.Collect$$$$00000001  mc_w.l(entry2.o)
    0x080000f0   0x080000f0   0x00000004   Code   RO         2003    .ARM.Collect$$$$00000004  mc_w.l(entry5.o)
    0x080000f4   0x080000f4   0x00000000   Code   RO         2005    .ARM.Collect$$$$00000008  mc_w.l(entry7b.o)
    0x080000f4   0x080000f4   0x00000000   Code   RO         2007    .ARM.Collect$$$$0000000A  mc_w.l(entry8b.o)
    0x080000f4   0x080000f4   0x00000008   Code   RO         2008    .ARM.Collect$$$$0000000B  mc_w.l(entry9a.o)
    0x080000fc   0x080000fc   0x00000000   Code   RO         2010    .ARM.Collect$$$$0000000D  mc_w.l(entry10a.o)
    0x080000fc   0x080000fc   0x00000000   Code   RO         2012    .ARM.Collect$$$$0000000F  mc_w.l(entry11a.o)
    0x080000fc   0x080000fc   0x00000004   Code   RO         2001    .ARM.Collect$$$$00002712  mc_w.l(entry2.o)
    0x08000100   0x08000100   0x00000024   Code   RO         1548    .text               startup_stm32f10x_md.o
    0x08000124   0x08000124   0x00000062   Code   RO         1643    .text               mc_w.l(uldiv.o)
    0x08000186   0x08000186   0x00000002   PAD
    0x08000188   0x08000188   0x00000008   Code   RO         1645    .text               mc_w.l(ctype_o.o)
    0x08000190   0x08000190   0x00000024   Code   RO         1673    .text               mc_w.l(memcpya.o)
    0x080001b4   0x080001b4   0x00000024   Code   RO         1675    .text               mc_w.l(memseta.o)
    0x080001d8   0x080001d8   0x00000018   Code   RO         1677    .text               mc_w.l(strcat.o)
    0x080001f0   0x080001f0   0x00000024   Code   RO         1679    .text               mc_w.l(strstr.o)
    0x08000214   0x08000214   0x00000018   Code   RO         1681    .text               mc_w.l(strncpy.o)
    0x0800022c   0x0800022c   0x00000014   Code   RO         1683    .text               mc_w.l(strchr.o)
    0x08000240   0x08000240   0x0000000e   Code   RO         1685    .text               mc_w.l(strlen.o)
    0x0800024e   0x0800024e   0x0000001c   Code   RO         1687    .text               mc_w.l(strcmp.o)
    0x0800026a   0x0800026a   0x0000001a   Code   RO         1689    .text               mc_w.l(memcmp.o)
    0x08000284   0x08000284   0x00000012   Code   RO         1691    .text               mc_w.l(strcpy.o)
    0x08000296   0x08000296   0x00000002   PAD
    0x08000298   0x08000298   0x00000044   Code   RO         1693    .text               mc_w.l(strtok.o)
    0x080002dc   0x080002dc   0x0000014c   Code   RO         1992    .text               mc_w.l(_scanf_int.o)
    0x08000428   0x08000428   0x000000e4   Code   RO         1994    .text               mf_w.l(dmul.o)
    0x0800050c   0x0800050c   0x00000028   Code   RO         1996    .text               mf_w.l(dfltl.o)
    0x08000534   0x08000534   0x00000032   Code   RO         1998    .text               mf_w.l(dfixui.o)
    0x08000566   0x08000566   0x0000002c   Code   RO         2015    .text               mc_w.l(uidiv.o)
    0x08000592   0x08000592   0x0000001e   Code   RO         2017    .text               mc_w.l(llshl.o)
    0x080005b0   0x080005b0   0x00000020   Code   RO         2019    .text               mc_w.l(llushr.o)
    0x080005d0   0x080005d0   0x0000001c   Code   RO         2023    .text               mc_w.l(_chval.o)
    0x080005ec   0x080005ec   0x00000000   Code   RO         2029    .text               mc_w.l(iusefp.o)
    0x080005ec   0x080005ec   0x000000ba   Code   RO         2030    .text               mf_w.l(depilogue.o)
    0x080006a6   0x080006a6   0x0000014e   Code   RO         2032    .text               mf_w.l(dadd.o)
    0x080007f4   0x080007f4   0x000000de   Code   RO         2034    .text               mf_w.l(ddiv.o)
    0x080008d2   0x080008d2   0x00000030   Code   RO         2036    .text               mf_w.l(dfixul.o)
    0x08000902   0x08000902   0x00000002   PAD
    0x08000904   0x08000904   0x00000030   Code   RO         2038    .text               mf_w.l(cdrcmple.o)
    0x08000934   0x08000934   0x00000024   Code   RO         2040    .text               mc_w.l(init.o)
    0x08000958   0x08000958   0x00000024   Code   RO         2042    .text               mc_w.l(llsshr.o)
    0x0800097c   0x0800097c   0x00000056   Code   RO         2059    .text               mc_w.l(__dczerorl2.o)
    0x080009d2   0x080009d2   0x00000022   Code   RO          640    .text.ATOI          httpparser.o
    0x080009f4   0x080009f4   0x00000002   Code   RO          153    .text.BusFault_Handler  stm32f10x_it.o
    0x080009f6   0x080009f6   0x00000028   Code   RO          628    .text.C2D           httpparser.o
    0x08000a1e   0x08000a1e   0x00000002   Code   RO          157    .text.DebugMon_Handler  stm32f10x_it.o
    0x08000a20   0x08000a20   0x00000140   Code   RO          509    .text.Display_Net_Conf  w5500lib_init.o
    0x08000b60   0x08000b60   0x00000044   Code   RO          793    .text.EE_FindValidPage  eeprom_stm.o
    0x08000ba4   0x08000ba4   0x0000002c   Code   RO          787    .text.EE_Format     eeprom_stm.o
    0x08000bd0   0x08000bd0   0x0000012c   Code   RO          785    .text.EE_Init       eeprom_stm.o
    0x08000cfc   0x08000cfc   0x0000003c   Code   RO          789    .text.EE_ReadVariable  eeprom_stm.o
    0x08000d38   0x08000d38   0x00000050   Code   RO          791    .text.EE_VerifyPageFullWriteVariable  eeprom_stm.o
    0x08000d88   0x08000d88   0x0000009c   Code   RO          795    .text.EE_WriteVariable  eeprom_stm.o
    0x08000e24   0x08000e24   0x00000034   Code   RO           32    .text.EXTI3_IRQHandler  c8t6f2fucn.o
    0x08000e58   0x08000e58   0x0000000c   Code   RO          872    .text.EXTI_ClearITPendingBit  stm32f10x_exti.o
    0x08000e64   0x08000e64   0x00000018   Code   RO          870    .text.EXTI_GetITStatus  stm32f10x_exti.o
    0x08000e7c   0x08000e7c   0x00000064   Code   RO          860    .text.EXTI_Init     stm32f10x_exti.o
    0x08000ee0   0x08000ee0   0x0000003c   Code   RO         1584    .text.FLASH_ErasePage  stm32f10x_flash.o
    0x08000f1c   0x08000f1c   0x00000028   Code   RO         1624    .text.FLASH_GetBank1Status  stm32f10x_flash.o
    0x08000f44   0x08000f44   0x00000038   Code   RO         1600    .text.FLASH_ProgramHalfWord  stm32f10x_flash.o
    0x08000f7c   0x08000f7c   0x00000018   Code   RO         1576    .text.FLASH_Unlock  stm32f10x_flash.o
    0x08000f94   0x08000f94   0x00000020   Code   RO         1586    .text.FLASH_WaitForLastOperation  stm32f10x_flash.o
    0x08000fb4   0x08000fb4   0x0000002c   Code   RO          915    .text.GPIO_EXTILineConfig  stm32f10x_gpio.o
    0x08000fe0   0x08000fe0   0x00000044   Code   RO         1531    .text.GPIO_GetPortClockState  gpio_stm32f10x.o
    0x08001024   0x08001024   0x000000b8   Code   RO          887    .text.GPIO_Init     stm32f10x_gpio.o
    0x080010dc   0x080010dc   0x00000070   Code   RO         1533    .text.GPIO_PinConfigure  gpio_stm32f10x.o
    0x0800114c   0x0800114c   0x000000d4   Code   RO         1529    .text.GPIO_PortClock  gpio_stm32f10x.o
    0x08001220   0x08001220   0x00000004   Code   RO          901    .text.GPIO_ResetBits  stm32f10x_gpio.o
    0x08001224   0x08001224   0x00000004   Code   RO          899    .text.GPIO_SetBits  stm32f10x_gpio.o
    0x08001228   0x08001228   0x00000024   Code   RO            4    .text.GPIO_config   c8t6f2fucn.o
    0x0800124c   0x0800124c   0x00000002   Code   RO          149    .text.HardFault_Handler  stm32f10x_it.o
    0x0800124e   0x0800124e   0x00000002   Code   RO          151    .text.MemManage_Handler  stm32f10x_it.o
    0x08001250   0x08001250   0x00000002   Code   RO          147    .text.NMI_Handler   stm32f10x_it.o
    0x08001252   0x08001252   0x00000002   PAD
    0x08001254   0x08001254   0x00000154   Code   RO           10    .text.NTPUDP        c8t6f2fucn.o
    0x080013a8   0x080013a8   0x00000058   Code   RO          810    .text.NVIC_Init     misc.o
    0x08001400   0x08001400   0x00000014   Code   RO          808    .text.NVIC_PriorityGroupConfig  misc.o
    0x08001414   0x08001414   0x00000026   Code   RO          511    .text.Net_Conf      w5500lib_init.o
    0x0800143a   0x0800143a   0x00000002   PAD
    0x0800143c   0x0800143c   0x00000024   Code   RO            6    .text.PHYStatus_Check  c8t6f2fucn.o
    0x08001460   0x08001460   0x00000002   Code   RO          161    .text.PendSV_Handler  stm32f10x_it.o
    0x08001462   0x08001462   0x00000002   PAD
    0x08001464   0x08001464   0x00000018   Code   RO         1097    .text.RCC_APB1PeriphClockCmd  stm32f10x_rcc.o
    0x0800147c   0x0800147c   0x00000018   Code   RO         1101    .text.RCC_APB1PeriphResetCmd  stm32f10x_rcc.o
    0x08001494   0x08001494   0x00000018   Code   RO         1095    .text.RCC_APB2PeriphClockCmd  stm32f10x_rcc.o
    0x080014ac   0x080014ac   0x00000018   Code   RO         1099    .text.RCC_APB2PeriphResetCmd  stm32f10x_rcc.o
    0x080014c4   0x080014c4   0x00000010   Code   RO         1109    .text.RCC_ClearFlag  stm32f10x_rcc.o
    0x080014d4   0x080014d4   0x00000078   Code   RO         1091    .text.RCC_GetClocksFreq  stm32f10x_rcc.o
    0x0800154c   0x0800154c   0x00000028   Code   RO         1057    .text.RCC_GetFlagStatus  stm32f10x_rcc.o
    0x08001574   0x08001574   0x00000010   Code   RO          549    .text.SNMP_time_handler  snmp.o
    0x08001584   0x08001584   0x00000064   Code   RO          491    .text.SPI1_W5500_Init  w5500lib_init.o
    0x080015e8   0x080015e8   0x00000012   Code   RO         1205    .text.SPI_Cmd       stm32f10x_spi.o
    0x080015fa   0x080015fa   0x0000000a   Code   RO         1233    .text.SPI_I2S_GetFlagStatus  stm32f10x_spi.o
    0x08001604   0x08001604   0x00000004   Code   RO         1215    .text.SPI_I2S_ReceiveData  stm32f10x_spi.o
    0x08001608   0x08001608   0x00000004   Code   RO         1213    .text.SPI_I2S_SendData  stm32f10x_spi.o
    0x0800160c   0x0800160c   0x00000036   Code   RO         1197    .text.SPI_Init      stm32f10x_spi.o
    0x08001642   0x08001642   0x00000002   Code   RO          159    .text.SVC_Handler   stm32f10x_it.o
    0x08001644   0x08001644   0x00000060   Code   RO          163    .text.SysTick_Handler  stm32f10x_it.o
    0x080016a4   0x080016a4   0x00000054   Code   RO         1557    .text.SystemCoreClockUpdate  system_stm32f10x.o
    0x080016f8   0x080016f8   0x000000f0   Code   RO         1555    .text.SystemInit    system_stm32f10x.o
    0x080017e8   0x080017e8   0x00000002   Code   RO          169    .text.TIM2_IRQHandler  stm32f10x_it.o
    0x080017ea   0x080017ea   0x00000002   Code   RO          171    .text.TIM3_IRQHandler  stm32f10x_it.o
    0x080017ec   0x080017ec   0x00000012   Code   RO         1288    .text.TIM_Cmd       stm32f10x_tim.o
    0x080017fe   0x080017fe   0x00000004   Code   RO         1416    .text.TIM_GetCounter  stm32f10x_tim.o
    0x08001802   0x08001802   0x00000010   Code   RO         1292    .text.TIM_ITConfig  stm32f10x_tim.o
    0x08001812   0x08001812   0x00000004   Code   RO         1394    .text.TIM_SetCounter  stm32f10x_tim.o
    0x08001816   0x08001816   0x00000002   PAD
    0x08001818   0x08001818   0x0000008c   Code   RO         1252    .text.TIM_TimeBaseInit  stm32f10x_tim.o
    0x080018a4   0x080018a4   0x0000003c   Code   RO          272    .text.TIM_init      tim.o
    0x080018e0   0x080018e0   0x00000034   Code   RO          165    .text.USART1_IRQHandler  stm32f10x_it.o
    0x08001914   0x08001914   0x00000074   Code   RO          117    .text.USART1_Init   uart.o
    0x08001988   0x08001988   0x00000060   Code   RO          167    .text.USART2_IRQHandler  stm32f10x_it.o
    0x080019e8   0x080019e8   0x00000012   Code   RO         1447    .text.USART_Cmd     stm32f10x_usart.o
    0x080019fa   0x080019fa   0x00000002   PAD
    0x080019fc   0x080019fc   0x00000094   Code   RO         1437    .text.USART_DeInit  stm32f10x_usart.o
    0x08001a90   0x08001a90   0x0000000a   Code   RO         1487    .text.USART_GetFlagStatus  stm32f10x_usart.o
    0x08001a9a   0x08001a9a   0x00000042   Code   RO         1491    .text.USART_GetITStatus  stm32f10x_usart.o
    0x08001adc   0x08001adc   0x0000002e   Code   RO         1449    .text.USART_ITConfig  stm32f10x_usart.o
    0x08001b0a   0x08001b0a   0x00000002   PAD
    0x08001b0c   0x08001b0c   0x000000a4   Code   RO         1439    .text.USART_Init    stm32f10x_usart.o
    0x08001bb0   0x08001bb0   0x00000008   Code   RO         1463    .text.USART_SendData  stm32f10x_usart.o
    0x08001bb8   0x08001bb8   0x00000020   Code   RO          119    .text.USER_UART_NVIC  uart.o
    0x08001bd8   0x08001bd8   0x00000002   Code   RO          155    .text.UsageFault_Handler  stm32f10x_it.o
    0x08001bda   0x08001bda   0x00000002   PAD
    0x08001bdc   0x08001bdc   0x00000094   Code   RO          489    .text.W5500_GPIO_Init2  w5500lib_init.o
    0x08001c70   0x08001c70   0x0000005c   Code   RO          454    .text.WIZCHIP_READ  w5500.o
    0x08001ccc   0x08001ccc   0x0000006c   Code   RO          458    .text.WIZCHIP_READ_BUF  w5500.o
    0x08001d38   0x08001d38   0x0000005c   Code   RO          456    .text.WIZCHIP_WRITE  w5500.o
    0x08001d94   0x08001d94   0x00000074   Code   RO          460    .text.WIZCHIP_WRITE_BUF  w5500.o
    0x08001e08   0x08001e08   0x00000010   Code   RO         1512    .text.WWDG_SetCounter  stm32f10x_wwdg.o
    0x08001e18   0x08001e18   0x00000024   Code   RO           28    .text.__NVIC_SystemReset  c8t6f2fucn.o
    0x08001e3c   0x08001e3c   0x0000006c   Code   RO          421    .text.close         socket.o
    0x08001ea8   0x08001ea8   0x0000004c   Code   RO          392    .text.ctlnetwork    wizchip_conf.o
    0x08001ef4   0x08001ef4   0x000000dc   Code   RO          366    .text.ctlwizchip    wizchip_conf.o
    0x08001fd0   0x08001fd0   0x0000001c   Code   RO          545    .text.currentUptime  snmp.o
    0x08001fec   0x08001fec   0x00000002   Code   RO          659    .text.default_mcu_reset  httpserver.o
    0x08001fee   0x08001fee   0x00000002   Code   RO          661    .text.default_wdt_reset  httpserver.o
    0x08001ff0   0x08001ff0   0x00000014   Code   RO          505    .text.delay_cnt     w5500lib_init.o
    0x08002004   0x08002004   0x00000022   Code   RO           76    .text.delay_ms      delay.o
    0x08002026   0x08002026   0x00000002   PAD
    0x08002028   0x08002028   0x00000080   Code   RO          427    .text.disconnect    socket.o
    0x080020a8   0x080020a8   0x0000011c   Code   RO          679    .text.display_reg_webContent_list  httpserver.o
    0x080021c4   0x080021c4   0x000000d8   Code   RO          555    .text.dumpCode      snmp.o
    0x0800229c   0x0800229c   0x00000044   Code   RO          557    .text.findEntry     snmp.o
    0x080022e0   0x080022e0   0x0000028c   Code   RO          632    .text.find_http_uri_type  httpparser.o
    0x0800256c   0x0800256c   0x00000048   Code   RO          681    .text.find_userReg_webContent  httpserver.o
    0x080025b4   0x080025b4   0x00000024   Code   RO           60    .text.fputc         c8t6f2main.o
    0x080025d8   0x080025d8   0x000000e0   Code   RO          563    .text.getEntry      snmp.o
    0x080026b8   0x080026b8   0x00000020   Code   RO          685    .text.getHTTPSequenceNum  httpserver.o
    0x080026d8   0x080026d8   0x00000044   Code   RO          559    .text.getOID        snmp.o
    0x0800271c   0x0800271c   0x00000044   Code   RO          464    .text.getSn_RX_RSR  w5500.o
    0x08002760   0x08002760   0x00000044   Code   RO          462    .text.getSn_TX_FSR  w5500.o
    0x080027a4   0x080027a4   0x00000020   Code   RO          561    .text.getValue      snmp.o
    0x080027c4   0x080027c4   0x0000003c   Code   RO          607    .text.get_LEDStatus_all  snmp_custom.o
    0x08002800   0x08002800   0x00000008   Code   RO          747    .text.get_S2E_Packet_pointer  configdata.o
    0x08002808   0x08002808   0x000000c0   Code   RO          636    .text.get_http_param_value  httpparser.o
    0x080028c8   0x080028c8   0x0000003c   Code   RO          642    .text.get_http_uri_name  httpparser.o
    0x08002904   0x08002904   0x00000020   Code   RO           16    .text.getns         c8t6f2fucn.o
    0x08002924   0x08002924   0x00000228   Code   RO           24    .text.hardware_init  c8t6f2fucn.o
    0x08002b4c   0x08002b4c   0x00000018   Code   RO          663    .text.httpServer_Sockinit  httpserver.o
    0x08002b64   0x08002b64   0x00000014   Code   RO          665    .text.httpServer_init  httpserver.o
    0x08002b78   0x08002b78   0x0000050c   Code   RO          669    .text.httpServer_run  httpserver.o
    0x08003084   0x08003084   0x00000010   Code   RO          673    .text.httpServer_time_handler  httpserver.o
    0x08003094   0x08003094   0x0000006c   Code   RO          726    .text.http_get_cgi_handler  httputil.o
    0x08003100   0x08003100   0x00000078   Code   RO          734    .text.http_post_cgi_handler  httputil.o
    0x08003178   0x08003178   0x00000048   Code   RO          644    .text.inet_addr_    httpparser.o
    0x080031c0   0x080031c0   0x00000010   Code   RO          609    .text.initTable     snmp_custom.o
    0x080031d0   0x080031d0   0x0000003c   Code   RO          611    .text.initial_Trap  snmp_custom.o
    0x0800320c   0x0800320c   0x00000050   Code   RO          571    .text.insertRespLen  snmp.o
    0x0800325c   0x0800325c   0x00000066   Code   RO          423    .text.listen        socket.o
    0x080032c2   0x080032c2   0x00000002   PAD
    0x080032c4   0x080032c4   0x0000014c   Code   RO           12    .text.loopback_tcps  c8t6f2fucn.o
    0x08003410   0x08003410   0x00000010   Code   RO           62    .text.main          c8t6f2main.o
    0x08003420   0x08003420   0x000000a8   Code   RO          589    .text.makeTrapVariableBindings  snmp.o
    0x080034c8   0x080034c8   0x00000028   Code   RO          730    .text.make_cgi_basic_config_response_page  httputil.o
    0x080034f0   0x080034f0   0x0000004c   Code   RO          630    .text.make_http_response_head  httpparser.o
    0x0800353c   0x0800353c   0x00000050   Code   RO          716    .text.make_json_ain  httputil.o
    0x0800358c   0x0800358c   0x00000018   Code   RO          714    .text.make_json_dio  httputil.o
    0x080035a4   0x080035a4   0x000000d0   Code   RO          712    .text.make_json_netinfo  httputil.o
    0x08003674   0x08003674   0x00000038   Code   RO          724    .text.make_json_serial_data  httputil.o
    0x080036ac   0x080036ac   0x00000032   Code   RO          638    .text.mid           httpparser.o
    0x080036de   0x080036de   0x00000002   PAD
    0x080036e0   0x080036e0   0x0000002c   Code   RO           26    .text.ntpserverdefaultconfig  c8t6f2fucn.o
    0x0800370c   0x0800370c   0x00000070   Code   RO          581    .text.parseCommunity  snmp.o
    0x0800377c   0x0800377c   0x00000038   Code   RO          567    .text.parseLength   snmp.o
    0x080037b4   0x080037b4   0x00000140   Code   RO          579    .text.parseRequest  snmp.o
    0x080038f4   0x080038f4   0x00000060   Code   RO          585    .text.parseSNMPMessage  snmp.o
    0x08003954   0x08003954   0x0000006c   Code   RO          575    .text.parseSequence  snmp.o
    0x080039c0   0x080039c0   0x0000008c   Code   RO          577    .text.parseSequenceOf  snmp.o
    0x08003a4c   0x08003a4c   0x0000003e   Code   RO          569    .text.parseTLV      snmp.o
    0x08003a8a   0x08003a8a   0x00000002   PAD
    0x08003a8c   0x08003a8c   0x000001c8   Code   RO          573    .text.parseVarBind  snmp.o
    0x08003c54   0x08003c54   0x00000064   Code   RO          583    .text.parseVersion  snmp.o
    0x08003cb8   0x08003cb8   0x000000b8   Code   RO          634    .text.parse_http_request  httpparser.o
    0x08003d70   0x08003d70   0x000000f4   Code   RO          710    .text.predefined_get_cgi_processor  httputil.o
    0x08003e64   0x08003e64   0x00000068   Code   RO          718    .text.predefined_set_cgi_processor  httputil.o
    0x08003ecc   0x08003ecc   0x00000034   Code   RO          683    .text.read_userReg_webContent  httpserver.o
    0x08003f00   0x08003f00   0x000000ec   Code   RO          431    .text.recv          socket.o
    0x08003fec   0x08003fec   0x00000224   Code   RO          435    .text.recvfrom      socket.o
    0x08004210   0x08004210   0x00000014   Code   RO          667    .text.reg_httpServer_cbfunc  httpserver.o
    0x08004224   0x08004224   0x00000060   Code   RO          677    .text.reg_httpServer_webContent  httpserver.o
    0x08004284   0x08004284   0x00000030   Code   RO          358    .text.reg_wizchip_cs_cbfunc  wizchip_conf.o
    0x080042b4   0x080042b4   0x00000040   Code   RO          362    .text.reg_wizchip_spi_cbfunc  wizchip_conf.o
    0x080042f4   0x080042f4   0x00000018   Code   RO           18    .text.resetns       c8t6f2fucn.o
    0x0800430c   0x0800430c   0x000000a8   Code   RO          732    .text.saveip        httputil.o
    0x080043b4   0x080043b4   0x00000114   Code   RO          429    .text.send          socket.o
    0x080044c8   0x080044c8   0x000001dc   Code   RO          671    .text.send_http_response_body  httpserver.o
    0x080046a4   0x080046a4   0x000000c0   Code   RO          689    .text.send_http_response_cgi  httpserver.o
    0x08004764   0x08004764   0x00000128   Code   RO          687    .text.send_http_response_header  httpserver.o
    0x0800488c   0x0800488c   0x00000150   Code   RO          433    .text.sendto        socket.o
    0x080049dc   0x080049dc   0x0000007c   Code   RO          565    .text.setEntry      snmp.o
    0x08004a58   0x08004a58   0x00000094   Code   RO          728    .text.set_basic_config_setting  httputil.o
    0x08004aec   0x08004aec   0x00000038   Code   RO          720    .text.set_diodir    httputil.o
    0x08004b24   0x08004b24   0x00000040   Code   RO          722    .text.set_diostate  httputil.o
    0x08004b64   0x08004b64   0x00000140   Code   RO          591    .text.snmp_sendTrap  snmp.o
    0x08004ca4   0x08004ca4   0x0000005c   Code   RO          551    .text.snmpd_init    snmp.o
    0x08004d00   0x08004d00   0x0000016c   Code   RO          553    .text.snmpd_run     snmp.o
    0x08004e6c   0x08004e6c   0x00000114   Code   RO          419    .text.socket        socket.o
    0x08004f80   0x08004f80   0x00000038   Code   RO           20    .text.sw_eeprom_stm32  c8t6f2fucn.o
    0x08004fb8   0x08004fb8   0x000000f0   Code   RO            8    .text.tasks         c8t6f2fucn.o
    0x080050a8   0x080050a8   0x00000198   Code   RO           22    .text.test_eeprom   c8t6f2fucn.o
    0x08005240   0x08005240   0x00000038   Code   RO          626    .text.unescape_http_url  httpparser.o
    0x08005278   0x08005278   0x000000f8   Code   RO          507    .text.w5500_lib_init  w5500lib_init.o
    0x08005370   0x08005370   0x00000054   Code   RO          468    .text.wiz_recv_data  w5500.o
    0x080053c4   0x080053c4   0x0000003c   Code   RO          470    .text.wiz_recv_ignore  w5500.o
    0x08005400   0x08005400   0x00000054   Code   RO          466    .text.wiz_send_data  w5500.o
    0x08005454   0x08005454   0x00000004   Code   RO          344    .text.wizchip_bus_readdata  wizchip_conf.o
    0x08005458   0x08005458   0x00000004   Code   RO          346    .text.wizchip_bus_writedata  wizchip_conf.o
    0x0800545c   0x0800545c   0x0000001e   Code   RO          372    .text.wizchip_clrinterrupt  wizchip_conf.o
    0x0800547a   0x0800547a   0x00000002   Code   RO          336    .text.wizchip_cris_enter  wizchip_conf.o
    0x0800547c   0x0800547c   0x00000002   Code   RO          338    .text.wizchip_cris_exit  wizchip_conf.o
    0x0800547e   0x0800547e   0x00000002   Code   RO          342    .text.wizchip_cs_deselect  wizchip_conf.o
    0x08005480   0x08005480   0x00000002   Code   RO          340    .text.wizchip_cs_select  wizchip_conf.o
    0x08005482   0x08005482   0x00000002   PAD
    0x08005484   0x08005484   0x00000008   Code   RO          497    .text.wizchip_deselect  w5500lib_init.o
    0x0800548c   0x0800548c   0x0000001e   Code   RO          374    .text.wizchip_getinterrupt  wizchip_conf.o
    0x080054aa   0x080054aa   0x0000001a   Code   RO          378    .text.wizchip_getinterruptmask  wizchip_conf.o
    0x080054c4   0x080054c4   0x0000004c   Code   RO          396    .text.wizchip_getnetinfo  wizchip_conf.o
    0x08005510   0x08005510   0x00000006   Code   RO          400    .text.wizchip_getnetmode  wizchip_conf.o
    0x08005516   0x08005516   0x00000002   PAD
    0x08005518   0x08005518   0x00000028   Code   RO          404    .text.wizchip_gettimeout  wizchip_conf.o
    0x08005540   0x08005540   0x0000007c   Code   RO          370    .text.wizchip_init  wizchip_conf.o
    0x080055bc   0x080055bc   0x00000030   Code   RO          503    .text.wizchip_read  w5500lib_init.o
    0x080055ec   0x080055ec   0x0000000c   Code   RO          495    .text.wizchip_select  w5500lib_init.o
    0x080055f8   0x080055f8   0x0000001c   Code   RO          376    .text.wizchip_setinterruptmask  wizchip_conf.o
    0x08005614   0x08005614   0x00000050   Code   RO          394    .text.wizchip_setnetinfo  wizchip_conf.o
    0x08005664   0x08005664   0x00000024   Code   RO          398    .text.wizchip_setnetmode  wizchip_conf.o
    0x08005688   0x08005688   0x00000028   Code   RO          402    .text.wizchip_settimeout  wizchip_conf.o
    0x080056b0   0x080056b0   0x00000004   Code   RO          348    .text.wizchip_spi_readbyte  wizchip_conf.o
    0x080056b4   0x080056b4   0x00000002   Code   RO          350    .text.wizchip_spi_writebyte  wizchip_conf.o
    0x080056b6   0x080056b6   0x00000002   PAD
    0x080056b8   0x080056b8   0x00000080   Code   RO          368    .text.wizchip_sw_reset  wizchip_conf.o
    0x08005738   0x08005738   0x00000034   Code   RO          501    .text.wizchip_write  w5500lib_init.o
    0x0800576c   0x0800576c   0x00000068   Code   RO          384    .text.wizphy_getphyconf  wizchip_conf.o
    0x080057d4   0x080057d4   0x00000010   Code   RO          390    .text.wizphy_getphylink  wizchip_conf.o
    0x080057e4   0x080057e4   0x00000018   Code   RO          388    .text.wizphy_getphypmode  wizchip_conf.o
    0x080057fc   0x080057fc   0x0000002e   Code   RO          380    .text.wizphy_reset  wizchip_conf.o
    0x0800582a   0x0800582a   0x0000004c   Code   RO          382    .text.wizphy_setphyconf  wizchip_conf.o
    0x08005876   0x08005876   0x00000050   Code   RO          386    .text.wizphy_setphypmode  wizchip_conf.o
    0x080058c6   0x080058c6   0x00000002   PAD
    0x080058c8   0x080058c8   0x0000007c   Code   RO           14    .text.wzn_event_handle  c8t6f2fucn.o
    0x08005944   0x08005944   0x00000020   Code   RO         1934    i.__0printf         mc_w.l(printfa.o)
    0x08005964   0x08005964   0x00000028   Code   RO         1936    i.__0sprintf        mc_w.l(printfa.o)
    0x0800598c   0x0800598c   0x0000000e   Code   RO         2053    i.__scatterload_copy  mc_w.l(handlers.o)
    0x0800599a   0x0800599a   0x00000002   Code   RO         2054    i.__scatterload_null  mc_w.l(handlers.o)
    0x0800599c   0x0800599c   0x0000000e   Code   RO         2055    i.__scatterload_zeroinit  mc_w.l(handlers.o)
    0x080059aa   0x080059aa   0x00000002   PAD
    0x080059ac   0x080059ac   0x00000184   Code   RO         1941    i._fp_digits        mc_w.l(printfa.o)
    0x08005b30   0x08005b30   0x000006dc   Code   RO         1942    i._printf_core      mc_w.l(printfa.o)
    0x0800620c   0x0800620c   0x00000024   Code   RO         1943    i._printf_post_padding  mc_w.l(printfa.o)
    0x08006230   0x08006230   0x0000002e   Code   RO         1944    i._printf_pre_padding  mc_w.l(printfa.o)
    0x0800625e   0x0800625e   0x0000000a   Code   RO         1946    i._sputc            mc_w.l(printfa.o)
    0x08006268   0x08006268   0x0000006c   Code   RO         1963    i.malloc            mc_w.l(malloc.o)
    0x080062d4   0x080062d4   0x0000000c   Code   RO         1639    i.putchar           mc_w.l(putchar.o)
    0x080062e0   0x080062e0   0x00000024   Code   RO         1637    i.puts              mc_w.l(puts.o)
    0x08006304   0x08006304   0x00000081   Data   RO         1646    .constdata          mc_w.l(ctype_o.o)
    0x08006385   0x08006385   0x00000003   PAD
    0x08006388   0x08006388   0x00000004   Data   RO         1647    .constdata          mc_w.l(ctype_o.o)
    0x0800638c   0x0800638c   0x00000002   Data   RO           43    .rodata..L.str.29   c8t6f2fucn.o
    0x0800638e   0x0800638e   0x00000002   Data   RO          647    .rodata..L.str.58   httpparser.o
    0x08006390   0x08006390   0x00000058   Data   RO          616    .rodata..L__const.initial_Trap.enterprise_oid  snmp_custom.o
    0x080063e8   0x080063e8   0x00000060   Data   RO          649    .rodata..Lswitch.table.make_http_response_head  httpparser.o
    0x08006448   0x08006448   0x00000004   Data   RO         1116    .rodata.ADCPrescTable  stm32f10x_rcc.o
    0x0800644c   0x0800644c   0x00000010   Data   RO         1560    .rodata.AHBPrescTable  system_stm32f10x.o
    0x0800645c   0x0800645c   0x00000010   Data   RO         1115    .rodata.APBAHBPrescTable  stm32f10x_rcc.o
    0x0800646c   0x0800646c   0x00000099   Data   RO          698    .rodata.ERROR_HTML_PAGE  httpserver.o
    0x08006505   0x08006505   0x00000003   PAD
    0x08006508   0x08006508   0x00000076   Data   RO          697    .rodata.ERROR_REQUEST_PAGE  httpserver.o
    0x0800657e   0x0800657e   0x00000001   Data   RO          173    .rodata.RX_BUFFER_SIZE0  stm32f10x_it.o
    0x0800657f   0x0800657f   0x00000001   PAD
    0x08006580   0x08006580   0x00000004   Data   RO          614    .rodata.maxData     snmp_custom.o
    0x08006584   0x08006584   0x00003b40   Data   RO           39    .rodata.str1.1      c8t6f2fucn.o
    0x0800a0c4   0x0800a0c4   0x00000039   Data   RO          514    .rodata.str1.1      w5500lib_init.o
    0x0800a0fd   0x0800a0fd   0x00000003   Data   RO          615    .rodata.str1.1      snmp_custom.o
    0x0800a100   0x0800a100   0x00000493   Data   RO          646    .rodata.str1.1      httpparser.o
    0x0800a593   0x0800a593   0x000004ee   Data   RO          693    .rodata.str1.1      httpserver.o
    0x0800aa81   0x0800aa81   0x000002b9   Data   RO          736    .rodata.str1.1      httputil.o
    0x0800ad3a   0x0800ad3a   0x00000002   PAD
    0x0800ad3c   0x0800ad3c   0x0000002f   Data   RO          696    .rodata.str1.4      httpserver.o
    0x0800ad6b   0x0800ad6b   0x00000001   PAD
    0x0800ad6c   0x0800ad6c   0x00000020   Data   RO         2052    Region$$Table       anon$$obj.o


    Execution Region RW_IRAM1 (Exec base: 0x20000000, Load base: 0x0800ad90, Size: 0x00002cc8, Max: 0x00005000, ABSOLUTE, COMPRESSED[0x00000150])

    Exec Addr    Load Addr    Size         Type   Attr      Idx    E Section Name        Object

    0x20000000   COMPRESSED   0x00000004   Data   RW         1694    .data               mc_w.l(strtok.o)
    0x20000004   COMPRESSED   0x00000004   Data   RW         2014    .data               mc_w.l(stdout.o)
    0x20000008   COMPRESSED   0x00000004   Data   RW         2021    .data               mc_w.l(mvars.o)
    0x2000000c   COMPRESSED   0x00000004   Data   RW         2022    .data               mc_w.l(mvars.o)
    0x20000010   COMPRESSED   0x00000023   Data   RW           49    .data..L_MergedGlobals  c8t6f2fucn.o
    0x20000033   COMPRESSED   0x00000001   PAD
    0x20000034   COMPRESSED   0x00000010   Data   RW          174    .data..L_MergedGlobals  stm32f10x_it.o
    0x20000044   COMPRESSED   0x00000008   Data   RW          699    .data..L_MergedGlobals  httpserver.o
    0x2000004c   COMPRESSED   0x00000004   Data   RW         1559    .data.SystemCoreClock  system_stm32f10x.o
    0x20000050   COMPRESSED   0x00000006   Data   RW          798    .data.VirtAddVarTab  eeprom_stm.o
    0x20000056   COMPRESSED   0x00000002   PAD
    0x20000058   COMPRESSED   0x0000002c   Data   RW          408    .data.WIZCHIP       wizchip_conf.o
    0x20000084   COMPRESSED   0x00000420   Data   RW          613    .data.snmpData      snmp_custom.o
    0x200004a4   COMPRESSED   0x00000002   Data   RW          443    .data.sock_any_port  socket.o
    0x200004a6   COMPRESSED   0x00000002   PAD
    0x200004a8   COMPRESSED   0x00000004   Data   RW           36    .data.unixTime_last_sync  c8t6f2fucn.o
    0x200004ac   COMPRESSED   0x00000004   PAD
    0x200004b0        -       0x00000005   Zero   RW          409    .bss..L_MergedGlobals  wizchip_conf.o
    0x200004b5   COMPRESSED   0x00000001   PAD
    0x200004b6        -       0x0000001c   Zero   RW          444    .bss..L_MergedGlobals  socket.o
    0x200004d2   COMPRESSED   0x00000002   PAD
    0x200004d4        -       0x0000000c   Zero   RW          597    .bss..L_MergedGlobals  snmp.o
    0x200004e0        -       0x00000020   Zero   RW          175    .bss..L_MergedGlobals.1  stm32f10x_it.o
    0x20000500        -       0x00000048   Zero   RW           50    .bss..L_MergedGlobals.48  c8t6f2fucn.o
    0x20000548        -       0x0000001c   Zero   RW          700    .bss..L_MergedGlobals.59  httpserver.o
    0x20000564        -       0x00000100   Zero   RW          648    .bss.BUFPUB         httpparser.o
    0x20000664        -       0x00000002   Zero   RW          797    .bss.DataVar        eeprom_stm.o
    0x20000666   COMPRESSED   0x00000002   PAD
    0x20000668        -       0x000004a0   Zero   RW          692    .bss.HTTPSock_Status  httpserver.o
    0x20000b08        -       0x00000800   Zero   RW           42    .bss.RX_BUF         c8t6f2fucn.o
    0x20001308        -       0x00000800   Zero   RW           41    .bss.TX_BUF         c8t6f2fucn.o
    0x20001b08        -       0x00000001   Zero   RW          135    .bss.USART2_index   uart.o
    0x20001b09        -       0x00000001   Zero   RW          513    .bss.W5500RecInt    w5500lib_init.o
    0x20001b0a        -       0x00000038   Zero   RW           37    .bss.clientPacket   c8t6f2fucn.o
    0x20001b42        -       0x000003e8   Zero   RW           40    .bss.gDATABUF       c8t6f2fucn.o
    0x20001f2a   COMPRESSED   0x00000002   PAD
    0x20001f2c        -       0x00000004   Zero   RW          691    .bss.httpServer_tick_1s  httpserver.o
    0x20001f30        -       0x00000004   Zero   RW          737    .bss.new_device_ip  httputil.o
    0x20001f34        -       0x00000200   Zero   RW          593    .bss.packet_trap    snmp.o
    0x20002134        -       0x00000208   Zero   RW          594    .bss.request_msg    snmp.o
    0x2000233c        -       0x00000208   Zero   RW          596    .bss.response_msg   snmp.o
    0x20002544        -       0x0000000a   Zero   RW          137    .bss.rx2_data_buff  uart.o
    0x2000254e        -       0x00000085   Zero   RW          775    .bss.s2e_packet     configdata.o
    0x200025d3   COMPRESSED   0x00000001   PAD
    0x200025d4        -       0x00000002   Zero   RW          694    .bss.total_content_cnt  httpserver.o
    0x200025d6   COMPRESSED   0x00000002   PAD
    0x200025d8        -       0x000000f0   Zero   RW          695    .bss.web_content    httpserver.o
    0x200026c8        -       0x00000200   Zero   RW         1546    HEAP                startup_stm32f10x_md.o
    0x200028c8        -       0x00000400   Zero   RW         1545    STACK               startup_stm32f10x_md.o


==============================================================================

Image component sizes


      Code (inc. data)   RO Data    RW Data    ZI Data      Debug   Object Name

      2312        672      15170         39       5224      11972   c8t6f2fucn.o
        52          4          0          0          0       1610   c8t6f2main.o
         8          4          0          0        133       4982   configdata.o
        34          0          0          0          0        851   delay.o
       708         20          0          6          2       4676   eeprom_stm.o
       392         52          0          0          0       5116   gpio_stm32f10x.o
      1416        352       1269          0        256       5217   httpparser.o
      2876        880       1580          8       1458       8798   httpserver.o
      1420        312        697          0          4       7153   httputil.o
       108         12          0          0          0       3423   misc.o
      3250        312          0          0       1564      13573   snmp.o
       136         60         95       1056          0       1681   snmp_custom.o
      2010         16          0          2         28       7678   socket.o
        36          8        236          0       1536        832   startup_stm32f10x_md.o
       136          8          0          0          0       2928   stm32f10x_exti.o
       212         20          0          0          0       7944   stm32f10x_flash.o
       236          4          0          0          0       5748   stm32f10x_gpio.o
       264         16          1         16         32       2915   stm32f10x_it.o
       272         28         20          0          0       7928   stm32f10x_rcc.o
        90          0          0          0          0       6751   stm32f10x_spi.o
       182         24          0          0          0      23740   stm32f10x_tim.o
       460         20          0          0          0       7604   stm32f10x_usart.o
        16          4          0          0          0       2085   stm32f10x_wwdg.o
       324         40         16          4          0       2712   system_stm32f10x.o
        60          4          0          0          0       5592   tim.o
       148          0          0          0         11       5885   uart.o
       772          0          0          0          0       3803   w5500.o
       994        288         57          0          1       8469   w5500lib_init.o
      1420         74          0         44          5      10234   wizchip_conf.o

    ----------------------------------------------------------------------
     20374       3234      19180       1180      10268     181900   Object Totals
         0          0         32          0          0          0   (incl. Generated)
        30          0          7          5         14          0   (incl. Padding)

    ----------------------------------------------------------------------

      Code (inc. data)   RO Data    RW Data    ZI Data      Debug   Library Member Name

        86          0          0          0          0          0   __dczerorl2.o
        28          0          0          0          0         68   _chval.o
       332          0          0          0          0         96   _scanf_int.o
         8          4        133          0          0         68   ctype_o.o
         0          0          0          0          0          0   entry.o
         0          0          0          0          0          0   entry10a.o
         0          0          0          0          0          0   entry11a.o
         8          4          0          0          0          0   entry2.o
         4          0          0          0          0          0   entry5.o
         0          0          0          0          0          0   entry7b.o
         0          0          0          0          0          0   entry8b.o
         8          4          0          0          0          0   entry9a.o
        30          0          0          0          0          0   handlers.o
        36          8          0          0          0         68   init.o
         0          0          0          0          0          0   iusefp.o
        30          0          0          0          0         68   llshl.o
        36          0          0          0          0         68   llsshr.o
        32          0          0          0          0         68   llushr.o
       108         16          0          0          0         84   malloc.o
        26          0          0          0          0         80   memcmp.o
        36          0          0          0          0         68   memcpya.o
        36          0          0          0          0        108   memseta.o
         0          0          0          8          0          0   mvars.o
      2308         96          0          0          0        604   printfa.o
        12          6          0          0          0         68   putchar.o
        36          6          0          0          0         80   puts.o
         0          0          0          4          0          0   stdout.o
        24          0          0          0          0         68   strcat.o
        20          0          0          0          0         68   strchr.o
        28          0          0          0          0         76   strcmp.o
        18          0          0          0          0         68   strcpy.o
        14          0          0          0          0         68   strlen.o
        24          0          0          0          0         76   strncpy.o
        36          0          0          0          0         80   strstr.o
        68          6          0          4          0         80   strtok.o
        44          0          0          0          0         80   uidiv.o
        98          0          0          0          0         92   uldiv.o
        48          0          0          0          0         68   cdrcmple.o
       334          0          0          0          0        148   dadd.o
       222          0          0          0          0        100   ddiv.o
       186          0          0          0          0        176   depilogue.o
        50          0          0          0          0         76   dfixui.o
        48          0          0          0          0         68   dfixul.o
        40          0          0          0          0         80   dfltl.o
       228          0          0          0          0         96   dmul.o

    ----------------------------------------------------------------------
      4738        150        136         16          0       3164   Library Totals
         8          0          3          0          0          0   (incl. Padding)

    ----------------------------------------------------------------------

      Code (inc. data)   RO Data    RW Data    ZI Data      Debug   Library Name

      3574        150        133         16          0       2352   mc_w.l
      1156          0          0          0          0        812   mf_w.l

    ----------------------------------------------------------------------
      4738        150        136         16          0       3164   Library Totals

    ----------------------------------------------------------------------

==============================================================================


      Code (inc. data)   RO Data    RW Data    ZI Data      Debug   

     25112       3384      19316       1196      10268     183096   Grand Totals
     25112       3384      19316        336      10268     183096   ELF Image Totals (compressed)
     25112       3384      19316        336          0          0   ROM Totals

==============================================================================

    Total RO  Size (Code + RO Data)                44428 (  43.39kB)
    Total RW  Size (RW Data + ZI Data)             11464 (  11.20kB)
    Total ROM Size (Code + RO Data + RW Data)      44764 (  43.71kB)

==============================================================================

