Component: ARM Compiler 6.12 Tool: armlink [5d624300]

==============================================================================

Section Cross References

    c8t6f2fucn.o(.text.tasks) refers to c8t6f2fucn.o(.text.NTPUDP) for NTPUDP
    c8t6f2fucn.o(.text.tasks) refers to printfa.o(i.__0printf) for __2printf
    c8t6f2fucn.o(.text.tasks) refers to snmp.o(.text.snmpd_run) for snmpd_run
    c8t6f2fucn.o(.text.tasks) refers to c8t6f2fucn.o(.text.loopback_tcps) for loopback_tcps
    c8t6f2fucn.o(.text.tasks) refers to c8t6f2fucn.o(.text.wzn_event_handle) for wzn_event_handle
    c8t6f2fucn.o(.text.tasks) refers to c8t6f2fucn.o(.text.PHYStatus_Check) for PHYStatus_Check
    c8t6f2fucn.o(.text.tasks) refers to c8t6f2fucn.o(.rodata.str1.1) for .L.str
    c8t6f2fucn.o(.text.tasks) refers to c8t6f2fucn.o(.bss.gDATABUF) for gDATABUF
    c8t6f2fucn.o(.text.tasks) refers to httpserver.o(.text.httpServer_run) for httpServer_run
    c8t6f2fucn.o(.text.tasks) refers to stm32f10x_it.o(.data..L_MergedGlobals) for u1out
    c8t6f2fucn.o(.text.tasks) refers to stm32f10x_it.o(.bss..L_MergedGlobals.1) for USART1_rx_data_buff
    c8t6f2fucn.o(.text.tasks) refers to stm32f10x_it.o(.rodata.RX_BUFFER_SIZE0) for RX_BUFFER_SIZE0
    c8t6f2fucn.o(.text.tasks) refers to w5500lib_init.o(.bss.W5500RecInt) for W5500RecInt
    c8t6f2fucn.o(.text.tasks) refers to c8t6f2fucn.o(.bss..L_MergedGlobals.48) for [Anonymous Symbol]
    c8t6f2fucn.o(.ARM.exidx.text.tasks) refers to c8t6f2fucn.o(.text.tasks) for [Anonymous Symbol]
    c8t6f2fucn.o(.text.NTPUDP) refers to w5500.o(.text.WIZCHIP_READ) for WIZCHIP_READ
    c8t6f2fucn.o(.text.NTPUDP) refers to w5500.o(.text.getSn_RX_RSR) for getSn_RX_RSR
    c8t6f2fucn.o(.text.NTPUDP) refers to socket.o(.text.recvfrom) for recvfrom
    c8t6f2fucn.o(.text.NTPUDP) refers to dfltl.o(.text) for __aeabi_l2d
    c8t6f2fucn.o(.text.NTPUDP) refers to dmul.o(.text) for __aeabi_dmul
    c8t6f2fucn.o(.text.NTPUDP) refers to dfixui.o(.text) for __aeabi_d2uiz
    c8t6f2fucn.o(.text.NTPUDP) refers to c8t6f2fucn.o(.text.getns) for getns
    c8t6f2fucn.o(.text.NTPUDP) refers to socket.o(.text.sendto) for sendto
    c8t6f2fucn.o(.text.NTPUDP) refers to printfa.o(i.__0printf) for __2printf
    c8t6f2fucn.o(.text.NTPUDP) refers to socket.o(.text.socket) for socket
    c8t6f2fucn.o(.text.NTPUDP) refers to c8t6f2fucn.o(.rodata.str1.1) for .L.str.38
    c8t6f2fucn.o(.text.NTPUDP) refers to c8t6f2fucn.o(.bss.clientPacket) for clientPacket
    c8t6f2fucn.o(.text.NTPUDP) refers to c8t6f2fucn.o(.bss..L_MergedGlobals.48) for [Anonymous Symbol]
    c8t6f2fucn.o(.ARM.exidx.text.NTPUDP) refers to c8t6f2fucn.o(.text.NTPUDP) for [Anonymous Symbol]
    c8t6f2fucn.o(.text.loopback_tcps) refers to w5500.o(.text.WIZCHIP_READ) for WIZCHIP_READ
    c8t6f2fucn.o(.text.loopback_tcps) refers to printfa.o(i.__0printf) for __2printf
    c8t6f2fucn.o(.text.loopback_tcps) refers to w5500.o(.text.WIZCHIP_WRITE) for WIZCHIP_WRITE
    c8t6f2fucn.o(.text.loopback_tcps) refers to w5500.o(.text.getSn_RX_RSR) for getSn_RX_RSR
    c8t6f2fucn.o(.text.loopback_tcps) refers to socket.o(.text.recv) for recv
    c8t6f2fucn.o(.text.loopback_tcps) refers to socket.o(.text.send) for send
    c8t6f2fucn.o(.text.loopback_tcps) refers to socket.o(.text.socket) for socket
    c8t6f2fucn.o(.text.loopback_tcps) refers to socket.o(.text.listen) for listen
    c8t6f2fucn.o(.text.loopback_tcps) refers to socket.o(.text.disconnect) for disconnect
    c8t6f2fucn.o(.text.loopback_tcps) refers to socket.o(.text.close) for close
    c8t6f2fucn.o(.ARM.exidx.text.loopback_tcps) refers to c8t6f2fucn.o(.text.loopback_tcps) for [Anonymous Symbol]
    c8t6f2fucn.o(.text.wzn_event_handle) refers to wizchip_conf.o(.text.ctlwizchip) for ctlwizchip
    c8t6f2fucn.o(.text.wzn_event_handle) refers to printfa.o(i.__0printf) for __2printf
    c8t6f2fucn.o(.text.wzn_event_handle) refers to w5500.o(.text.WIZCHIP_READ) for WIZCHIP_READ
    c8t6f2fucn.o(.text.wzn_event_handle) refers to w5500.o(.text.WIZCHIP_WRITE) for WIZCHIP_WRITE
    c8t6f2fucn.o(.text.wzn_event_handle) refers to puts.o(i.puts) for puts
    c8t6f2fucn.o(.ARM.exidx.text.wzn_event_handle) refers to c8t6f2fucn.o(.text.wzn_event_handle) for [Anonymous Symbol]
    c8t6f2fucn.o(.text.PHYStatus_Check) refers to wizchip_conf.o(.text.ctlwizchip) for ctlwizchip
    c8t6f2fucn.o(.ARM.exidx.text.PHYStatus_Check) refers to c8t6f2fucn.o(.text.PHYStatus_Check) for [Anonymous Symbol]
    c8t6f2fucn.o(.text.hardware_init) refers to system_stm32f10x.o(.text.SystemInit) for SystemInit
    c8t6f2fucn.o(.text.hardware_init) refers to system_stm32f10x.o(.text.SystemCoreClockUpdate) for SystemCoreClockUpdate
    c8t6f2fucn.o(.text.hardware_init) refers to c8t6f2fucn.o(.text.GPIO_config) for GPIO_config
    c8t6f2fucn.o(.text.hardware_init) refers to stm32f10x_rcc.o(.text.RCC_GetFlagStatus) for RCC_GetFlagStatus
    c8t6f2fucn.o(.text.hardware_init) refers to stm32f10x_rcc.o(.text.RCC_ClearFlag) for RCC_ClearFlag
[...]
    .Lstr.53                                 0x0800a7c8   Data          15  httpserver.o(.rodata.str1.1)
    .L.str.1                                 0x0800a7d7   Data          42  httpserver.o(.rodata.str1.1)
    .L.str.51                                0x0800a7ff   Data           2  httpserver.o(.rodata.str1.1)
    .L.str.23                                0x0800a801   Data           2  httpserver.o(.rodata.str1.1)
    .L.str.35                                0x0800a803   Data           6  httpserver.o(.rodata.str1.1)
    .L.str.40                                0x0800a809   Data          14  httpserver.o(.rodata.str1.1)
    .L.str.41                                0x0800a817   Data          18  httpserver.o(.rodata.str1.1)
    .L.str.27                                0x0800a829   Data           7  httpserver.o(.rodata.str1.1)
    .L.str.42                                0x0800a830   Data           9  httpserver.o(.rodata.str1.1)
    .L.str.37                                0x0800a839   Data          36  httpserver.o(.rodata.str1.1)
    .L.str.16                                0x0800a85d   Data          88  httputil.o(.rodata.str1.1)
    [Anonymous Symbol]                       0x0800a85d   Section        0  httputil.o(.rodata.str1.1)
    .L.str.18                                0x0800a8b5   Data         213  httputil.o(.rodata.str1.1)
    .L.str.13                                0x0800a98a   Data         388  httputil.o(.rodata.str1.1)
    .L.str.20                                0x0800ab0e   Data           4  httputil.o(.rodata.str1.1)
    .L.str.19                                0x0800ab12   Data           4  httputil.o(.rodata.str1.1)
    .L.str.28                                0x0800ab18   Data          18  httpserver.o(.rodata.str1.4)
    [Anonymous Symbol]                       0x0800ab18   Section        0  httpserver.o(.rodata.str1.4)
    .L.str.26                                0x0800ab2c   Data          13  httpserver.o(.rodata.str1.4)
    .L.str.24                                0x0800ab3c   Data          11  httpserver.o(.rodata.str1.4)
    state                                    0x20000000   Data           4  strtok.o(.data)
    .data                                    0x20000000   Section        4  strtok.o(.data)
    .data                                    0x20000004   Section        4  stdout.o(.data)
    .data                                    0x20000008   Section        4  mvars.o(.data)
    .data                                    0x2000000c   Section        4  mvars.o(.data)
    [Anonymous Symbol]                       0x20000010   Section        0  c8t6f2fucn.o(.data..L_MergedGlobals)
    [Anonymous Symbol]                       0x20000030   Section        0  stm32f10x_it.o(.data..L_MergedGlobals)
    [Anonymous Symbol]                       0x20000040   Section        0  httpserver.o(.data..L_MergedGlobals)
    sock_any_port                            0x200004a0   Data           2  socket.o(.data.sock_any_port)
    [Anonymous Symbol]                       0x200004a0   Section        0  socket.o(.data.sock_any_port)
    _DHCP_                                   0x200004b0   Data           1  wizchip_conf.o(.bss..L_MergedGlobals)
    [Anonymous Symbol]                       0x200004b0   Section        0  wizchip_conf.o(.bss..L_MergedGlobals)
    _DNS_.0                                  0x200004b1   Data           1  wizchip_conf.o(.bss..L_MergedGlobals)
    _DNS_.1                                  0x200004b2   Data           1  wizchip_conf.o(.bss..L_MergedGlobals)
    _DNS_.2                                  0x200004b3   Data           1  wizchip_conf.o(.bss..L_MergedGlobals)
    _DNS_.3                                  0x200004b4   Data           1  wizchip_conf.o(.bss..L_MergedGlobals)
    sock_io_mode                             0x200004b6   Data           2  socket.o(.bss..L_MergedGlobals)
    [Anonymous Symbol]                       0x200004b6   Section        0  socket.o(.bss..L_MergedGlobals)
    sock_is_sending                          0x200004b8   Data           2  socket.o(.bss..L_MergedGlobals)
    sock_remained_size                       0x200004c2   Data          16  socket.o(.bss..L_MergedGlobals)
    SOCK_SNMP_AGENT                          0x200004d4   Data           1  snmp.o(.bss..L_MergedGlobals)
    [Anonymous Symbol]                       0x200004d4   Section        0  snmp.o(.bss..L_MergedGlobals)
    SOCK_SNMP_TRAP                           0x200004d5   Data           1  snmp.o(.bss..L_MergedGlobals)
    startTime                                0x200004dc   Data           4  snmp.o(.bss..L_MergedGlobals)
    [Anonymous Symbol]                       0x200004e0   Section        0  stm32f10x_it.o(.bss..L_MergedGlobals.1)
    [Anonymous Symbol]                       0x20000500   Section        0  c8t6f2fucn.o(.bss..L_MergedGlobals.48)
    [Anonymous Symbol]                       0x20000548   Section        0  httpserver.o(.bss..L_MergedGlobals.58)
    http_request                             0x20000550   Data           4  httpserver.o(.bss..L_MergedGlobals.58)
    parsed_http_request                      0x20000554   Data           4  httpserver.o(.bss..L_MergedGlobals.58)
    http_response                            0x20000558   Data           4  httpserver.o(.bss..L_MergedGlobals.58)
    HTTPSock_Num                             0x2000055c   Data           8  httpserver.o(.bss..L_MergedGlobals.58)
    s2e_packet                               0x2000254a   Data         133  configdata.o(.bss.s2e_packet)
    [Anonymous Symbol]                       0x2000254a   Section        0  configdata.o(.bss.s2e_packet)
    total_content_cnt                        0x200025d0   Data           2  httpserver.o(.bss.total_content_cnt)
    [Anonymous Symbol]                       0x200025d0   Section        0  httpserver.o(.bss.total_content_cnt)
    HEAP                                     0x200026c8   Section      512  startup_stm32f10x_md.o(HEAP)
    STACK                                    0x200028c8   Section     1024  startup_stm32f10x_md.o(STACK)

    Global Symbols

    Symbol Name                              Value     Ov Type        Size  Object(Section)

    BuildAttributes$$THM_ISAv4$P$D$K$B$S$PE$A:L22UL41UL21$X:L11$S22US41US21$IEEE1$IW$~IW$USESV6$~STKCKD$USESV7$~SHL$OSPACE$ROPI$EBA8$MICROLIB$REQ8$PRES8$EABIv2 0x00000000   Number         0  anon$$obj.o ABSOLUTE
    _printf_a                                0x00000000   Number         0  stubs.o ABSOLUTE
    _printf_c                                0x00000000   Number         0  stubs.o ABSOLUTE
    _printf_charcount                        0x00000000   Number         0  stubs.o ABSOLUTE
    _printf_d                                0x00000000   Number         0  stubs.o ABSOLUTE
    _printf_e                                0x00000000   Number         0  stubs.o ABSOLUTE
    _printf_f                                0x00000000   Number         0  stubs.o ABSOLUTE
    _printf_flags                            0x00000000   Number         0  stubs.o ABSOLUTE
    _printf_fp_dec                           0x00000000   Number         0  stubs.o ABSOLUTE
    _printf_fp_hex                           0x00000000   Number         0  stubs.o ABSOLUTE
    _printf_g                                0x00000000   Number         0  stubs.o ABSOLUTE
    _printf_i                                0x00000000   Number         0  stubs.o ABSOLUTE
    _printf_int_dec                          0x00000000   Number         0  stubs.o ABSOLUTE
    _printf_l                                0x00000000   Number         0  stubs.o ABSOLUTE
    _printf_lc                               0x00000000   Number         0  stubs.o ABSOLUTE
    _printf_ll                               0x00000000   Number         0  stubs.o ABSOLUTE
    _printf_lld                              0x00000000   Number         0  stubs.o ABSOLUTE
    _printf_lli                              0x00000000   Number         0  stubs.o ABSOLUTE
    _printf_llo                              0x00000000   Number         0  stubs.o ABSOLUTE
    _printf_llu                              0x00000000   Number         0  stubs.o ABSOLUTE
    _printf_llx                              0x00000000   Number         0  stubs.o ABSOLUTE
    _printf_longlong_dec                     0x00000000   Number         0  stubs.o ABSOLUTE
    _printf_longlong_hex                     0x00000000   Number         0  stubs.o ABSOLUTE
    _printf_longlong_oct                     0x00000000   Number         0  stubs.o ABSOLUTE
    _printf_ls                               0x00000000   Number         0  stubs.o ABSOLUTE
    _printf_mbtowc                           0x00000000   Number         0  stubs.o ABSOLUTE
    _printf_n                                0x00000000   Number         0  stubs.o ABSOLUTE
    _printf_o                                0x00000000   Number         0  stubs.o ABSOLUTE
    _printf_p                                0x00000000   Number         0  stubs.o ABSOLUTE
    _printf_percent                          0x00000000   Number         0  stubs.o ABSOLUTE
    _printf_pre_padding                      0x00000000   Number         0  stubs.o ABSOLUTE
    _printf_return_value                     0x00000000   Number         0  stubs.o ABSOLUTE
    _printf_s                                0x00000000   Number         0  stubs.o ABSOLUTE
    _printf_sizespec                         0x00000000   Number         0  stubs.o ABSOLUTE
    _printf_str                              0x00000000   Number         0  stubs.o ABSOLUTE
    _printf_truncate_signed                  0x00000000   Number         0  stubs.o ABSOLUTE
    _printf_truncate_unsigned                0x00000000   Number         0  stubs.o ABSOLUTE
    _printf_u                                0x00000000   Number         0  stubs.o ABSOLUTE
    _printf_wc                               0x00000000   Number         0  stubs.o ABSOLUTE
    _printf_wctomb                           0x00000000   Number         0  stubs.o ABSOLUTE
    _printf_widthprec                        0x00000000   Number         0  stubs.o ABSOLUTE
    _printf_x                                0x00000000   Number         0  stubs.o ABSOLUTE
    __cpp_initialize__aeabi_                  - Undefined Weak Reference
    __cxa_finalize                            - Undefined Weak Reference
    _clock_init                               - Undefined Weak Reference
    _microlib_exit                            - Undefined Weak Reference
    _scanf_longlong                           - Undefined Weak Reference
    _scanf_real                               - Undefined Weak Reference
    _scanf_string                             - Undefined Weak Reference
    __Vectors_Size                           0x000000ec   Number         0  startup_stm32f10x_md.o ABSOLUTE
    __Vectors                                0x08000000   Data           4  startup_stm32f10x_md.o(RESET)
    __Vectors_End                            0x080000ec   Data           0  startup_stm32f10x_md.o(RESET)
    __main                                   0x080000ed   Thumb Code     0  entry.o(.ARM.Collect$$$$00000000)
    _main_stk                                0x080000ed   Thumb Code     0  entry2.o(.ARM.Collect$$$$00000001)
    _main_scatterload                        0x080000f1   Thumb Code     0  entry5.o(.ARM.Collect$$$$00000004)
    __main_after_scatterload                 0x080000f5   Thumb Code     0  entry5.o(.ARM.Collect$$$$00000004)
    _main_clock                              0x080000f5   Thumb Code     0  entry7b.o(.ARM.Collect$$$$00000008)
    _main_cpp_init                           0x080000f5   Thumb Code     0  entry8b.o(.ARM.Collect$$$$0000000A)
    _main_init                               0x080000f5   Thumb Code     0  entry9a.o(.ARM.Collect$$$$0000000B)
    __rt_final_cpp                           0x080000fd   Thumb Code     0  entry10a.o(.ARM.Collect$$$$0000000D)
    __rt_final_exit                          0x080000fd   Thumb Code     0  entry11a.o(.ARM.Collect$$$$0000000F)
    Reset_Handler                            0x08000101   Thumb Code     8  startup_stm32f10x_md.o(.text)
    ADC1_2_IRQHandler                        0x0800011b   Thumb Code     0  startup_stm32f10x_md.o(.text)
    CAN1_RX1_IRQHandler                      0x0800011b   Thumb Code     0  startup_stm32f10x_md.o(.text)
    CAN1_SCE_IRQHandler                      0x0800011b   Thumb Code     0  startup_stm32f10x_md.o(.text)
    DMA1_Channel1_IRQHandler                 0x0800011b   Thumb Code     0  startup_stm32f10x_md.o(.text)
    DMA1_Channel2_IRQHandler                 0x0800011b   Thumb Code     0  startup_stm32f10x_md.o(.text)
    DMA1_Channel3_IRQHandler                 0x0800011b   Thumb Code     0  startup_stm32f10x_md.o(.text)
    DMA1_Channel4_IRQHandler                 0x0800011b   Thumb Code     0  startup_stm32f10x_md.o(.text)
    DMA1_Channel5_IRQHandler                 0x0800011b   Thumb Code     0  startup_stm32f10x_md.o(.text)
    DMA1_Channel6_IRQHandler                 0x0800011b   Thumb Code     0  startup_stm32f10x_md.o(.text)
    DMA1_Channel7_IRQHandler                 0x0800011b   Thumb Code     0  startup_stm32f10x_md.o(.text)
    EXTI0_IRQHandler                         0x0800011b   Thumb Code     0  startup_stm32f10x_md.o(.text)
    EXTI15_10_IRQHandler                     0x0800011b   Thumb Code     0  startup_stm32f10x_md.o(.text)
    EXTI1_IRQHandler                         0x0800011b   Thumb Code     0  startup_stm32f10x_md.o(.text)
    EXTI2_IRQHandler                         0x0800011b   Thumb Code     0  startup_stm32f10x_md.o(.text)
    EXTI4_IRQHandler                         0x0800011b   Thumb Code     0  startup_stm32f10x_md.o(.text)
    EXTI9_5_IRQHandler                       0x0800011b   Thumb Code     0  startup_stm32f10x_md.o(.text)
    FLASH_IRQHandler                         0x0800011b   Thumb Code     0  startup_stm32f10x_md.o(.text)
    I2C1_ER_IRQHandler                       0x0800011b   Thumb Code     0  startup_stm32f10x_md.o(.text)
    I2C1_EV_IRQHandler                       0x0800011b   Thumb Code     0  startup_stm32f10x_md.o(.text)
    I2C2_ER_IRQHandler                       0x0800011b   Thumb Code     0  startup_stm32f10x_md.o(.text)
    I2C2_EV_IRQHandler                       0x0800011b   Thumb Code     0  startup_stm32f10x_md.o(.text)
    PVD_IRQHandler                           0x0800011b   Thumb Code     0  startup_stm32f10x_md.o(.text)
    RCC_IRQHandler                           0x0800011b   Thumb Code     0  startup_stm32f10x_md.o(.text)
    RTCAlarm_IRQHandler                      0x0800011b   Thumb Code     0  startup_stm32f10x_md.o(.text)
    RTC_IRQHandler                           0x0800011b   Thumb Code     0  startup_stm32f10x_md.o(.text)
    SPI1_IRQHandler                          0x0800011b   Thumb Code     0  startup_stm32f10x_md.o(.text)
    SPI2_IRQHandler                          0x0800011b   Thumb Code     0  startup_stm32f10x_md.o(.text)
    TAMPER_IRQHandler                        0x0800011b   Thumb Code     0  startup_stm32f10x_md.o(.text)
    TIM1_BRK_IRQHandler                      0x0800011b   Thumb Code     0  startup_stm32f10x_md.o(.text)
    TIM1_CC_IRQHandler                       0x0800011b   Thumb Code     0  startup_stm32f10x_md.o(.text)
    TIM1_TRG_COM_IRQHandler                  0x0800011b   Thumb Code     0  startup_stm32f10x_md.o(.text)
    TIM1_UP_IRQHandler                       0x0800011b   Thumb Code     0  startup_stm32f10x_md.o(.text)
    TIM4_IRQHandler                          0x0800011b   Thumb Code     0  startup_stm32f10x_md.o(.text)
    USART3_IRQHandler                        0x0800011b   Thumb Code     0  startup_stm32f10x_md.o(.text)
    USBWakeUp_IRQHandler                     0x0800011b   Thumb Code     0  startup_stm32f10x_md.o(.text)
    USB_HP_CAN1_TX_IRQHandler                0x0800011b   Thumb Code     0  startup_stm32f10x_md.o(.text)
    USB_LP_CAN1_RX0_IRQHandler               0x0800011b   Thumb Code     0  startup_stm32f10x_md.o(.text)
    WWDG_IRQHandler                          0x0800011b   Thumb Code     0  startup_stm32f10x_md.o(.text)
    __aeabi_uldivmod                         0x08000125   Thumb Code    98  uldiv.o(.text)
    __aeabi_memcpy                           0x08000187   Thumb Code    36  memcpya.o(.text)
    __aeabi_memcpy4                          0x08000187   Thumb Code     0  memcpya.o(.text)
    __aeabi_memcpy8                          0x08000187   Thumb Code     0  memcpya.o(.text)
    __aeabi_memset                           0x080001ab   Thumb Code    14  memseta.o(.text)
    __aeabi_memset4                          0x080001ab   Thumb Code     0  memseta.o(.text)
    __aeabi_memset8                          0x080001ab   Thumb Code     0  memseta.o(.text)
    __aeabi_memclr                           0x080001b9   Thumb Code     4  memseta.o(.text)
    __aeabi_memclr4                          0x080001b9   Thumb Code     0  memseta.o(.text)
    __aeabi_memclr8                          0x080001b9   Thumb Code     0  memseta.o(.text)
    _memset$wrapper                          0x080001bd   Thumb Code    18  memseta.o(.text)
    strcat                                   0x080001cf   Thumb Code    24  strcat.o(.text)
    strstr                                   0x080001e7   Thumb Code    36  strstr.o(.text)
    strncpy                                  0x0800020b   Thumb Code    24  strncpy.o(.text)
    strchr                                   0x08000223   Thumb Code    20  strchr.o(.text)
    strlen                                   0x08000237   Thumb Code    14  strlen.o(.text)
    strcmp                                   0x08000245   Thumb Code    28  strcmp.o(.text)
    memcmp                                   0x08000261   Thumb Code    26  memcmp.o(.text)
    strcpy                                   0x0800027b   Thumb Code    18  strcpy.o(.text)
    strtok                                   0x0800028d   Thumb Code    62  strtok.o(.text)
    _scanf_int                               0x080002d1   Thumb Code   332  _scanf_int.o(.text)
    __aeabi_dmul                             0x0800041d   Thumb Code   228  dmul.o(.text)
    __aeabi_l2d                              0x08000501   Thumb Code    40  dfltl.o(.text)
    __aeabi_d2uiz                            0x08000529   Thumb Code    50  dfixui.o(.text)
    __aeabi_uidiv                            0x0800055b   Thumb Code     0  uidiv.o(.text)
    __aeabi_uidivmod                         0x0800055b   Thumb Code    44  uidiv.o(.text)
    __aeabi_llsl                             0x08000587   Thumb Code    30  llshl.o(.text)
    _ll_shift_l                              0x08000587   Thumb Code     0  llshl.o(.text)
    __aeabi_llsr                             0x080005a5   Thumb Code    32  llushr.o(.text)
    _ll_ushift_r                             0x080005a5   Thumb Code     0  llushr.o(.text)
    _chval                                   0x080005c5   Thumb Code    28  _chval.o(.text)
    __I$use$fp                               0x080005e1   Thumb Code     0  iusefp.o(.text)
    _double_round                            0x080005e1   Thumb Code    30  depilogue.o(.text)
    _double_epilogue                         0x080005ff   Thumb Code   156  depilogue.o(.text)
    __aeabi_dadd                             0x0800069b   Thumb Code   322  dadd.o(.text)
    __aeabi_dsub                             0x080007dd   Thumb Code     6  dadd.o(.text)
    __aeabi_drsub                            0x080007e3   Thumb Code     6  dadd.o(.text)
    __aeabi_ddiv                             0x080007e9   Thumb Code   222  ddiv.o(.text)
    __aeabi_d2ulz                            0x080008c7   Thumb Code    48  dfixul.o(.text)
    __aeabi_cdrcmple                         0x080008f9   Thumb Code    48  cdrcmple.o(.text)
    __scatterload                            0x08000929   Thumb Code    28  init.o(.text)
    __scatterload_rt2                        0x08000929   Thumb Code     0  init.o(.text)
    __aeabi_lasr                             0x0800094d   Thumb Code    36  llsshr.o(.text)
    _ll_sshift_r                             0x0800094d   Thumb Code     0  llsshr.o(.text)
    __decompress                             0x08000971   Thumb Code     0  __dczerorl2.o(.text)
    __decompress1                            0x08000971   Thumb Code    86  __dczerorl2.o(.text)
    ATOI                                     0x080009c7   Thumb Code    34  httpparser.o(.text.ATOI)
    BusFault_Handler                         0x080009e9   Thumb Code     2  stm32f10x_it.o(.text.BusFault_Handler)
    DebugMon_Handler                         0x08000a13   Thumb Code     2  stm32f10x_it.o(.text.DebugMon_Handler)
    Display_Net_Conf                         0x08000a15   Thumb Code   320  w5500lib_init.o(.text.Display_Net_Conf)
    EE_Init                                  0x08000bc5   Thumb Code   312  eeprom_stm.o(.text.EE_Init)
    EE_ReadVariable                          0x08000cf1   Thumb Code    68  eeprom_stm.o(.text.EE_ReadVariable)
    EE_WriteVariable                         0x08000d7d   Thumb Code   156  eeprom_stm.o(.text.EE_WriteVariable)
    EXTI3_IRQHandler                         0x08000e19   Thumb Code    52  c8t6f2fucn.o(.text.EXTI3_IRQHandler)
    EXTI_ClearITPendingBit                   0x08000e4d   Thumb Code    12  stm32f10x_exti.o(.text.EXTI_ClearITPendingBit)
    EXTI_GetITStatus                         0x08000e59   Thumb Code    28  stm32f10x_exti.o(.text.EXTI_GetITStatus)
    EXTI_Init                                0x08000e71   Thumb Code   100  stm32f10x_exti.o(.text.EXTI_Init)
    FLASH_ErasePage                          0x08000ed5   Thumb Code    64  stm32f10x_flash.o(.text.FLASH_ErasePage)
    FLASH_GetBank1Status                     0x08000f11   Thumb Code    40  stm32f10x_flash.o(.text.FLASH_GetBank1Status)
    FLASH_ProgramHalfWord                    0x08000f39   Thumb Code    56  stm32f10x_flash.o(.text.FLASH_ProgramHalfWord)
    FLASH_Unlock                             0x08000f71   Thumb Code    24  stm32f10x_flash.o(.text.FLASH_Unlock)
    FLASH_WaitForLastOperation               0x08000f89   Thumb Code    32  stm32f10x_flash.o(.text.FLASH_WaitForLastOperation)
    GPIO_EXTILineConfig                      0x08000fa9   Thumb Code    44  stm32f10x_gpio.o(.text.GPIO_EXTILineConfig)
    GPIO_GetPortClockState                   0x08000fd5   Thumb Code    72  gpio_stm32f10x.o(.text.GPIO_GetPortClockState)
    GPIO_Init                                0x08001019   Thumb Code   184  stm32f10x_gpio.o(.text.GPIO_Init)
    GPIO_PinConfigure                        0x080010d1   Thumb Code   112  gpio_stm32f10x.o(.text.GPIO_PinConfigure)
    GPIO_PortClock                           0x08001141   Thumb Code   216  gpio_stm32f10x.o(.text.GPIO_PortClock)
    GPIO_ResetBits                           0x08001215   Thumb Code     4  stm32f10x_gpio.o(.text.GPIO_ResetBits)
    GPIO_SetBits                             0x08001219   Thumb Code     4  stm32f10x_gpio.o(.text.GPIO_SetBits)
    GPIO_config                              0x0800121d   Thumb Code    60  c8t6f2fucn.o(.text.GPIO_config)
    HardFault_Handler                        0x08001259   Thumb Code     2  stm32f10x_it.o(.text.HardFault_Handler)
    IWDG_Enable                              0x0800125d   Thumb Code    16  stm32f10x_iwdg.o(.text.IWDG_Enable)
    IWDG_ReloadCounter                       0x08001269   Thumb Code    16  stm32f10x_iwdg.o(.text.IWDG_ReloadCounter)
    IWDG_SetPrescaler                        0x08001275   Thumb Code    12  stm32f10x_iwdg.o(.text.IWDG_SetPrescaler)
    IWDG_SetReload                           0x08001281   Thumb Code    12  stm32f10x_iwdg.o(.text.IWDG_SetReload)
    IWDG_WriteAccessCmd                      0x0800128d   Thumb Code    12  stm32f10x_iwdg.o(.text.IWDG_WriteAccessCmd)
    IWDG_configuration                       0x08001299   Thumb Code    44  c8t6f2fucn.o(.text.IWDG_configuration)
    MemManage_Handler                        0x080012c5   Thumb Code     2  stm32f10x_it.o(.text.MemManage_Handler)
    NMI_Handler                              0x080012c7   Thumb Code     2  stm32f10x_it.o(.text.NMI_Handler)
    NTPUDP                                   0x080012c9   Thumb Code   340  c8t6f2fucn.o(.text.NTPUDP)
    NVIC_Init                                0x0800141d   Thumb Code    92  misc.o(.text.NVIC_Init)
    NVIC_PriorityGroupConfig                 0x08001475   Thumb Code    20  misc.o(.text.NVIC_PriorityGroupConfig)
    Net_Conf                                 0x08001489   Thumb Code    38  w5500lib_init.o(.text.Net_Conf)
    PHYStatus_Check                          0x080014b1   Thumb Code    36  c8t6f2fucn.o(.text.PHYStatus_Check)
    PendSV_Handler                           0x080014d5   Thumb Code     2  stm32f10x_it.o(.text.PendSV_Handler)
    RCC_AHBPeriphClockCmd                    0x080014d9   Thumb Code    24  stm32f10x_rcc.o(.text.RCC_AHBPeriphClockCmd)
    RCC_APB1PeriphClockCmd                   0x080014f1   Thumb Code    24  stm32f10x_rcc.o(.text.RCC_APB1PeriphClockCmd)
    RCC_APB1PeriphResetCmd                   0x08001509   Thumb Code    24  stm32f10x_rcc.o(.text.RCC_APB1PeriphResetCmd)
    RCC_APB2PeriphClockCmd                   0x08001521   Thumb Code    24  stm32f10x_rcc.o(.text.RCC_APB2PeriphClockCmd)
    RCC_APB2PeriphResetCmd                   0x08001539   Thumb Code    24  stm32f10x_rcc.o(.text.RCC_APB2PeriphResetCmd)
    RCC_ClearFlag                            0x08001551   Thumb Code    16  stm32f10x_rcc.o(.text.RCC_ClearFlag)
    RCC_GetClocksFreq                        0x08001561   Thumb Code   132  stm32f10x_rcc.o(.text.RCC_GetClocksFreq)
    RCC_GetFlagStatus                        0x080015d9   Thumb Code    44  stm32f10x_rcc.o(.text.RCC_GetFlagStatus)
    SNMP_time_handler                        0x08001601   Thumb Code    16  snmp.o(.text.SNMP_time_handler)
    SPI1_W5500_Init                          0x08001611   Thumb Code   108  w5500lib_init.o(.text.SPI1_W5500_Init)
    SPI_Cmd                                  0x0800167d   Thumb Code    18  stm32f10x_spi.o(.text.SPI_Cmd)
    SPI_I2S_GetFlagStatus                    0x0800168f   Thumb Code    10  stm32f10x_spi.o(.text.SPI_I2S_GetFlagStatus)
    SPI_I2S_ReceiveData                      0x08001699   Thumb Code     4  stm32f10x_spi.o(.text.SPI_I2S_ReceiveData)
    SPI_I2S_SendData                         0x0800169d   Thumb Code     4  stm32f10x_spi.o(.text.SPI_I2S_SendData)
    SPI_Init                                 0x080016a1   Thumb Code    54  stm32f10x_spi.o(.text.SPI_Init)
    SVC_Handler                              0x080016d7   Thumb Code     2  stm32f10x_it.o(.text.SVC_Handler)
    SysTick_Handler                          0x080016d9   Thumb Code   104  stm32f10x_it.o(.text.SysTick_Handler)
    SystemCoreClockUpdate                    0x08001739   Thumb Code    84  system_stm32f10x.o(.text.SystemCoreClockUpdate)
    SystemInit                               0x0800178d   Thumb Code   240  system_stm32f10x.o(.text.SystemInit)
    TIM2_IRQHandler                          0x0800187d   Thumb Code     2  stm32f10x_it.o(.text.TIM2_IRQHandler)
    TIM3_IRQHandler                          0x0800187f   Thumb Code     2  stm32f10x_it.o(.text.TIM3_IRQHandler)
    TIM_Cmd                                  0x08001881   Thumb Code    18  stm32f10x_tim.o(.text.TIM_Cmd)
    TIM_GetCounter                           0x08001893   Thumb Code     4  stm32f10x_tim.o(.text.TIM_GetCounter)
    TIM_ITConfig                             0x08001897   Thumb Code    16  stm32f10x_tim.o(.text.TIM_ITConfig)
    TIM_SetCounter                           0x080018a7   Thumb Code     4  stm32f10x_tim.o(.text.TIM_SetCounter)
    TIM_TimeBaseInit                         0x080018ad   Thumb Code   144  stm32f10x_tim.o(.text.TIM_TimeBaseInit)
    TIM_init                                 0x08001939   Thumb Code    60  tim.o(.text.TIM_init)
    USART1_IRQHandler                        0x08001975   Thumb Code    60  stm32f10x_it.o(.text.USART1_IRQHandler)
    USART1_Init                              0x080019a9   Thumb Code   120  uart.o(.text.USART1_Init)
    USART2_IRQHandler                        0x08001a1d   Thumb Code   100  stm32f10x_it.o(.text.USART2_IRQHandler)
    USART_Cmd                                0x08001a7d   Thumb Code    18  stm32f10x_usart.o(.text.USART_Cmd)
    USART_DeInit                             0x08001a91   Thumb Code   152  stm32f10x_usart.o(.text.USART_DeInit)
    USART_GetFlagStatus                      0x08001b25   Thumb Code    10  stm32f10x_usart.o(.text.USART_GetFlagStatus)
    USART_GetITStatus                        0x08001b2f   Thumb Code    66  stm32f10x_usart.o(.text.USART_GetITStatus)
    USART_ITConfig                           0x08001b71   Thumb Code    46  stm32f10x_usart.o(.text.USART_ITConfig)
    USART_Init                               0x08001ba1   Thumb Code   164  stm32f10x_usart.o(.text.USART_Init)
    USART_SendData                           0x08001c45   Thumb Code     8  stm32f10x_usart.o(.text.USART_SendData)
    USER_UART_NVIC                           0x08001c4d   Thumb Code    32  uart.o(.text.USER_UART_NVIC)
    UsageFault_Handler                       0x08001c6d   Thumb Code     2  stm32f10x_it.o(.text.UsageFault_Handler)
    W5500_GPIO_Init2                         0x08001c71   Thumb Code   144  w5500lib_init.o(.text.W5500_GPIO_Init2)
    WIZCHIP_READ                             0x08001d01   Thumb Code    96  w5500.o(.text.WIZCHIP_READ)
    WIZCHIP_READ_BUF                         0x08001d5d   Thumb Code   112  w5500.o(.text.WIZCHIP_READ_BUF)
    WIZCHIP_WRITE                            0x08001dc9   Thumb Code    96  w5500.o(.text.WIZCHIP_WRITE)
    WIZCHIP_WRITE_BUF                        0x08001e25   Thumb Code   120  w5500.o(.text.WIZCHIP_WRITE_BUF)
    close                                    0x08001ebd   Thumb Code   112  socket.o(.text.close)
    ctlnetwork                               0x08001f29   Thumb Code    76  wizchip_conf.o(.text.ctlnetwork)
    ctlwizchip                               0x08001f75   Thumb Code   220  wizchip_conf.o(.text.ctlwizchip)
    currentUptime                            0x08002051   Thumb Code    28  snmp.o(.text.currentUptime)
    default_mcu_reset                        0x0800206d   Thumb Code     2  httpserver.o(.text.default_mcu_reset)
    default_wdt_reset                        0x0800206f   Thumb Code     2  httpserver.o(.text.default_wdt_reset)
    delay_cnt                                0x08002071   Thumb Code    20  w5500lib_init.o(.text.delay_cnt)
    delay_ms                                 0x08002085   Thumb Code    34  delay.o(.text.delay_ms)
    disconnect                               0x080020a9   Thumb Code   128  socket.o(.text.disconnect)
    display_reg_webContent_list              0x08002129   Thumb Code   284  httpserver.o(.text.display_reg_webContent_list)
    findEntry                                0x08002245   Thumb Code    68  snmp.o(.text.findEntry)
    find_http_uri_type                       0x08002289   Thumb Code   652  httpparser.o(.text.find_http_uri_type)
    find_userReg_webContent                  0x08002515   Thumb Code    72  httpserver.o(.text.find_userReg_webContent)
    fputc                                    0x0800255d   Thumb Code    36  c8t6f2main.o(.text.fputc)
    getEntry                                 0x08002581   Thumb Code   232  snmp.o(.text.getEntry)
    getOID                                   0x0800267d   Thumb Code    68  snmp.o(.text.getOID)
    getSn_RX_RSR                             0x080026c1   Thumb Code    68  w5500.o(.text.getSn_RX_RSR)
    getSn_TX_FSR                             0x08002705   Thumb Code    68  w5500.o(.text.getSn_TX_FSR)
    getValue                                 0x08002749   Thumb Code    32  snmp.o(.text.getValue)
    get_LEDStatus_all                        0x08002769   Thumb Code    60  snmp_custom.o(.text.get_LEDStatus_all)
    get_S2E_Packet_pointer                   0x080027a5   Thumb Code     8  configdata.o(.text.get_S2E_Packet_pointer)
    get_http_param_value                     0x080027ad   Thumb Code   192  httpparser.o(.text.get_http_param_value)
    get_http_uri_name                        0x0800286d   Thumb Code    60  httpparser.o(.text.get_http_uri_name)
    getns                                    0x080028a9   Thumb Code    32  c8t6f2fucn.o(.text.getns)
    hardware_init                            0x080028c9   Thumb Code   232  c8t6f2fucn.o(.text.hardware_init)
    httpServer_Sockinit                      0x080029b1   Thumb Code    28  httpserver.o(.text.httpServer_Sockinit)
    httpServer_init                          0x080029c9   Thumb Code    20  httpserver.o(.text.httpServer_init)
    httpServer_run                           0x080029dd   Thumb Code  1292  httpserver.o(.text.httpServer_run)
    http_get_cgi_handler                     0x08002ee9   Thumb Code   108  httputil.o(.text.http_get_cgi_handler)
    http_post_cgi_handler                    0x08002f55   Thumb Code   120  httputil.o(.text.http_post_cgi_handler)
    inet_addr_                               0x08002fcd   Thumb Code    72  httpparser.o(.text.inet_addr_)
    initTable                                0x08003015   Thumb Code    16  snmp_custom.o(.text.initTable)
    initial_Trap                             0x08003025   Thumb Code    60  snmp_custom.o(.text.initial_Trap)
    insertRespLen                            0x08003061   Thumb Code    80  snmp.o(.text.insertRespLen)
    listen                                   0x080030b1   Thumb Code   102  socket.o(.text.listen)
    loadwebpages                             0x08003119   Thumb Code   344  c8t6f2fucn.o(.text.loadwebpages)
    loopback_tcps                            0x08003271   Thumb Code   332  c8t6f2fucn.o(.text.loopback_tcps)
    main                                     0x080033bd   Thumb Code    14  c8t6f2main.o(.text.main)
    makeTrapVariableBindings                 0x080033cb   Thumb Code   168  snmp.o(.text.makeTrapVariableBindings)
    make_cgi_basic_config_response_page      0x08003475   Thumb Code    40  httputil.o(.text.make_cgi_basic_config_response_page)
    make_http_response_head                  0x0800349d   Thumb Code    76  httpparser.o(.text.make_http_response_head)
    make_json_ain                            0x080034e9   Thumb Code    80  httputil.o(.text.make_json_ain)
    make_json_dio                            0x08003539   Thumb Code    24  httputil.o(.text.make_json_dio)
    make_json_netinfo                        0x08003551   Thumb Code   208  httputil.o(.text.make_json_netinfo)
    make_json_serial_data                    0x08003621   Thumb Code    56  httputil.o(.text.make_json_serial_data)
    mid                                      0x08003659   Thumb Code    50  httpparser.o(.text.mid)
    ntpserverdefaultconfig                   0x0800368d   Thumb Code    44  c8t6f2fucn.o(.text.ntpserverdefaultconfig)
    parseCommunity                           0x080036b9   Thumb Code   116  snmp.o(.text.parseCommunity)
    parseLength                              0x08003729   Thumb Code    56  snmp.o(.text.parseLength)
    parseRequest                             0x08003761   Thumb Code   332  snmp.o(.text.parseRequest)
    parseSNMPMessage                         0x080038a1   Thumb Code   104  snmp.o(.text.parseSNMPMessage)
    parseSequence                            0x08003901   Thumb Code   116  snmp.o(.text.parseSequence)
    parseSequenceOf                          0x0800396d   Thumb Code   140  snmp.o(.text.parseSequenceOf)
    parseTLV                                 0x080039f9   Thumb Code    62  snmp.o(.text.parseTLV)
    parseVarBind                             0x08003a39   Thumb Code   464  snmp.o(.text.parseVarBind)
    parseVersion                             0x08003c01   Thumb Code   100  snmp.o(.text.parseVersion)
    parse_http_request                       0x08003c65   Thumb Code   184  httpparser.o(.text.parse_http_request)
    predefined_get_cgi_processor             0x08003d1d   Thumb Code   244  httputil.o(.text.predefined_get_cgi_processor)
    predefined_set_cgi_processor             0x08003e11   Thumb Code   104  httputil.o(.text.predefined_set_cgi_processor)
    read_userReg_webContent                  0x08003e79   Thumb Code    60  httpserver.o(.text.read_userReg_webContent)
    recv                                     0x08003ead   Thumb Code   240  socket.o(.text.recv)
    recvfrom                                 0x08003f99   Thumb Code   552  socket.o(.text.recvfrom)
    reg_httpServer_cbfunc                    0x080041bd   Thumb Code    20  httpserver.o(.text.reg_httpServer_cbfunc)
    reg_httpServer_webContent                0x080041d1   Thumb Code    96  httpserver.o(.text.reg_httpServer_webContent)
    reg_wizchip_cs_cbfunc                    0x08004231   Thumb Code    52  wizchip_conf.o(.text.reg_wizchip_cs_cbfunc)
    reg_wizchip_spi_cbfunc                   0x08004261   Thumb Code    64  wizchip_conf.o(.text.reg_wizchip_spi_cbfunc)
    resetns                                  0x080042a1   Thumb Code    24  c8t6f2fucn.o(.text.resetns)
    saveip                                   0x080042b9   Thumb Code   168  httputil.o(.text.saveip)
    send                                     0x08004361   Thumb Code   280  socket.o(.text.send)
    sendto                                   0x08004835   Thumb Code   336  socket.o(.text.sendto)
    setEntry                                 0x08004981   Thumb Code   128  snmp.o(.text.setEntry)
    set_basic_config_setting                 0x080049fd   Thumb Code   148  httputil.o(.text.set_basic_config_setting)
    set_diodir                               0x08004a91   Thumb Code    64  httputil.o(.text.set_diodir)
    set_diostate                             0x08004ac9   Thumb Code    64  httputil.o(.text.set_diostate)
    snmp_sendTrap                            0x08004b09   Thumb Code   324  snmp.o(.text.snmp_sendTrap)
    snmpd_init                               0x08004c49   Thumb Code    44  snmp.o(.text.snmpd_init)
    snmpd_run                                0x08004c71   Thumb Code   176  snmp.o(.text.snmpd_run)
    socket                                   0x08004d21   Thumb Code   280  socket.o(.text.socket)
    sw_eeprom_stm32                          0x08004e35   Thumb Code    56  c8t6f2fucn.o(.text.sw_eeprom_stm32)
    tasks                                    0x08004e6d   Thumb Code   236  c8t6f2fucn.o(.text.tasks)
    test_eeprom                              0x08004f59   Thumb Code   408  c8t6f2fucn.o(.text.test_eeprom)
    unescape_http_url                        0x080050f1   Thumb Code    56  httpparser.o(.text.unescape_http_url)
    w5500_lib_init                           0x08005129   Thumb Code   248  w5500lib_init.o(.text.w5500_lib_init)
    wiz_recv_data                            0x08005221   Thumb Code    84  w5500.o(.text.wiz_recv_data)
    wiz_recv_ignore                          0x08005275   Thumb Code    60  w5500.o(.text.wiz_recv_ignore)
    wiz_send_data                            0x080052b1   Thumb Code    84  w5500.o(.text.wiz_send_data)
    wizchip_bus_readdata                     0x08005305   Thumb Code     4  wizchip_conf.o(.text.wizchip_bus_readdata)
    wizchip_bus_writedata                    0x08005309   Thumb Code     4  wizchip_conf.o(.text.wizchip_bus_writedata)
    wizchip_clrinterrupt                     0x0800530d   Thumb Code    30  wizchip_conf.o(.text.wizchip_clrinterrupt)
    wizchip_cris_enter                       0x0800532b   Thumb Code     2  wizchip_conf.o(.text.wizchip_cris_enter)
    wizchip_cris_exit                        0x0800532d   Thumb Code     2  wizchip_conf.o(.text.wizchip_cris_exit)
    wizchip_cs_deselect                      0x0800532f   Thumb Code     2  wizchip_conf.o(.text.wizchip_cs_deselect)
    wizchip_cs_select                        0x08005331   Thumb Code     2  wizchip_conf.o(.text.wizchip_cs_select)
    wizchip_deselect                         0x08005335   Thumb Code    12  w5500lib_init.o(.text.wizchip_deselect)
    wizchip_getinterrupt                     0x0800533d   Thumb Code    30  wizchip_conf.o(.text.wizchip_getinterrupt)
    wizchip_getinterruptmask                 0x0800535b   Thumb Code    26  wizchip_conf.o(.text.wizchip_getinterruptmask)
    wizchip_getnetinfo                       0x08005375   Thumb Code    84  wizchip_conf.o(.text.wizchip_getnetinfo)
    wizchip_getnetmode                       0x080053c1   Thumb Code     6  wizchip_conf.o(.text.wizchip_getnetmode)
    wizchip_gettimeout                       0x080053c9   Thumb Code    40  wizchip_conf.o(.text.wizchip_gettimeout)
    wizchip_init                             0x080053f1   Thumb Code   124  wizchip_conf.o(.text.wizchip_init)
    wizchip_read                             0x0800546d   Thumb Code    52  w5500lib_init.o(.text.wizchip_read)
    wizchip_select                           0x0800549d   Thumb Code    12  w5500lib_init.o(.text.wizchip_select)
    wizchip_setinterruptmask                 0x080054a9   Thumb Code    28  wizchip_conf.o(.text.wizchip_setinterruptmask)
    wizchip_setnetinfo                       0x080054c5   Thumb Code    84  wizchip_conf.o(.text.wizchip_setnetinfo)
    wizchip_setnetmode                       0x08005515   Thumb Code    36  wizchip_conf.o(.text.wizchip_setnetmode)
    wizchip_settimeout                       0x08005539   Thumb Code    40  wizchip_conf.o(.text.wizchip_settimeout)
    wizchip_spi_readbyte                     0x08005561   Thumb Code     4  wizchip_conf.o(.text.wizchip_spi_readbyte)
    wizchip_spi_writebyte                    0x08005565   Thumb Code     2  wizchip_conf.o(.text.wizchip_spi_writebyte)
    wizchip_sw_reset                         0x08005569   Thumb Code   128  wizchip_conf.o(.text.wizchip_sw_reset)
    wizchip_write                            0x080055e9   Thumb Code    52  w5500lib_init.o(.text.wizchip_write)
    wizphy_getphyconf                        0x0800561d   Thumb Code   104  wizchip_conf.o(.text.wizphy_getphyconf)
    wizphy_getphylink                        0x08005685   Thumb Code    16  wizchip_conf.o(.text.wizphy_getphylink)
    wizphy_getphypmode                       0x08005695   Thumb Code    24  wizchip_conf.o(.text.wizphy_getphypmode)
    wizphy_reset                             0x080056ad   Thumb Code    46  wizchip_conf.o(.text.wizphy_reset)
    wizphy_setphyconf                        0x080056db   Thumb Code    76  wizchip_conf.o(.text.wizphy_setphyconf)
    wizphy_setphypmode                       0x08005727   Thumb Code    80  wizchip_conf.o(.text.wizphy_setphypmode)
    wzn_event_handle                         0x08005779   Thumb Code   124  c8t6f2fucn.o(.text.wzn_event_handle)
    __0printf                                0x080057f5   Thumb Code    22  printfa.o(i.__0printf)
    __1printf                                0x080057f5   Thumb Code     0  printfa.o(i.__0printf)
    __2printf                                0x080057f5   Thumb Code     0  printfa.o(i.__0printf)
    __c89printf                              0x080057f5   Thumb Code     0  printfa.o(i.__0printf)
    printf                                   0x080057f5   Thumb Code     0  printfa.o(i.__0printf)
    __0sprintf                               0x08005815   Thumb Code    34  printfa.o(i.__0sprintf)
    __1sprintf                               0x08005815   Thumb Code     0  printfa.o(i.__0sprintf)
    __2sprintf                               0x08005815   Thumb Code     0  printfa.o(i.__0sprintf)
    __c89sprintf                             0x08005815   Thumb Code     0  printfa.o(i.__0sprintf)
    sprintf                                  0x08005815   Thumb Code     0  printfa.o(i.__0sprintf)
    __scatterload_copy                       0x0800583d   Thumb Code    14  handlers.o(i.__scatterload_copy)
    __scatterload_null                       0x0800584b   Thumb Code     2  handlers.o(i.__scatterload_null)
    __scatterload_zeroinit                   0x0800584d   Thumb Code    14  handlers.o(i.__scatterload_zeroinit)
    malloc                                   0x08006119   Thumb Code    92  malloc.o(i.malloc)
    puts                                     0x08006185   Thumb Code    30  puts.o(i.puts)
    AHBPrescTable                            0x08006268   Data          16  system_stm32f10x.o(.rodata.AHBPrescTable)
    RX_BUFFER_SIZE0                          0x0800639a   Data           1  stm32f10x_it.o(.rodata.RX_BUFFER_SIZE0)
    maxData                                  0x0800639c   Data           4  snmp_custom.o(.rodata.maxData)
    Region$$Table$$Base                      0x0800ab48   Number         0  anon$$obj.o(Region$$Table)
    Region$$Table$$Limit                     0x0800ab68   Number         0  anon$$obj.o(Region$$Table)
    __stdout                                 0x20000004   Data           4  stdout.o(.data)
    __microlib_freelist                      0x20000008   Data           4  mvars.o(.data)
    __microlib_freelist_initialised          0x2000000c   Data           4  mvars.o(.data)
    managerIP                                0x20000010   Data           4  c8t6f2fucn.o(.data..L_MergedGlobals)
    agentIP                                  0x20000014   Data           4  c8t6f2fucn.o(.data..L_MergedGlobals)
    gWIZNETINFO                              0x20000018   Data          23  c8t6f2fucn.o(.data..L_MergedGlobals)
    task1s                                   0x20000030   Data           4  stm32f10x_it.o(.data..L_MergedGlobals)
    task100ms                                0x20000034   Data           4  stm32f10x_it.o(.data..L_MergedGlobals)
    u1out                                    0x20000038   Data           4  stm32f10x_it.o(.data..L_MergedGlobals)
    u2out                                    0x2000003c   Data           4  stm32f10x_it.o(.data..L_MergedGlobals)
    HTTPServer_ReStart                       0x20000040   Data           4  httpserver.o(.data..L_MergedGlobals)
    HTTPServer_WDT_Reset                     0x20000044   Data           4  httpserver.o(.data..L_MergedGlobals)
    SystemCoreClock                          0x20000048   Data           4  system_stm32f10x.o(.data.SystemCoreClock)
    VirtAddVarTab                            0x2000004c   Data           6  eeprom_stm.o(.data.VirtAddVarTab)
    WIZCHIP                                  0x20000054   Data          44  wizchip_conf.o(.data.WIZCHIP)
    snmpData                                 0x20000080   Data        1056  snmp_custom.o(.data.snmpData)
    socknumlist                              0x200004a2   Data           3  c8t6f2fucn.o(.data.socknumlist)
    unixTime_last_sync                       0x200004a8   Data           4  c8t6f2fucn.o(.data.unixTime_last_sync)
    sock_pack_info                           0x200004ba   Data           8  socket.o(.bss..L_MergedGlobals)
    errorIndex                               0x200004d6   Data           1  snmp.o(.bss..L_MergedGlobals)
    errorStatus                              0x200004d7   Data           1  snmp.o(.bss..L_MergedGlobals)
    snmp_tick_1ms                            0x200004d8   Data           4  snmp.o(.bss..L_MergedGlobals)
    USART1_index                             0x200004e0   Data           1  stm32f10x_it.o(.bss..L_MergedGlobals.1)
    count1ms                                 0x200004e2   Data           2  stm32f10x_it.o(.bss..L_MergedGlobals.1)
    phystatus_check_cnt                      0x200004e4   Data           2  stm32f10x_it.o(.bss..L_MergedGlobals.1)
    TimingDelay                              0x200004e8   Data           4  stm32f10x_it.o(.bss..L_MergedGlobals.1)
    USART1_rx_data_buff                      0x200004ec   Data          20  stm32f10x_it.o(.bss..L_MergedGlobals.1)
    PHYStatus_check_enable                   0x20000500   Data           1  c8t6f2fucn.o(.bss..L_MergedGlobals.48)
    micros_recv                              0x20000504   Data           4  c8t6f2fucn.o(.bss..L_MergedGlobals.48)
    timerun                                  0x20000508   Data           4  c8t6f2fucn.o(.bss..L_MergedGlobals.48)
    recvTime                                 0x2000050c   Data           4  c8t6f2fucn.o(.bss..L_MergedGlobals.48)
    transmitTime                             0x20000510   Data           4  c8t6f2fucn.o(.bss..L_MergedGlobals.48)
    micros_transmit                          0x20000514   Data           4  c8t6f2fucn.o(.bss..L_MergedGlobals.48)
    serverPacket                             0x20000518   Data          48  c8t6f2fucn.o(.bss..L_MergedGlobals.48)
    pHTTP_TX                                 0x20000548   Data           4  httpserver.o(.bss..L_MergedGlobals.58)
    pHTTP_RX                                 0x2000054c   Data           4  httpserver.o(.bss..L_MergedGlobals.58)
    BUFPUB                                   0x20000564   Data         256  httpparser.o(.bss.BUFPUB)
    DataVar                                  0x20000664   Data           2  eeprom_stm.o(.bss.DataVar)
    HTTPSock_Status                          0x20000668   Data        1184  httpserver.o(.bss.HTTPSock_Status)
    RX_BUF                                   0x20000b08   Data        2048  c8t6f2fucn.o(.bss.RX_BUF)
    TX_BUF                                   0x20001308   Data        2048  c8t6f2fucn.o(.bss.TX_BUF)
    USART2_index                             0x20001b08   Data           1  uart.o(.bss.USART2_index)
    W5500RecInt                              0x20001b09   Data           1  w5500lib_init.o(.bss.W5500RecInt)
    clientPacket                             0x20001b0a   Data          56  c8t6f2fucn.o(.bss.clientPacket)
    gDATABUF                                 0x20001b42   Data        1000  c8t6f2fucn.o(.bss.gDATABUF)
    new_device_ip                            0x20001f2a   Data           4  httputil.o(.bss.new_device_ip)
    packet_trap                              0x20001f2e   Data         512  snmp.o(.bss.packet_trap)
    request_msg                              0x20002130   Data         520  snmp.o(.bss.request_msg)
    response_msg                             0x20002338   Data         520  snmp.o(.bss.response_msg)
    rx2_data_buff                            0x20002540   Data          10  uart.o(.bss.rx2_data_buff)
    web_content                              0x200025d4   Data         240  httpserver.o(.bss.web_content)
    __heap_base                              0x200026c8   Data           0  startup_stm32f10x_md.o(HEAP)
    __heap_limit                             0x200028c8   Data           0  startup_stm32f10x_md.o(HEAP)
    __initial_sp                             0x20002cc8   Data           0  startup_stm32f10x_md.o(STACK)



==============================================================================

Memory Map of the image

  Image Entry point : 0x080000ed

  Load Region LR_IROM1 (Base: 0x08000000, Size: 0x0000b018, Max: 0x00010000, ABSOLUTE, COMPRESSED[0x0000acb8])

    Execution Region ER_IROM1 (Exec base: 0x08000000, Load base: 0x08000000, Size: 0x0000ab68, Max: 0x00010000, ABSOLUTE)

    Exec Addr    Load Addr    Size         Type   Attr      Idx    E Section Name        Object

    0x08000000   0x08000000   0x000000ec   Data   RO         1613    RESET               startup_stm32f10x_md.o
    0x080000ec   0x080000ec   0x00000000   Code   RO         1635  * .ARM.Collect$$$$00000000  mc_w.l(entry.o)
    0x080000ec   0x080000ec   0x00000004   Code   RO         1971    .ARM.Collect$$$$00000001  mc_w.l(entry2.o)
    0x080000f0   0x080000f0   0x00000004   Code   RO         1974    .ARM.Collect$$$$00000004  mc_w.l(entry5.o)
    0x080000f4   0x080000f4   0x00000000   Code   RO         1976    .ARM.Collect$$$$00000008  mc_w.l(entry7b.o)
    0x080000f4   0x080000f4   0x00000000   Code   RO         1978    .ARM.Collect$$$$0000000A  mc_w.l(entry8b.o)
    0x080000f4   0x080000f4   0x00000008   Code   RO         1979    .ARM.Collect$$$$0000000B  mc_w.l(entry9a.o)
    0x080000fc   0x080000fc   0x00000000   Code   RO         1981    .ARM.Collect$$$$0000000D  mc_w.l(entry10a.o)
    0x080000fc   0x080000fc   0x00000000   Code   RO         1983    .ARM.Collect$$$$0000000F  mc_w.l(entry11a.o)
    0x080000fc   0x080000fc   0x00000004   Code   RO         1972    .ARM.Collect$$$$00002712  mc_w.l(entry2.o)
    0x08000100   0x08000100   0x00000024   Code   RO         1614    .text               startup_stm32f10x_md.o
    0x08000124   0x08000124   0x00000062   Code   RO         1642    .text               mc_w.l(uldiv.o)
    0x08000186   0x08000186   0x00000024   Code   RO         1644    .text               mc_w.l(memcpya.o)
    0x080001aa   0x080001aa   0x00000024   Code   RO         1646    .text               mc_w.l(memseta.o)
    0x080001ce   0x080001ce   0x00000018   Code   RO         1648    .text               mc_w.l(strcat.o)
    0x080001e6   0x080001e6   0x00000024   Code   RO         1650    .text               mc_w.l(strstr.o)
    0x0800020a   0x0800020a   0x00000018   Code   RO         1652    .text               mc_w.l(strncpy.o)
    0x08000222   0x08000222   0x00000014   Code   RO         1654    .text               mc_w.l(strchr.o)
    0x08000236   0x08000236   0x0000000e   Code   RO         1656    .text               mc_w.l(strlen.o)
    0x08000244   0x08000244   0x0000001c   Code   RO         1658    .text               mc_w.l(strcmp.o)
    0x08000260   0x08000260   0x0000001a   Code   RO         1660    .text               mc_w.l(memcmp.o)
    0x0800027a   0x0800027a   0x00000012   Code   RO         1662    .text               mc_w.l(strcpy.o)
    0x0800028c   0x0800028c   0x00000044   Code   RO         1664    .text               mc_w.l(strtok.o)
    0x080002d0   0x080002d0   0x0000014c   Code   RO         1963    .text               mc_w.l(_scanf_int.o)
    0x0800041c   0x0800041c   0x000000e4   Code   RO         1965    .text               mf_w.l(dmul.o)
    0x08000500   0x08000500   0x00000028   Code   RO         1967    .text               mf_w.l(dfltl.o)
    0x08000528   0x08000528   0x00000032   Code   RO         1969    .text               mf_w.l(dfixui.o)
    0x0800055a   0x0800055a   0x0000002c   Code   RO         1986    .text               mc_w.l(uidiv.o)
    0x08000586   0x08000586   0x0000001e   Code   RO         1988    .text               mc_w.l(llshl.o)
    0x080005a4   0x080005a4   0x00000020   Code   RO         1990    .text               mc_w.l(llushr.o)
    0x080005c4   0x080005c4   0x0000001c   Code   RO         1994    .text               mc_w.l(_chval.o)
    0x080005e0   0x080005e0   0x00000000   Code   RO         2000    .text               mc_w.l(iusefp.o)
    0x080005e0   0x080005e0   0x000000ba   Code   RO         2001    .text               mf_w.l(depilogue.o)
    0x0800069a   0x0800069a   0x0000014e   Code   RO         2003    .text               mf_w.l(dadd.o)
    0x080007e8   0x080007e8   0x000000de   Code   RO         2005    .text               mf_w.l(ddiv.o)
    0x080008c6   0x080008c6   0x00000030   Code   RO         2007    .text               mf_w.l(dfixul.o)
    0x080008f6   0x080008f6   0x00000002   PAD
    0x080008f8   0x080008f8   0x00000030   Code   RO         2009    .text               mf_w.l(cdrcmple.o)
    0x08000928   0x08000928   0x00000024   Code   RO         2011    .text               mc_w.l(init.o)
    0x0800094c   0x0800094c   0x00000024   Code   RO         2013    .text               mc_w.l(llsshr.o)
    0x08000970   0x08000970   0x00000056   Code   RO         2030    .text               mc_w.l(__dczerorl2.o)
    0x080009c6   0x080009c6   0x00000022   Code   RO          641    .text.ATOI          httpparser.o
    0x080009e8   0x080009e8   0x00000002   Code   RO          157    .text.BusFault_Handler  stm32f10x_it.o
    0x080009ea   0x080009ea   0x00000028   Code   RO          629    .text.C2D           httpparser.o
    0x08000a12   0x08000a12   0x00000002   Code   RO          161    .text.DebugMon_Handler  stm32f10x_it.o
    0x08000a14   0x08000a14   0x00000140   Code   RO          513    .text.Display_Net_Conf  w5500lib_init.o
    0x08000b54   0x08000b54   0x00000044   Code   RO          794    .text.EE_FindValidPage  eeprom_stm.o
    0x08000b98   0x08000b98   0x0000002c   Code   RO          788    .text.EE_Format     eeprom_stm.o
    0x08000bc4   0x08000bc4   0x0000012c   Code   RO          786    .text.EE_Init       eeprom_stm.o
    0x08000cf0   0x08000cf0   0x0000003c   Code   RO          790    .text.EE_ReadVariable  eeprom_stm.o
    0x08000d2c   0x08000d2c   0x00000050   Code   RO          792    .text.EE_VerifyPageFullWriteVariable  eeprom_stm.o
    0x08000d7c   0x08000d7c   0x0000009c   Code   RO          796    .text.EE_WriteVariable  eeprom_stm.o
    0x08000e18   0x08000e18   0x00000034   Code   RO           32    .text.EXTI3_IRQHandler  c8t6f2fucn.o
    0x08000e4c   0x08000e4c   0x0000000c   Code   RO          873    .text.EXTI_ClearITPendingBit  stm32f10x_exti.o
    0x08000e58   0x08000e58   0x00000018   Code   RO          871    .text.EXTI_GetITStatus  stm32f10x_exti.o
    0x08000e70   0x08000e70   0x00000064   Code   RO          861    .text.EXTI_Init     stm32f10x_exti.o
    0x08000ed4   0x08000ed4   0x0000003c   Code   RO          898    .text.FLASH_ErasePage  stm32f10x_flash.o
    0x08000f10   0x08000f10   0x00000028   Code   RO          938    .text.FLASH_GetBank1Status  stm32f10x_flash.o
    0x08000f38   0x08000f38   0x00000038   Code   RO          914    .text.FLASH_ProgramHalfWord  stm32f10x_flash.o
    0x08000f70   0x08000f70   0x00000018   Code   RO          890    .text.FLASH_Unlock  stm32f10x_flash.o
    0x08000f88   0x08000f88   0x00000020   Code   RO          900    .text.FLASH_WaitForLastOperation  stm32f10x_flash.o
    0x08000fa8   0x08000fa8   0x0000002c   Code   RO          981    .text.GPIO_EXTILineConfig  stm32f10x_gpio.o
    0x08000fd4   0x08000fd4   0x00000044   Code   RO         1597    .text.GPIO_GetPortClockState  gpio_stm32f10x.o
    0x08001018   0x08001018   0x000000b8   Code   RO          953    .text.GPIO_Init     stm32f10x_gpio.o
    0x080010d0   0x080010d0   0x00000070   Code   RO         1599    .text.GPIO_PinConfigure  gpio_stm32f10x.o
    0x08001140   0x08001140   0x000000d4   Code   RO         1595    .text.GPIO_PortClock  gpio_stm32f10x.o
    0x08001214   0x08001214   0x00000004   Code   RO          967    .text.GPIO_ResetBits  stm32f10x_gpio.o
    0x08001218   0x08001218   0x00000004   Code   RO          965    .text.GPIO_SetBits  stm32f10x_gpio.o
    0x0800121c   0x0800121c   0x0000003c   Code   RO           14    .text.GPIO_config   c8t6f2fucn.o
    0x08001258   0x08001258   0x00000002   Code   RO          153    .text.HardFault_Handler  stm32f10x_it.o
    0x0800125a   0x0800125a   0x00000002   PAD
    0x0800125c   0x0800125c   0x0000000c   Code   RO         1077    .text.IWDG_Enable   stm32f10x_iwdg.o
    0x08001268   0x08001268   0x0000000c   Code   RO         1075    .text.IWDG_ReloadCounter  stm32f10x_iwdg.o
    0x08001274   0x08001274   0x0000000c   Code   RO         1071    .text.IWDG_SetPrescaler  stm32f10x_iwdg.o
    0x08001280   0x08001280   0x0000000c   Code   RO         1073    .text.IWDG_SetReload  stm32f10x_iwdg.o
    0x0800128c   0x0800128c   0x0000000c   Code   RO         1069    .text.IWDG_WriteAccessCmd  stm32f10x_iwdg.o
    0x08001298   0x08001298   0x0000002c   Code   RO           24    .text.IWDG_configuration  c8t6f2fucn.o
    0x080012c4   0x080012c4   0x00000002   Code   RO          155    .text.MemManage_Handler  stm32f10x_it.o
    0x080012c6   0x080012c6   0x00000002   Code   RO          151    .text.NMI_Handler   stm32f10x_it.o
    0x080012c8   0x080012c8   0x00000154   Code   RO            4    .text.NTPUDP        c8t6f2fucn.o
    0x0800141c   0x0800141c   0x00000058   Code   RO          811    .text.NVIC_Init     misc.o
    0x08001474   0x08001474   0x00000014   Code   RO          809    .text.NVIC_PriorityGroupConfig  misc.o
    0x08001488   0x08001488   0x00000026   Code   RO          515    .text.Net_Conf      w5500lib_init.o
    0x080014ae   0x080014ae   0x00000002   PAD
    0x080014b0   0x080014b0   0x00000024   Code   RO           10    .text.PHYStatus_Check  c8t6f2fucn.o
    0x080014d4   0x080014d4   0x00000002   Code   RO          165    .text.PendSV_Handler  stm32f10x_it.o
    0x080014d6   0x080014d6   0x00000002   PAD
    0x080014d8   0x080014d8   0x00000018   Code   RO         1159    .text.RCC_AHBPeriphClockCmd  stm32f10x_rcc.o
    0x080014f0   0x080014f0   0x00000018   Code   RO         1163    .text.RCC_APB1PeriphClockCmd  stm32f10x_rcc.o
    0x08001508   0x08001508   0x00000018   Code   RO         1167    .text.RCC_APB1PeriphResetCmd  stm32f10x_rcc.o
    0x08001520   0x08001520   0x00000018   Code   RO         1161    .text.RCC_APB2PeriphClockCmd  stm32f10x_rcc.o
    0x08001538   0x08001538   0x00000018   Code   RO         1165    .text.RCC_APB2PeriphResetCmd  stm32f10x_rcc.o
    0x08001550   0x08001550   0x00000010   Code   RO         1175    .text.RCC_ClearFlag  stm32f10x_rcc.o
    0x08001560   0x08001560   0x00000078   Code   RO         1157    .text.RCC_GetClocksFreq  stm32f10x_rcc.o
    0x080015d8   0x080015d8   0x00000028   Code   RO         1123    .text.RCC_GetFlagStatus  stm32f10x_rcc.o
    0x08001600   0x08001600   0x00000010   Code   RO          553    .text.SNMP_time_handler  snmp.o
    0x08001610   0x08001610   0x0000006c   Code   RO          495    .text.SPI1_W5500_Init  w5500lib_init.o
    0x0800167c   0x0800167c   0x00000012   Code   RO         1271    .text.SPI_Cmd       stm32f10x_spi.o
    0x0800168e   0x0800168e   0x0000000a   Code   RO         1299    .text.SPI_I2S_GetFlagStatus  stm32f10x_spi.o
    0x08001698   0x08001698   0x00000004   Code   RO         1281    .text.SPI_I2S_ReceiveData  stm32f10x_spi.o
    0x0800169c   0x0800169c   0x00000004   Code   RO         1279    .text.SPI_I2S_SendData  stm32f10x_spi.o
    0x080016a0   0x080016a0   0x00000036   Code   RO         1263    .text.SPI_Init      stm32f10x_spi.o
    0x080016d6   0x080016d6   0x00000002   Code   RO          163    .text.SVC_Handler   stm32f10x_it.o
    0x080016d8   0x080016d8   0x00000060   Code   RO          167    .text.SysTick_Handler  stm32f10x_it.o
    0x08001738   0x08001738   0x00000054   Code   RO         1623    .text.SystemCoreClockUpdate  system_stm32f10x.o
    0x0800178c   0x0800178c   0x000000f0   Code   RO         1621    .text.SystemInit    system_stm32f10x.o
    0x0800187c   0x0800187c   0x00000002   Code   RO          173    .text.TIM2_IRQHandler  stm32f10x_it.o
    0x0800187e   0x0800187e   0x00000002   Code   RO          175    .text.TIM3_IRQHandler  stm32f10x_it.o
    0x08001880   0x08001880   0x00000012   Code   RO         1354    .text.TIM_Cmd       stm32f10x_tim.o
    0x08001892   0x08001892   0x00000004   Code   RO         1482    .text.TIM_GetCounter  stm32f10x_tim.o
    0x08001896   0x08001896   0x00000010   Code   RO         1358    .text.TIM_ITConfig  stm32f10x_tim.o
    0x080018a6   0x080018a6   0x00000004   Code   RO         1460    .text.TIM_SetCounter  stm32f10x_tim.o
    0x080018aa   0x080018aa   0x00000002   PAD
    0x080018ac   0x080018ac   0x0000008c   Code   RO         1318    .text.TIM_TimeBaseInit  stm32f10x_tim.o
    0x08001938   0x08001938   0x0000003c   Code   RO          276    .text.TIM_init      tim.o
    0x08001974   0x08001974   0x00000034   Code   RO          169    .text.USART1_IRQHandler  stm32f10x_it.o
    0x080019a8   0x080019a8   0x00000074   Code   RO          121    .text.USART1_Init   uart.o
    0x08001a1c   0x08001a1c   0x00000060   Code   RO          171    .text.USART2_IRQHandler  stm32f10x_it.o
    0x08001a7c   0x08001a7c   0x00000012   Code   RO         1513    .text.USART_Cmd     stm32f10x_usart.o
    0x08001a8e   0x08001a8e   0x00000002   PAD
    0x08001a90   0x08001a90   0x00000094   Code   RO         1503    .text.USART_DeInit  stm32f10x_usart.o
    0x08001b24   0x08001b24   0x0000000a   Code   RO         1553    .text.USART_GetFlagStatus  stm32f10x_usart.o
    0x08001b2e   0x08001b2e   0x00000042   Code   RO         1557    .text.USART_GetITStatus  stm32f10x_usart.o
    0x08001b70   0x08001b70   0x0000002e   Code   RO         1515    .text.USART_ITConfig  stm32f10x_usart.o
    0x08001b9e   0x08001b9e   0x00000002   PAD
    0x08001ba0   0x08001ba0   0x000000a4   Code   RO         1505    .text.USART_Init    stm32f10x_usart.o
    0x08001c44   0x08001c44   0x00000008   Code   RO         1529    .text.USART_SendData  stm32f10x_usart.o
    0x08001c4c   0x08001c4c   0x00000020   Code   RO          123    .text.USER_UART_NVIC  uart.o
    0x08001c6c   0x08001c6c   0x00000002   Code   RO          159    .text.UsageFault_Handler  stm32f10x_it.o
    0x08001c6e   0x08001c6e   0x00000002   PAD
    0x08001c70   0x08001c70   0x00000090   Code   RO          493    .text.W5500_GPIO_Init2  w5500lib_init.o
    0x08001d00   0x08001d00   0x0000005c   Code   RO          458    .text.WIZCHIP_READ  w5500.o
    0x08001d5c   0x08001d5c   0x0000006c   Code   RO          462    .text.WIZCHIP_READ_BUF  w5500.o
    0x08001dc8   0x08001dc8   0x0000005c   Code   RO          460    .text.WIZCHIP_WRITE  w5500.o
    0x08001e24   0x08001e24   0x00000074   Code   RO          464    .text.WIZCHIP_WRITE_BUF  w5500.o
    0x08001e98   0x08001e98   0x00000024   Code   RO           28    .text.__NVIC_SystemReset  c8t6f2fucn.o
    0x08001ebc   0x08001ebc   0x0000006c   Code   RO          425    .text.close         socket.o
    0x08001f28   0x08001f28   0x0000004c   Code   RO          396    .text.ctlnetwork    wizchip_conf.o
    0x08001f74   0x08001f74   0x000000dc   Code   RO          370    .text.ctlwizchip    wizchip_conf.o
    0x08002050   0x08002050   0x0000001c   Code   RO          549    .text.currentUptime  snmp.o
    0x0800206c   0x0800206c   0x00000002   Code   RO          660    .text.default_mcu_reset  httpserver.o
    0x0800206e   0x0800206e   0x00000002   Code   RO          662    .text.default_wdt_reset  httpserver.o
    0x08002070   0x08002070   0x00000014   Code   RO          509    .text.delay_cnt     w5500lib_init.o
    0x08002084   0x08002084   0x00000022   Code   RO           80    .text.delay_ms      delay.o
    0x080020a6   0x080020a6   0x00000002   PAD
    0x080020a8   0x080020a8   0x00000080   Code   RO          431    .text.disconnect    socket.o
    0x08002128   0x08002128   0x0000011c   Code   RO          680    .text.display_reg_webContent_list  httpserver.o
    0x08002244   0x08002244   0x00000044   Code   RO          559    .text.findEntry     snmp.o
    0x08002288   0x08002288   0x0000028c   Code   RO          633    .text.find_http_uri_type  httpparser.o
    0x08002514   0x08002514   0x00000048   Code   RO          682    .text.find_userReg_webContent  httpserver.o
    0x0800255c   0x0800255c   0x00000024   Code   RO           64    .text.fputc         c8t6f2main.o
    0x08002580   0x08002580   0x000000e0   Code   RO          565    .text.getEntry      snmp.o
    0x08002660   0x08002660   0x0000001c   Code   RO          686    .text.getHTTPSequenceNum  httpserver.o
    0x0800267c   0x0800267c   0x00000044   Code   RO          561    .text.getOID        snmp.o
    0x080026c0   0x080026c0   0x00000044   Code   RO          468    .text.getSn_RX_RSR  w5500.o
    0x08002704   0x08002704   0x00000044   Code   RO          466    .text.getSn_TX_FSR  w5500.o
    0x08002748   0x08002748   0x00000020   Code   RO          563    .text.getValue      snmp.o
    0x08002768   0x08002768   0x0000003c   Code   RO          608    .text.get_LEDStatus_all  snmp_custom.o
    0x080027a4   0x080027a4   0x00000008   Code   RO          748    .text.get_S2E_Packet_pointer  configdata.o
    0x080027ac   0x080027ac   0x000000c0   Code   RO          637    .text.get_http_param_value  httpparser.o
    0x0800286c   0x0800286c   0x0000003c   Code   RO          643    .text.get_http_uri_name  httpparser.o
    0x080028a8   0x080028a8   0x00000020   Code   RO           34    .text.getns         c8t6f2fucn.o
    0x080028c8   0x080028c8   0x000000e8   Code   RO           12    .text.hardware_init  c8t6f2fucn.o
    0x080029b0   0x080029b0   0x00000018   Code   RO          664    .text.httpServer_Sockinit  httpserver.o
    0x080029c8   0x080029c8   0x00000014   Code   RO          666    .text.httpServer_init  httpserver.o
    0x080029dc   0x080029dc   0x0000050c   Code   RO          670    .text.httpServer_run  httpserver.o
    0x08002ee8   0x08002ee8   0x0000006c   Code   RO          727    .text.http_get_cgi_handler  httputil.o
    0x08002f54   0x08002f54   0x00000078   Code   RO          735    .text.http_post_cgi_handler  httputil.o
    0x08002fcc   0x08002fcc   0x00000048   Code   RO          645    .text.inet_addr_    httpparser.o
    0x08003014   0x08003014   0x00000010   Code   RO          610    .text.initTable     snmp_custom.o
    0x08003024   0x08003024   0x0000003c   Code   RO          612    .text.initial_Trap  snmp_custom.o
    0x08003060   0x08003060   0x00000050   Code   RO          573    .text.insertRespLen  snmp.o
    0x080030b0   0x080030b0   0x00000066   Code   RO          427    .text.listen        socket.o
    0x08003116   0x08003116   0x00000002   PAD
    0x08003118   0x08003118   0x00000158   Code   RO           26    .text.loadwebpages  c8t6f2fucn.o
    0x08003270   0x08003270   0x0000014c   Code   RO            6    .text.loopback_tcps  c8t6f2fucn.o
    0x080033bc   0x080033bc   0x0000000e   Code   RO           66    .text.main          c8t6f2main.o
    0x080033ca   0x080033ca   0x000000a8   Code   RO          591    .text.makeTrapVariableBindings  snmp.o
    0x08003472   0x08003472   0x00000002   PAD
    0x08003474   0x08003474   0x00000028   Code   RO          731    .text.make_cgi_basic_config_response_page  httputil.o
    0x0800349c   0x0800349c   0x0000004c   Code   RO          631    .text.make_http_response_head  httpparser.o
    0x080034e8   0x080034e8   0x00000050   Code   RO          717    .text.make_json_ain  httputil.o
    0x08003538   0x08003538   0x00000018   Code   RO          715    .text.make_json_dio  httputil.o
    0x08003550   0x08003550   0x000000d0   Code   RO          713    .text.make_json_netinfo  httputil.o
    0x08003620   0x08003620   0x00000038   Code   RO          725    .text.make_json_serial_data  httputil.o
    0x08003658   0x08003658   0x00000032   Code   RO          639    .text.mid           httpparser.o
    0x0800368a   0x0800368a   0x00000002   PAD
    0x0800368c   0x0800368c   0x0000002c   Code   RO           22    .text.ntpserverdefaultconfig  c8t6f2fucn.o
    0x080036b8   0x080036b8   0x00000070   Code   RO          583    .text.parseCommunity  snmp.o
    0x08003728   0x08003728   0x00000038   Code   RO          569    .text.parseLength   snmp.o
    0x08003760   0x08003760   0x00000140   Code   RO          581    .text.parseRequest  snmp.o
    0x080038a0   0x080038a0   0x00000060   Code   RO          587    .text.parseSNMPMessage  snmp.o
    0x08003900   0x08003900   0x0000006c   Code   RO          577    .text.parseSequence  snmp.o
    0x0800396c   0x0800396c   0x0000008c   Code   RO          579    .text.parseSequenceOf  snmp.o
    0x080039f8   0x080039f8   0x0000003e   Code   RO          571    .text.parseTLV      snmp.o
    0x08003a36   0x08003a36   0x00000002   PAD
    0x08003a38   0x08003a38   0x000001c8   Code   RO          575    .text.parseVarBind  snmp.o
    0x08003c00   0x08003c00   0x00000064   Code   RO          585    .text.parseVersion  snmp.o
    0x08003c64   0x08003c64   0x000000b8   Code   RO          635    .text.parse_http_request  httpparser.o
    0x08003d1c   0x08003d1c   0x000000f4   Code   RO          711    .text.predefined_get_cgi_processor  httputil.o
    0x08003e10   0x08003e10   0x00000068   Code   RO          719    .text.predefined_set_cgi_processor  httputil.o
    0x08003e78   0x08003e78   0x00000034   Code   RO          684    .text.read_userReg_webContent  httpserver.o
    0x08003eac   0x08003eac   0x000000ec   Code   RO          435    .text.recv          socket.o
    0x08003f98   0x08003f98   0x00000224   Code   RO          439    .text.recvfrom      socket.o
    0x080041bc   0x080041bc   0x00000014   Code   RO          668    .text.reg_httpServer_cbfunc  httpserver.o
    0x080041d0   0x080041d0   0x00000060   Code   RO          678    .text.reg_httpServer_webContent  httpserver.o
    0x08004230   0x08004230   0x00000030   Code   RO          362    .text.reg_wizchip_cs_cbfunc  wizchip_conf.o
    0x08004260   0x08004260   0x00000040   Code   RO          366    .text.reg_wizchip_spi_cbfunc  wizchip_conf.o
    0x080042a0   0x080042a0   0x00000018   Code   RO           20    .text.resetns       c8t6f2fucn.o
    0x080042b8   0x080042b8   0x000000a8   Code   RO          733    .text.saveip        httputil.o
    0x08004360   0x08004360   0x00000114   Code   RO          433    .text.send          socket.o
    0x08004474   0x08004474   0x000001d8   Code   RO          672    .text.send_http_response_body  httpserver.o
    0x0800464c   0x0800464c   0x000000c0   Code   RO          690    .text.send_http_response_cgi  httpserver.o
    0x0800470c   0x0800470c   0x00000128   Code   RO          688    .text.send_http_response_header  httpserver.o
    0x08004834   0x08004834   0x0000014c   Code   RO          437    .text.sendto        socket.o
    0x08004980   0x08004980   0x0000007c   Code   RO          567    .text.setEntry      snmp.o
    0x080049fc   0x080049fc   0x00000094   Code   RO          729    .text.set_basic_config_setting  httputil.o
    0x08004a90   0x08004a90   0x00000038   Code   RO          721    .text.set_diodir    httputil.o
    0x08004ac8   0x08004ac8   0x00000040   Code   RO          723    .text.set_diostate  httputil.o
    0x08004b08   0x08004b08   0x00000140   Code   RO          593    .text.snmp_sendTrap  snmp.o
    0x08004c48   0x08004c48   0x00000028   Code   RO          555    .text.snmpd_init    snmp.o
    0x08004c70   0x08004c70   0x000000b0   Code   RO          557    .text.snmpd_run     snmp.o
    0x08004d20   0x08004d20   0x00000114   Code   RO          423    .text.socket        socket.o
    0x08004e34   0x08004e34   0x00000038   Code   RO           16    .text.sw_eeprom_stm32  c8t6f2fucn.o
    0x08004e6c   0x08004e6c   0x000000ec   Code   RO            2    .text.tasks         c8t6f2fucn.o
    0x08004f58   0x08004f58   0x00000198   Code   RO           18    .text.test_eeprom   c8t6f2fucn.o
    0x080050f0   0x080050f0   0x00000038   Code   RO          627    .text.unescape_http_url  httpparser.o
    0x08005128   0x08005128   0x000000f8   Code   RO          511    .text.w5500_lib_init  w5500lib_init.o
    0x08005220   0x08005220   0x00000054   Code   RO          472    .text.wiz_recv_data  w5500.o
    0x08005274   0x08005274   0x0000003c   Code   RO          474    .text.wiz_recv_ignore  w5500.o
    0x080052b0   0x080052b0   0x00000054   Code   RO          470    .text.wiz_send_data  w5500.o
    0x08005304   0x08005304   0x00000004   Code   RO          348    .text.wizchip_bus_readdata  wizchip_conf.o
    0x08005308   0x08005308   0x00000004   Code   RO          350    .text.wizchip_bus_writedata  wizchip_conf.o
    0x0800530c   0x0800530c   0x0000001e   Code   RO          376    .text.wizchip_clrinterrupt  wizchip_conf.o
    0x0800532a   0x0800532a   0x00000002   Code   RO          340    .text.wizchip_cris_enter  wizchip_conf.o
    0x0800532c   0x0800532c   0x00000002   Code   RO          342    .text.wizchip_cris_exit  wizchip_conf.o
    0x0800532e   0x0800532e   0x00000002   Code   RO          346    .text.wizchip_cs_deselect  wizchip_conf.o
    0x08005330   0x08005330   0x00000002   Code   RO          344    .text.wizchip_cs_select  wizchip_conf.o
    0x08005332   0x08005332   0x00000002   PAD
    0x08005334   0x08005334   0x00000008   Code   RO          501    .text.wizchip_deselect  w5500lib_init.o
    0x0800533c   0x0800533c   0x0000001e   Code   RO          378    .text.wizchip_getinterrupt  wizchip_conf.o
    0x0800535a   0x0800535a   0x0000001a   Code   RO          382    .text.wizchip_getinterruptmask  wizchip_conf.o
    0x08005374   0x08005374   0x0000004c   Code   RO          400    .text.wizchip_getnetinfo  wizchip_conf.o
    0x080053c0   0x080053c0   0x00000006   Code   RO          404    .text.wizchip_getnetmode  wizchip_conf.o
    0x080053c6   0x080053c6   0x00000002   PAD
    0x080053c8   0x080053c8   0x00000028   Code   RO          408    .text.wizchip_gettimeout  wizchip_conf.o
    0x080053f0   0x080053f0   0x0000007c   Code   RO          374    .text.wizchip_init  wizchip_conf.o
    0x0800546c   0x0800546c   0x00000030   Code   RO          507    .text.wizchip_read  w5500lib_init.o
    0x0800549c   0x0800549c   0x0000000c   Code   RO          499    .text.wizchip_select  w5500lib_init.o
    0x080054a8   0x080054a8   0x0000001c   Code   RO          380    .text.wizchip_setinterruptmask  wizchip_conf.o
    0x080054c4   0x080054c4   0x00000050   Code   RO          398    .text.wizchip_setnetinfo  wizchip_conf.o
    0x08005514   0x08005514   0x00000024   Code   RO          402    .text.wizchip_setnetmode  wizchip_conf.o
    0x08005538   0x08005538   0x00000028   Code   RO          406    .text.wizchip_settimeout  wizchip_conf.o
    0x08005560   0x08005560   0x00000004   Code   RO          352    .text.wizchip_spi_readbyte  wizchip_conf.o
    0x08005564   0x08005564   0x00000002   Code   RO          354    .text.wizchip_spi_writebyte  wizchip_conf.o
    0x08005566   0x08005566   0x00000002   PAD
    0x08005568   0x08005568   0x00000080   Code   RO          372    .text.wizchip_sw_reset  wizchip_conf.o
    0x080055e8   0x080055e8   0x00000034   Code   RO          505    .text.wizchip_write  w5500lib_init.o
    0x0800561c   0x0800561c   0x00000068   Code   RO          388    .text.wizphy_getphyconf  wizchip_conf.o
    0x08005684   0x08005684   0x00000010   Code   RO          394    .text.wizphy_getphylink  wizchip_conf.o
    0x08005694   0x08005694   0x00000018   Code   RO          392    .text.wizphy_getphypmode  wizchip_conf.o
    0x080056ac   0x080056ac   0x0000002e   Code   RO          384    .text.wizphy_reset  wizchip_conf.o
    0x080056da   0x080056da   0x0000004c   Code   RO          386    .text.wizphy_setphyconf  wizchip_conf.o
    0x08005726   0x08005726   0x00000050   Code   RO          390    .text.wizphy_setphypmode  wizchip_conf.o
    0x08005776   0x08005776   0x00000002   PAD
    0x08005778   0x08005778   0x0000007c   Code   RO            8    .text.wzn_event_handle  c8t6f2fucn.o
    0x080057f4   0x080057f4   0x00000020   Code   RO         1905    i.__0printf         mc_w.l(printfa.o)
    0x08005814   0x08005814   0x00000028   Code   RO         1907    i.__0sprintf        mc_w.l(printfa.o)
    0x0800583c   0x0800583c   0x0000000e   Code   RO         2024    i.__scatterload_copy  mc_w.l(handlers.o)
    0x0800584a   0x0800584a   0x00000002   Code   RO         2025    i.__scatterload_null  mc_w.l(handlers.o)
    0x0800584c   0x0800584c   0x0000000e   Code   RO         2026    i.__scatterload_zeroinit  mc_w.l(handlers.o)
    0x0800585a   0x0800585a   0x00000002   PAD
    0x0800585c   0x0800585c   0x00000184   Code   RO         1912    i._fp_digits        mc_w.l(printfa.o)
    0x080059e0   0x080059e0   0x000006dc   Code   RO         1913    i._printf_core      mc_w.l(printfa.o)
    0x080060bc   0x080060bc   0x00000024   Code   RO         1914    i._printf_post_padding  mc_w.l(printfa.o)
    0x080060e0   0x080060e0   0x0000002e   Code   RO         1915    i._printf_pre_padding  mc_w.l(printfa.o)
    0x0800610e   0x0800610e   0x0000000a   Code   RO         1917    i._sputc            mc_w.l(printfa.o)
    0x08006118   0x08006118   0x0000006c   Code   RO         1934    i.malloc            mc_w.l(malloc.o)
    0x08006184   0x08006184   0x00000024   Code   RO         1638    i.puts              mc_w.l(puts.o)
    0x080061a8   0x080061a8   0x00000002   Data   RO           48    .rodata..L.str.26   c8t6f2fucn.o
    0x080061aa   0x080061aa   0x00000002   Data   RO          648    .rodata..L.str.58   httpparser.o
    0x080061ac   0x080061ac   0x00000058   Data   RO          617    .rodata..L__const.initial_Trap.enterprise_oid  snmp_custom.o
    0x08006204   0x08006204   0x00000060   Data   RO          650    .rodata..Lswitch.table.make_http_response_head  httpparser.o
    0x08006264   0x08006264   0x00000004   Data   RO         1182    .rodata.ADCPrescTable  stm32f10x_rcc.o
    0x08006268   0x08006268   0x00000010   Data   RO         1626    .rodata.AHBPrescTable  system_stm32f10x.o
    0x08006278   0x08006278   0x00000010   Data   RO         1181    .rodata.APBAHBPrescTable  stm32f10x_rcc.o
    0x08006288   0x08006288   0x00000099   Data   RO          699    .rodata.ERROR_HTML_PAGE  httpserver.o
    0x08006321   0x08006321   0x00000003   PAD
    0x08006324   0x08006324   0x00000076   Data   RO          698    .rodata.ERROR_REQUEST_PAGE  httpserver.o
    0x0800639a   0x0800639a   0x00000001   Data   RO          177    .rodata.RX_BUFFER_SIZE0  stm32f10x_it.o
    0x0800639b   0x0800639b   0x00000001   PAD
    0x0800639c   0x0800639c   0x00000004   Data   RO          615    .rodata.maxData     snmp_custom.o
    0x080063a0   0x080063a0   0x00003b40   Data   RO           44    .rodata.str1.1      c8t6f2fucn.o
    0x08009ee0   0x08009ee0   0x00000039   Data   RO          518    .rodata.str1.1      w5500lib_init.o
    0x08009f19   0x08009f19   0x00000003   Data   RO          616    .rodata.str1.1      snmp_custom.o
    0x08009f1c   0x08009f1c   0x00000493   Data   RO          647    .rodata.str1.1      httpparser.o
    0x0800a3af   0x0800a3af   0x000004ae   Data   RO          694    .rodata.str1.1      httpserver.o
    0x0800a85d   0x0800a85d   0x000002b9   Data   RO          737    .rodata.str1.1      httputil.o
    0x0800ab16   0x0800ab16   0x00000002   PAD
    0x0800ab18   0x0800ab18   0x0000002f   Data   RO          697    .rodata.str1.4      httpserver.o
    0x0800ab47   0x0800ab47   0x00000001   PAD
    0x0800ab48   0x0800ab48   0x00000020   Data   RO         2023    Region$$Table       anon$$obj.o


    Execution Region RW_IRAM1 (Exec base: 0x20000000, Load base: 0x0800ab68, Size: 0x00002cc8, Max: 0x00005000, ABSOLUTE, COMPRESSED[0x00000150])

    Exec Addr    Load Addr    Size         Type   Attr      Idx    E Section Name        Object

    0x20000000   COMPRESSED   0x00000004   Data   RW         1665    .data               mc_w.l(strtok.o)
    0x20000004   COMPRESSED   0x00000004   Data   RW         1985    .data               mc_w.l(stdout.o)
    0x20000008   COMPRESSED   0x00000004   Data   RW         1992    .data               mc_w.l(mvars.o)
    0x2000000c   COMPRESSED   0x00000004   Data   RW         1993    .data               mc_w.l(mvars.o)
    0x20000010   COMPRESSED   0x0000001f   Data   RW           53    .data..L_MergedGlobals  c8t6f2fucn.o
    0x2000002f   COMPRESSED   0x00000001   PAD
    0x20000030   COMPRESSED   0x00000010   Data   RW          178    .data..L_MergedGlobals  stm32f10x_it.o
    0x20000040   COMPRESSED   0x00000008   Data   RW          700    .data..L_MergedGlobals  httpserver.o
    0x20000048   COMPRESSED   0x00000004   Data   RW         1625    .data.SystemCoreClock  system_stm32f10x.o
    0x2000004c   COMPRESSED   0x00000006   Data   RW          799    .data.VirtAddVarTab  eeprom_stm.o
    0x20000052   COMPRESSED   0x00000002   PAD
    0x20000054   COMPRESSED   0x0000002c   Data   RW          412    .data.WIZCHIP       wizchip_conf.o
    0x20000080   COMPRESSED   0x00000420   Data   RW          614    .data.snmpData      snmp_custom.o
    0x200004a0   COMPRESSED   0x00000002   Data   RW          447    .data.sock_any_port  socket.o
    0x200004a2   COMPRESSED   0x00000003   Data   RW           40    .data.socknumlist   c8t6f2fucn.o
    0x200004a5   COMPRESSED   0x00000003   PAD
    0x200004a8   COMPRESSED   0x00000004   Data   RW           41    .data.unixTime_last_sync  c8t6f2fucn.o
    0x200004ac   COMPRESSED   0x00000004   PAD
    0x200004b0        -       0x00000005   Zero   RW          413    .bss..L_MergedGlobals  wizchip_conf.o
    0x200004b5   COMPRESSED   0x00000001   PAD
    0x200004b6        -       0x0000001c   Zero   RW          448    .bss..L_MergedGlobals  socket.o
    0x200004d2   COMPRESSED   0x00000002   PAD
    0x200004d4        -       0x0000000c   Zero   RW          598    .bss..L_MergedGlobals  snmp.o
    0x200004e0        -       0x00000020   Zero   RW          179    .bss..L_MergedGlobals.1  stm32f10x_it.o
    0x20000500        -       0x00000048   Zero   RW           54    .bss..L_MergedGlobals.48  c8t6f2fucn.o
    0x20000548        -       0x0000001c   Zero   RW          701    .bss..L_MergedGlobals.58  httpserver.o
    0x20000564        -       0x00000100   Zero   RW          649    .bss.BUFPUB         httpparser.o
    0x20000664        -       0x00000002   Zero   RW          798    .bss.DataVar        eeprom_stm.o
    0x20000666   COMPRESSED   0x00000002   PAD
    0x20000668        -       0x000004a0   Zero   RW          693    .bss.HTTPSock_Status  httpserver.o
    0x20000b08        -       0x00000800   Zero   RW           47    .bss.RX_BUF         c8t6f2fucn.o
    0x20001308        -       0x00000800   Zero   RW           46    .bss.TX_BUF         c8t6f2fucn.o
    0x20001b08        -       0x00000001   Zero   RW          139    .bss.USART2_index   uart.o
    0x20001b09        -       0x00000001   Zero   RW          517    .bss.W5500RecInt    w5500lib_init.o
    0x20001b0a        -       0x00000038   Zero   RW           42    .bss.clientPacket   c8t6f2fucn.o
    0x20001b42        -       0x000003e8   Zero   RW           45    .bss.gDATABUF       c8t6f2fucn.o
    0x20001f2a        -       0x00000004   Zero   RW          738    .bss.new_device_ip  httputil.o
    0x20001f2e        -       0x00000200   Zero   RW          595    .bss.packet_trap    snmp.o
    0x2000212e   COMPRESSED   0x00000002   PAD
    0x20002130        -       0x00000208   Zero   RW          596    .bss.request_msg    snmp.o
    0x20002338        -       0x00000208   Zero   RW          597    .bss.response_msg   snmp.o
    0x20002540        -       0x0000000a   Zero   RW          141    .bss.rx2_data_buff  uart.o
    0x2000254a        -       0x00000085   Zero   RW          776    .bss.s2e_packet     configdata.o
    0x200025cf   COMPRESSED   0x00000001   PAD
    0x200025d0        -       0x00000002   Zero   RW          695    .bss.total_content_cnt  httpserver.o
    0x200025d2   COMPRESSED   0x00000002   PAD
    0x200025d4        -       0x000000f0   Zero   RW          696    .bss.web_content    httpserver.o
    0x200026c4   COMPRESSED   0x00000004   PAD
    0x200026c8        -       0x00000200   Zero   RW         1612    HEAP                startup_stm32f10x_md.o
    0x200028c8        -       0x00000400   Zero   RW         1611    STACK               startup_stm32f10x_md.o


==============================================================================

Image component sizes


      Code (inc. data)   RO Data    RW Data    ZI Data      Debug   Object Name

      2400        680      15170         38       5224      12087   c8t6f2fucn.o
        50          4          0          0          0       1610   c8t6f2main.o
         8          4          0          0        133       4982   configdata.o
        34          0          0          0          0        851   delay.o
       708         20          0          6          2       4676   eeprom_stm.o
       392         52          0          0          0       5116   gpio_stm32f10x.o
      1416        352       1269          0        256       5217   httpparser.o
      2852        868       1516          8       1454       8798   httpserver.o
      1420        312        697          0          4       7153   httputil.o
       108         12          0          0          0       3423   misc.o
      2794        104          0          0       1564      12848   snmp.o
       136         60         95       1056          0       1681   snmp_custom.o
      2006         12          0          2         28       7678   socket.o
        36          8        236          0       1536        832   startup_stm32f10x_md.o
       136          8          0          0          0       2928   stm32f10x_exti.o
       212         20          0          0          0       7944   stm32f10x_flash.o
       236          4          0          0          0       5748   stm32f10x_gpio.o
       264         16          1         16         32       2915   stm32f10x_it.o
        60         12          0          0          0       1807   stm32f10x_iwdg.o
       296         32         20          0          0       7928   stm32f10x_rcc.o
        90          0          0          0          0       6751   stm32f10x_spi.o
       182         24          0          0          0      23740   stm32f10x_tim.o
       460         20          0          0          0       7604   stm32f10x_usart.o
       324         40         16          4          0       2712   system_stm32f10x.o
        60          4          0          0          0       5592   tim.o
       148          0          0          0         11       5885   uart.o
       772          0          0          0          0       3803   w5500.o
       998        288         57          0          1       8469   w5500lib_init.o
      1420         74          0         44          5      10234   wizchip_conf.o

    ----------------------------------------------------------------------
     20050       3030      19116       1180      10268     181012   Object Totals
         0          0         32          0          0          0   (incl. Generated)
        32          0          7          6         18          0   (incl. Padding)

    ----------------------------------------------------------------------

      Code (inc. data)   RO Data    RW Data    ZI Data      Debug   Library Member Name

        86          0          0          0          0          0   __dczerorl2.o
        28          0          0          0          0         68   _chval.o
       332          0          0          0          0         96   _scanf_int.o
         0          0          0          0          0          0   entry.o
         0          0          0          0          0          0   entry10a.o
         0          0          0          0          0          0   entry11a.o
         8          4          0          0          0          0   entry2.o
         4          0          0          0          0          0   entry5.o
         0          0          0          0          0          0   entry7b.o
         0          0          0          0          0          0   entry8b.o
         8          4          0          0          0          0   entry9a.o
        30          0          0          0          0          0   handlers.o
        36          8          0          0          0         68   init.o
         0          0          0          0          0          0   iusefp.o
        30          0          0          0          0         68   llshl.o
        36          0          0          0          0         68   llsshr.o
        32          0          0          0          0         68   llushr.o
       108         16          0          0          0         84   malloc.o
        26          0          0          0          0         80   memcmp.o
        36          0          0          0          0         68   memcpya.o
        36          0          0          0          0        108   memseta.o
         0          0          0          8          0          0   mvars.o
      2308         96          0          0          0        604   printfa.o
        36          6          0          0          0         80   puts.o
         0          0          0          4          0          0   stdout.o
        24          0          0          0          0         68   strcat.o
        20          0          0          0          0         68   strchr.o
        28          0          0          0          0         76   strcmp.o
        18          0          0          0          0         68   strcpy.o
        14          0          0          0          0         68   strlen.o
        24          0          0          0          0         76   strncpy.o
        36          0          0          0          0         80   strstr.o
        68          6          0          4          0         80   strtok.o
        44          0          0          0          0         80   uidiv.o
        98          0          0          0          0         92   uldiv.o
        48          0          0          0          0         68   cdrcmple.o
       334          0          0          0          0        148   dadd.o
       222          0          0          0          0        100   ddiv.o
       186          0          0          0          0        176   depilogue.o
        50          0          0          0          0         76   dfixui.o
        48          0          0          0          0         68   dfixul.o
        40          0          0          0          0         80   dfltl.o
       228          0          0          0          0         96   dmul.o

    ----------------------------------------------------------------------
      4714        140          0         16          0       3028   Library Totals
         4          0          0          0          0          0   (incl. Padding)

    ----------------------------------------------------------------------

      Code (inc. data)   RO Data    RW Data    ZI Data      Debug   Library Name

      3554        140          0         16          0       2216   mc_w.l
      1156          0          0          0          0        812   mf_w.l

    ----------------------------------------------------------------------
      4714        140          0         16          0       3028   Library Totals

    ----------------------------------------------------------------------

==============================================================================


      Code (inc. data)   RO Data    RW Data    ZI Data      Debug   

     24764       3170      19116       1196      10268     182124   Grand Totals
     24764       3170      19116        336      10268     182124   ELF Image Totals (compressed)
     24764       3170      19116        336          0          0   ROM Totals

==============================================================================

    Total RO  Size (Code + RO Data)                43880 (  42.85kB)
    Total RW  Size (RW Data + ZI Data)             11464 (  11.20kB)
    Total ROM Size (Code + RO Data + RW Data)      44216 (  43.18kB)

==============================================================================

